Component: ARM Compiler 5.06 update 6 (build 750) Tool: armlink [4d35ed]

==============================================================================

Section Cross References

    startup_stm32f40_41xxx.o(STACK) refers (Special) to heapauxi.o(.text) for __use_two_region_memory
    startup_stm32f40_41xxx.o(HEAP) refers (Special) to heapauxi.o(.text) for __use_two_region_memory
    startup_stm32f40_41xxx.o(RESET) refers (Special) to heapauxi.o(.text) for __use_two_region_memory
    startup_stm32f40_41xxx.o(RESET) refers to startup_stm32f40_41xxx.o(STACK) for __initial_sp
    startup_stm32f40_41xxx.o(RESET) refers to startup_stm32f40_41xxx.o(.text) for Reset_Handler
    startup_stm32f40_41xxx.o(RESET) refers to port.o(.emb_text) for SVC_Handler
    startup_stm32f40_41xxx.o(RESET) refers to port.o(i.SysTick_Handler) for SysTick_Handler
    startup_stm32f40_41xxx.o(RESET) refers to rtc.o(i.RTC_WKUP_IRQHandler) for RTC_WKUP_IRQHandler
    startup_stm32f40_41xxx.o(RESET) refers to 4g.o(i.USART1_IRQHandler) for USART1_IRQHandler
    startup_stm32f40_41xxx.o(RESET) refers to wifi.o(i.USART2_IRQHandler) for USART2_IRQHandler
    startup_stm32f40_41xxx.o(RESET) refers to rs232.o(i.USART3_IRQHandler) for USART3_IRQHandler
    startup_stm32f40_41xxx.o(RESET) refers to rtc.o(i.RTC_Alarm_IRQHandler) for RTC_Alarm_IRQHandler
    startup_stm32f40_41xxx.o(RESET) refers to sd_sdio.o(i.SDIO_IRQHandler) for SDIO_IRQHandler
    startup_stm32f40_41xxx.o(RESET) refers to scanner.o(i.UART4_IRQHandler) for UART4_IRQHandler
    startup_stm32f40_41xxx.o(RESET) refers to rs485.o(i.USART6_IRQHandler) for USART6_IRQHandler
    startup_stm32f40_41xxx.o(.text) refers (Special) to heapauxi.o(.text) for __use_two_region_memory
    startup_stm32f40_41xxx.o(.text) refers to system_stm32f4xx.o(i.SystemInit) for SystemInit
    startup_stm32f40_41xxx.o(.text) refers to __main.o(!!!main) for __main
    startup_stm32f40_41xxx.o(.text) refers to startup_stm32f40_41xxx.o(HEAP) for Heap_Mem
    startup_stm32f40_41xxx.o(.text) refers to startup_stm32f40_41xxx.o(STACK) for Stack_Mem
    system_stm32f4xx.o(i.SystemCoreClockUpdate) refers to system_stm32f4xx.o(.data) for SystemCoreClock
    system_stm32f4xx.o(i.SystemInit) refers to system_stm32f4xx.o(i.SetSysClock) for SetSysClock
    main.o(i.main) refers to _printf_percent.o(.ARM.Collect$$_printf_percent$$00000000) for _printf_percent
    main.o(i.main) refers to _printf_s.o(.ARM.Collect$$_printf_percent$$00000014) for _printf_s
    main.o(i.main) refers to _printf_str.o(.text) for _printf_str
    main.o(i.main) refers to _printf_d.o(.ARM.Collect$$_printf_percent$$00000009) for _printf_d
    main.o(i.main) refers to _printf_dec.o(.text) for _printf_int_dec
    main.o(i.main) refers to _printf_x.o(.ARM.Collect$$_printf_percent$$0000000C) for _printf_x
    main.o(i.main) refers to _printf_hex_int.o(.text) for _printf_longlong_hex
    main.o(i.main) refers to led.o(i.LED_Init) for LED_Init
    main.o(i.main) refers to 4g.o(i.air724_4g_uartConfig) for air724_4g_uartConfig
    main.o(i.main) refers to rs232.o(i.rs232_uart_config) for rs232_uart_config
    main.o(i.main) refers to rs485.o(i.rs485_uart_config) for rs485_uart_config
    main.o(i.main) refers to scanner.o(i.scanner_232UARTConfig) for scanner_232UARTConfig
    main.o(i.main) refers to rtc.o(i.RTC__Init) for RTC__Init
    main.o(i.main) refers to sd_sdio.o(i.SD_Init) for SD_Init
    main.o(i.main) refers to ff.o(i.f_mount) for f_mount
    main.o(i.main) refers to __2printf.o(.text) for __2printf
    main.o(i.main) refers to sd_operation.o(i.sd_read_path) for sd_read_path
    main.o(i.main) refers to sd_operation.o(i.sd_read_defaultconfig) for sd_read_defaultconfig
    main.o(i.main) refers to sd_operation.o(i.sd_read_dev_firmware_version) for sd_read_dev_firmware_version
    main.o(i.main) refers to sd_operation.o(i.sd_read_firmware_version) for sd_read_firmware_version
    main.o(i.main) refers to main.o(i.read_485dev_addr) for read_485dev_addr
    main.o(i.main) refers to main.o(i.delay_microsecond) for delay_microsecond
    main.o(i.main) refers to sd_operation.o(i.sd_read_network_config) for sd_read_network_config
    main.o(i.main) refers to wifi.o(i.wifi_init) for wifi_init
    main.o(i.main) refers to queue.o(i.xQueueCreateMutex) for xQueueCreateMutex
    main.o(i.main) refers to tasks.o(i.xTaskCreate) for xTaskCreate
    main.o(i.main) refers to tasks.o(i.vTaskStartScheduler) for vTaskStartScheduler
    main.o(i.main) refers to main.o(.bss) for this_fs
    main.o(i.main) refers to main.o(.data) for flagSDReady
    main.o(i.main) refers to makedata.o(.bss) for http_key
    main.o(i.main) refers to rs485.o(.data) for devID_master
    main.o(i.main) refers to main.o(i.polling_Task) for polling_Task
    main.o(i.polling_Task) refers to __2printf.o(.text) for __2printf
    main.o(i.polling_Task) refers to queue.o(i.xQueueCreateMutex) for xQueueCreateMutex
[...]
    __aeabi_dneg                             0x0801a8b1   Thumb Code     0  basic.o(x$fpl$basic)
    _dneg                                    0x0801a8b1   Thumb Code     6  basic.o(x$fpl$basic)
    __aeabi_fneg                             0x0801a8b7   Thumb Code     0  basic.o(x$fpl$basic)
    _fneg                                    0x0801a8b7   Thumb Code     6  basic.o(x$fpl$basic)
    _dabs                                    0x0801a8bd   Thumb Code     6  basic.o(x$fpl$basic)
    _fabs                                    0x0801a8c3   Thumb Code     6  basic.o(x$fpl$basic)
    __aeabi_d2f                              0x0801a8c9   Thumb Code     0  d2f.o(x$fpl$d2f)
    _d2f                                     0x0801a8c9   Thumb Code    98  d2f.o(x$fpl$d2f)
    __aeabi_dadd                             0x0801a92d   Thumb Code     0  daddsub_clz.o(x$fpl$dadd)
    _dadd                                    0x0801a92d   Thumb Code   332  daddsub_clz.o(x$fpl$dadd)
    __fpl_dcheck_NaN1                        0x0801aa7d   Thumb Code    10  dcheck1.o(x$fpl$dcheck1)
    __fpl_dcmp_Inf                           0x0801aa8d   Thumb Code    24  dcmpi.o(x$fpl$dcmpinf)
    __aeabi_ddiv                             0x0801aaa5   Thumb Code     0  ddiv.o(x$fpl$ddiv)
    _ddiv                                    0x0801aaa5   Thumb Code   552  ddiv.o(x$fpl$ddiv)
    __aeabi_cdcmpeq                          0x0801ad55   Thumb Code     0  deqf.o(x$fpl$deqf)
    _dcmpeq                                  0x0801ad55   Thumb Code   120  deqf.o(x$fpl$deqf)
    __aeabi_d2iz                             0x0801adcd   Thumb Code     0  dfix.o(x$fpl$dfix)
    _dfix                                    0x0801adcd   Thumb Code    94  dfix.o(x$fpl$dfix)
    __aeabi_i2d                              0x0801ae2b   Thumb Code     0  dflt_clz.o(x$fpl$dflt)
    _dflt                                    0x0801ae2b   Thumb Code    46  dflt_clz.o(x$fpl$dflt)
    __aeabi_ui2d                             0x0801ae59   Thumb Code     0  dflt_clz.o(x$fpl$dfltu)
    _dfltu                                   0x0801ae59   Thumb Code    38  dflt_clz.o(x$fpl$dfltu)
    __aeabi_cdcmple                          0x0801ae81   Thumb Code     0  dleqf.o(x$fpl$dleqf)
    _dcmple                                  0x0801ae81   Thumb Code   120  dleqf.o(x$fpl$dleqf)
    __fpl_dcmple_InfNaN                      0x0801aee3   Thumb Code     0  dleqf.o(x$fpl$dleqf)
    __aeabi_dmul                             0x0801aef9   Thumb Code     0  dmul.o(x$fpl$dmul)
    _dmul                                    0x0801aef9   Thumb Code   332  dmul.o(x$fpl$dmul)
    __fpl_dnaninf                            0x0801b04d   Thumb Code   156  dnaninf.o(x$fpl$dnaninf)
    __fpl_dretinf                            0x0801b0e9   Thumb Code    12  dretinf.o(x$fpl$dretinf)
    __aeabi_cdrcmple                         0x0801b0f5   Thumb Code     0  drleqf.o(x$fpl$drleqf)
    _drcmple                                 0x0801b0f5   Thumb Code   108  drleqf.o(x$fpl$drleqf)
    __aeabi_drsub                            0x0801b161   Thumb Code     0  daddsub_clz.o(x$fpl$drsb)
    _drsb                                    0x0801b161   Thumb Code    22  daddsub_clz.o(x$fpl$drsb)
    _dsqrt                                   0x0801b179   Thumb Code   404  dsqrt_umaal.o(x$fpl$dsqrt)
    __aeabi_dsub                             0x0801b311   Thumb Code     0  daddsub_clz.o(x$fpl$dsub)
    _dsub                                    0x0801b311   Thumb Code   464  daddsub_clz.o(x$fpl$dsub)
    __aeabi_f2d                              0x0801b4e5   Thumb Code     0  f2d.o(x$fpl$f2d)
    _f2d                                     0x0801b4e5   Thumb Code    86  f2d.o(x$fpl$f2d)
    __fpl_fnaninf                            0x0801b53b   Thumb Code   140  fnaninf.o(x$fpl$fnaninf)
    _fp_init                                 0x0801b5c7   Thumb Code    10  fpinit.o(x$fpl$fpinit)
    __fplib_config_fpu_vfp                   0x0801b5cf   Thumb Code     0  fpinit.o(x$fpl$fpinit)
    __fplib_config_pureend_doubles           0x0801b5cf   Thumb Code     0  fpinit.o(x$fpl$fpinit)
    __fpl_fretinf                            0x0801b5d1   Thumb Code    10  fretinf.o(x$fpl$fretinf)
    __ieee_status                            0x0801b5db   Thumb Code     6  istatus.o(x$fpl$ieeestatus)
    _printf_fp_dec                           0x0801b5e1   Thumb Code     4  printf1.o(x$fpl$printf1)
    __fpl_return_NaN                         0x0801b5e5   Thumb Code   100  retnan.o(x$fpl$retnan)
    __ARM_scalbn                             0x0801b649   Thumb Code    92  scalbn.o(x$fpl$scalbn)
    _scanf_real                              0x0801b6a5   Thumb Code     4  scanf1.o(x$fpl$scanf1)
    _scanf_hex_real                          0x0801b6a9   Thumb Code     4  scanf2.o(x$fpl$scanf2)
    _scanf_infnan                            0x0801b6ad   Thumb Code     4  scanf2.o(x$fpl$scanf2)
    __fpl_cmpreturn                          0x0801b6b1   Thumb Code    48  trapv.o(x$fpl$trapveneer)
    __I$use$fp                               0x0801b6e0   Number         0  usenofp.o(x$fpl$usenofp)
    auchCRCHi                                0x0801c7a4   Data         256  crc16.o(.constdata)
    auchCRCLo                                0x0801c8a4   Data         256  crc16.o(.constdata)
    crc32_table                              0x0801c9a4   Data        1024  crc16.o(.constdata)
    __mathlib_zero                           0x08047a38   Data           8  qnan.o(.constdata)
    Region$$Table$$Base                      0x08047e38   Number         0  anon$$obj.o(Region$$Table)
    Region$$Table$$Limit                     0x08047e58   Number         0  anon$$obj.o(Region$$Table)
    __aeabi_HUGE_VAL                         0x08047e58   Data           0  fpconst.o(c$$dinf)
    __aeabi_HUGE_VALL                        0x08047e58   Data           0  fpconst.o(c$$dinf)
    __aeabi_INFINITY                         0x08047e58   Data           0  fpconst.o(c$$dinf)
    __dInf                                   0x08047e58   Data           0  fpconst.o(c$$dinf)
    __huge_val                               0x08047e58   Data           0  fpconst.o(c$$dinf)
    __dbl_max                                0x08047e60   Data           0  fpconst.o(c$$dmax)
    __ctype                                  0x08047e75   Data           0  lc_ctype_c.o(locale$$data)
    SystemCoreClock                          0x20000000   Data           4  system_stm32f4xx.o(.data)
    AHBPrescTable                            0x20000004   Data          16  system_stm32f4xx.o(.data)
    flagNetWorkDev                           0x20000014   Data           1  main.o(.data)
    flagNetWork                              0x20000015   Data           1  main.o(.data)
    flagServerConn                           0x20000016   Data           1  main.o(.data)
    flagSDReady                              0x20000017   Data           1  main.o(.data)
    flagDevType                              0x20000018   Data           1  main.o(.data)
    falgZhuChe                               0x20000019   Data           1  main.o(.data)
    FW485ID                                  0x2000001c   Data           4  main.o(.data)
    FW232ID                                  0x20000020   Data           4  main.o(.data)
    SERVER_PORT                              0x20000024   Data           4  main.o(.data)
    polling_TaskHandle                       0x20000028   Data           4  main.o(.data)
    network_status_check_wifi_TaskHandle     0x2000002c   Data           4  main.o(.data)
    network_status_check_4g_TaskHandle       0x20000030   Data           4  main.o(.data)
    network_status_check_TaskHandle          0x20000034   Data           4  main.o(.data)
    network_status_change_handle_TaskHandle  0x20000038   Data           4  main.o(.data)
    offline_data_process_TaskHandle          0x2000003c   Data           4  main.o(.data)
    server_data_process_TaskHandle           0x20000040   Data           4  main.o(.data)
    firmware_transmit_to_salve_TaskHandle    0x20000044   Data           4  main.o(.data)
    firmware_receive_from_master_TaskHandle  0x20000048   Data           4  main.o(.data)
    firmware_transmit_to_232dev_TaskHandle   0x2000004c   Data           4  main.o(.data)
    master_rev_485dev_data_handle_TaskHandle 0x20000050   Data           4  main.o(.data)
    master_rev_232dev_data_handle_TaskHandle 0x20000054   Data           4  main.o(.data)
    salver_rev_232dev_data_handle_TaskHandle 0x20000058   Data           4  main.o(.data)
    network_event_group                      0x2000005c   Data           4  main.o(.data)
    offline_data_event_group                 0x20000060   Data           4  main.o(.data)
    firmware_event_group                     0x20000064   Data           4  main.o(.data)
    Semaphore_wifi                           0x20000068   Data           4  main.o(.data)
    Semaphore_4g                             0x2000006c   Data           4  main.o(.data)
    Semaphore_SDCARD                         0x20000070   Data           4  main.o(.data)
    __stdout                                 0x20000074   Data           4  debug_uart.o(.data)
    _4g_Sta                                  0x2000007a   Data           1  4g.o(.data)
    TransferError                            0x20000086   Data           1  sd_sdio.o(.data)
    TransferEnd                              0x20000087   Data           1  sd_sdio.o(.data)
    tempbuff                                 0x20000088   Data           4  sd_sdio.o(.data)
    wifi_Flag_TcpIp_Connected                0x2000008c   Data           1  wifi.o(.data)
    wifi_Flag_Ap_Connected                   0x2000008d   Data           1  wifi.o(.data)
    _Wifi_Sta                                0x2000008e   Data           1  wifi.o(.data)
    devID_master                             0x2000008f   Data           1  rs485.o(.data)
    devID_salve                              0x20000090   Data           1  rs485.o(.data)
    flagSensorDataCome                       0x20000091   Data           1  rs485.o(.data)
    flagFirmwareStart                        0x20000092   Data           1  rs485.o(.data)
    flagFirmwareData                         0x20000093   Data           1  rs485.o(.data)
    flagFirmwareEnd                          0x20000094   Data           1  rs485.o(.data)
    flagInquiry                              0x20000095   Data           1  rs485.o(.data)
    flagSlaveUpdateFW                        0x20000096   Data           1  rs485.o(.data)
    flag232CeShiJieGuo                       0x20000097   Data           1  rs232.o(.data)
    flag232GetVer                            0x20000098   Data           1  rs232.o(.data)
    flag232UpDate                            0x20000099   Data           1  rs232.o(.data)
    flag232_3ack                             0x2000009a   Data           1  rs232.o(.data)
    base64char                               0x200000b0   Data           4  base64.o(.data)
    pxCurrentTCB                             0x200000cc   Data           4  tasks.o(.data)
    uxTopUsedPriority                        0x20000104   Data           4  tasks.o(.data)
    WIFISSID                                 0x20000148   Data          30  main.o(.bss)
    WIFIPWD                                  0x20000166   Data          30  main.o(.bss)
    SERVER_IP                                0x20000184   Data          30  main.o(.bss)
    URL                                      0x200001a2   Data          40  main.o(.bss)
    this_fs                                  0x200001cc   Data         564  main.o(.bss)
    rtc_data                                 0x20000400   Data          10  rtc.o(.bss)
    air724_4g_rev                            0x2000040a   Data        1208  4g.o(.bss)
    SDIO_InitStructure                       0x200008c8   Data          24  sd_sdio.o(.bss)
    SDIO_CmdInitStructure                    0x200008e0   Data          20  sd_sdio.o(.bss)
    SDIO_DataInitStructure                   0x200008f4   Data          24  sd_sdio.o(.bss)
    SDCardInfo                               0x20000930   Data          88  sd_sdio.o(.bss)
    SDIO_DATA_BUFFER                         0x20000988   Data         512  sd_sdio.o(.bss)
    wifi_rev                                 0x20000b88   Data        1208  wifi.o(.bss)
    RS485rev                                 0x20001040   Data        1032  rs485.o(.bss)
    RS232rev                                 0x20001448   Data        4104  rs232.o(.bss)
    http_key                                 0x20002450   Data          64  makedata.o(.bss)
    scannerrev                               0x20002490   Data          58  scanner.o(.bss)
    TDSaoMa                                  0x200024ca   Data          20  scanner.o(.bss)
    xQueueRegistry                           0x200024e0   Data          64  queue.o(.bss)
    __libspace_start                         0x200152b0   Data          96  libspace.o(.bss)
    __temporary_stack_top$libspace           0x20015310   Data           0  libspace.o(.bss)



==============================================================================

Memory Map of the image

  Image Entry point : 0x08008189

  Load Region LR_IROM1 (Base: 0x08008000, Size: 0x000400dc, Max: 0x00058000, ABSOLUTE, COMPRESSED[0x0003ffd0])

    Execution Region ER_IROM1 (Exec base: 0x08008000, Load base: 0x08008000, Size: 0x0003ff94, Max: 0x00058000, ABSOLUTE)

    Exec Addr    Load Addr    Size         Type   Attr      Idx    E Section Name        Object

    0x08008000   0x08008000   0x00000188   Data   RO            3    RESET               startup_stm32f40_41xxx.o
    0x08008188   0x08008188   0x00000008   Code   RO         5573  * !!!main             c_w.l(__main.o)
    0x08008190   0x08008190   0x00000034   Code   RO         6034    !!!scatter          c_w.l(__scatter.o)
    0x080081c4   0x080081c4   0x0000005a   Code   RO         6032    !!dczerorl2         c_w.l(__dczerorl2.o)
    0x0800821e   0x0800821e   0x00000002   PAD
    0x08008220   0x08008220   0x0000001c   Code   RO         6036    !!handler_zi        c_w.l(__scatter_zi.o)
    0x0800823c   0x0800823c   0x00000000   Code   RO         5539    .ARM.Collect$$_printf_percent$$00000000  c_w.l(_printf_percent.o)
    0x0800823c   0x0800823c   0x00000006   Code   RO         5538    .ARM.Collect$$_printf_percent$$00000005  c_w.l(_printf_g.o)
    0x08008242   0x08008242   0x00000006   Code   RO         5536    .ARM.Collect$$_printf_percent$$00000009  c_w.l(_printf_d.o)
    0x08008248   0x08008248   0x00000006   Code   RO         5534    .ARM.Collect$$_printf_percent$$0000000C  c_w.l(_printf_x.o)
    0x0800824e   0x0800824e   0x00000006   Code   RO         5533    .ARM.Collect$$_printf_percent$$00000014  c_w.l(_printf_s.o)
    0x08008254   0x08008254   0x00000004   Code   RO         5672    .ARM.Collect$$_printf_percent$$00000017  c_w.l(_printf_percent_end.o)
    0x08008258   0x08008258   0x00000002   Code   RO         5943    .ARM.Collect$$libinit$$00000000  c_w.l(libinit.o)
    0x0800825a   0x0800825a   0x00000004   Code   RO         5687    .ARM.Collect$$libinit$$00000001  c_w.l(libinit2.o)
    0x0800825e   0x0800825e   0x00000000   Code   RO         5690    .ARM.Collect$$libinit$$00000004  c_w.l(libinit2.o)
    0x0800825e   0x0800825e   0x00000008   Code   RO         5691    .ARM.Collect$$libinit$$00000005  c_w.l(libinit2.o)
    0x08008266   0x08008266   0x00000000   Code   RO         5693    .ARM.Collect$$libinit$$0000000A  c_w.l(libinit2.o)
    0x08008266   0x08008266   0x00000000   Code   RO         5695    .ARM.Collect$$libinit$$0000000C  c_w.l(libinit2.o)
    0x08008266   0x08008266   0x00000000   Code   RO         5697    .ARM.Collect$$libinit$$0000000E  c_w.l(libinit2.o)
    0x08008266   0x08008266   0x00000006   Code   RO         5698    .ARM.Collect$$libinit$$0000000F  c_w.l(libinit2.o)
    0x0800826c   0x0800826c   0x00000000   Code   RO         5700    .ARM.Collect$$libinit$$00000011  c_w.l(libinit2.o)
    0x0800826c   0x0800826c   0x0000000c   Code   RO         5701    .ARM.Collect$$libinit$$00000012  c_w.l(libinit2.o)
    0x08008278   0x08008278   0x00000000   Code   RO         5702    .ARM.Collect$$libinit$$00000013  c_w.l(libinit2.o)
    0x08008278   0x08008278   0x00000000   Code   RO         5704    .ARM.Collect$$libinit$$00000015  c_w.l(libinit2.o)
    0x08008278   0x08008278   0x0000000a   Code   RO         5705    .ARM.Collect$$libinit$$00000016  c_w.l(libinit2.o)
    0x08008282   0x08008282   0x00000000   Code   RO         5706    .ARM.Collect$$libinit$$00000017  c_w.l(libinit2.o)
    0x08008282   0x08008282   0x00000000   Code   RO         5708    .ARM.Collect$$libinit$$00000019  c_w.l(libinit2.o)
    0x08008282   0x08008282   0x00000000   Code   RO         5710    .ARM.Collect$$libinit$$0000001B  c_w.l(libinit2.o)
    0x08008282   0x08008282   0x00000000   Code   RO         5712    .ARM.Collect$$libinit$$0000001D  c_w.l(libinit2.o)
    0x08008282   0x08008282   0x00000000   Code   RO         5714    .ARM.Collect$$libinit$$0000001F  c_w.l(libinit2.o)
    0x08008282   0x08008282   0x00000000   Code   RO         5716    .ARM.Collect$$libinit$$00000021  c_w.l(libinit2.o)
    0x08008282   0x08008282   0x00000000   Code   RO         5718    .ARM.Collect$$libinit$$00000023  c_w.l(libinit2.o)
    0x08008282   0x08008282   0x00000000   Code   RO         5720    .ARM.Collect$$libinit$$00000025  c_w.l(libinit2.o)
    0x08008282   0x08008282   0x00000000   Code   RO         5724    .ARM.Collect$$libinit$$0000002C  c_w.l(libinit2.o)
    0x08008282   0x08008282   0x00000000   Code   RO         5726    .ARM.Collect$$libinit$$0000002E  c_w.l(libinit2.o)
    0x08008282   0x08008282   0x00000000   Code   RO         5728    .ARM.Collect$$libinit$$00000030  c_w.l(libinit2.o)
    0x08008282   0x08008282   0x00000000   Code   RO         5730    .ARM.Collect$$libinit$$00000032  c_w.l(libinit2.o)
    0x08008282   0x08008282   0x00000002   Code   RO         5731    .ARM.Collect$$libinit$$00000033  c_w.l(libinit2.o)
    0x08008284   0x08008284   0x00000002   Code   RO         6029    .ARM.Collect$$libshutdown$$00000000  c_w.l(libshutdown.o)
    0x08008286   0x08008286   0x00000000   Code   RO         5969    .ARM.Collect$$libshutdown$$00000002  c_w.l(libshutdown2.o)
    0x08008286   0x08008286   0x00000000   Code   RO         5971    .ARM.Collect$$libshutdown$$00000004  c_w.l(libshutdown2.o)
    0x08008286   0x08008286   0x00000000   Code   RO         5974    .ARM.Collect$$libshutdown$$00000007  c_w.l(libshutdown2.o)
    0x08008286   0x08008286   0x00000000   Code   RO         5977    .ARM.Collect$$libshutdown$$0000000A  c_w.l(libshutdown2.o)
    0x08008286   0x08008286   0x00000000   Code   RO         5979    .ARM.Collect$$libshutdown$$0000000C  c_w.l(libshutdown2.o)
    0x08008286   0x08008286   0x00000000   Code   RO         5982    .ARM.Collect$$libshutdown$$0000000F  c_w.l(libshutdown2.o)
    0x08008286   0x08008286   0x00000002   Code   RO         5983    .ARM.Collect$$libshutdown$$00000010  c_w.l(libshutdown2.o)
    0x08008288   0x08008288   0x00000000   Code   RO         5623    .ARM.Collect$$rtentry$$00000000  c_w.l(__rtentry.o)
    0x08008288   0x08008288   0x00000000   Code   RO         5800    .ARM.Collect$$rtentry$$00000002  c_w.l(__rtentry2.o)
    0x08008288   0x08008288   0x00000006   Code   RO         5812    .ARM.Collect$$rtentry$$00000004  c_w.l(__rtentry4.o)
    0x0800828e   0x0800828e   0x00000000   Code   RO         5802    .ARM.Collect$$rtentry$$00000009  c_w.l(__rtentry2.o)
    0x0800828e   0x0800828e   0x00000004   Code   RO         5803    .ARM.Collect$$rtentry$$0000000A  c_w.l(__rtentry2.o)
    0x08008292   0x08008292   0x00000000   Code   RO         5805    .ARM.Collect$$rtentry$$0000000C  c_w.l(__rtentry2.o)
    0x08008292   0x08008292   0x00000008   Code   RO         5806    .ARM.Collect$$rtentry$$0000000D  c_w.l(__rtentry2.o)
    0x0800829a   0x0800829a   0x00000002   Code   RO         5952    .ARM.Collect$$rtexit$$00000000  c_w.l(rtexit.o)
    0x0800829c   0x0800829c   0x00000000   Code   RO         6003    .ARM.Collect$$rtexit$$00000002  c_w.l(rtexit2.o)
    0x0800829c   0x0800829c   0x00000004   Code   RO         6004    .ARM.Collect$$rtexit$$00000003  c_w.l(rtexit2.o)
    0x080082a0   0x080082a0   0x00000006   Code   RO         6005    .ARM.Collect$$rtexit$$00000004  c_w.l(rtexit2.o)
    0x080082a6   0x080082a6   0x00000002   PAD
    0x080082a8   0x080082a8   0x00000008   Code   RO          717    .emb_text           sd_sdio.o
    0x080082b0   0x080082b0   0x000000be   Code   RO         5329    .emb_text           port.o
    0x0800836e   0x0800836e   0x00000002   PAD
    0x08008370   0x08008370   0x00000000   Code   RO         5825    .emb_text           c_w.l(maybetermalloc1.o)
    0x08008370   0x08008370   0x00000040   Code   RO            4    .text               startup_stm32f40_41xxx.o
    0x080083b0   0x080083b0   0x00000002   Code   RO         5402    .text               c_w.l(use_no_semi.o)
    0x080083b2   0x080083b2   0x0000005e   Code   RO         5410    .text               c_w.l(h1_alloc.o)
    0x08008410   0x08008410   0x0000004e   Code   RO         5412    .text               c_w.l(h1_free.o)
    0x0800845e   0x0800845e   0x000000b8   Code   RO         5414    .text               c_w.l(h1_realloc.o)
    0x08008516   0x08008516   0x00000048   Code   RO         5472    .text               c_w.l(llsdiv.o)
    0x0800855e   0x0800855e   0x0000001a   Code   RO         5474    .text               c_w.l(tolower.o)
    0x08008578   0x08008578   0x00000018   Code   RO         5476    .text               c_w.l(__2printf.o)
    0x08008590   0x08008590   0x0000002c   Code   RO         5478    .text               c_w.l(__2sprintf.o)
    0x080085bc   0x080085bc   0x0000004e   Code   RO         5486    .text               c_w.l(_printf_pad.o)
    0x0800860a   0x0800860a   0x00000052   Code   RO         5488    .text               c_w.l(_printf_str.o)
    0x0800865c   0x0800865c   0x00000078   Code   RO         5490    .text               c_w.l(_printf_dec.o)
    0x080086d4   0x080086d4   0x00000058   Code   RO         5495    .text               c_w.l(_printf_hex_int.o)
    0x0800872c   0x0800872c   0x00000138   Code   RO         5525    .text               c_w.l(__printf_flags_wp.o)
    0x08008864   0x08008864   0x0000003c   Code   RO         5540    .text               c_w.l(__0sscanf.o)
    0x080088a0   0x080088a0   0x0000001a   Code   RO         5542    .text               c_w.l(atoi.o)
    0x080088ba   0x080088ba   0x00000002   PAD
    0x080088bc   0x080088bc   0x0000000c   Code   RO         5544    .text               c_w.l(strtok.o)
    0x080088c8   0x080088c8   0x00000014   Code   RO         5547    .text               c_w.l(strchr.o)
    0x080088dc   0x080088dc   0x00000024   Code   RO         5549    .text               c_w.l(strstr.o)
    0x08008900   0x08008900   0x00000048   Code   RO         5551    .text               c_w.l(strcpy.o)
    0x08008948   0x08008948   0x0000003e   Code   RO         5553    .text               c_w.l(strlen.o)
    0x08008986   0x08008986   0x00000096   Code   RO         5555    .text               c_w.l(strncmp.o)
    0x08008a1c   0x08008a1c   0x00000018   Code   RO         5557    .text               c_w.l(strcat.o)
    0x08008a34   0x08008a34   0x0000008a   Code   RO         5559    .text               c_w.l(rt_memcpy_v6.o)
    0x08008abe   0x08008abe   0x00000064   Code   RO         5561    .text               c_w.l(rt_memcpy_w.o)
    0x08008b22   0x08008b22   0x00000010   Code   RO         5563    .text               c_w.l(aeabi_memset.o)
    0x08008b32   0x08008b32   0x00000044   Code   RO         5565    .text               c_w.l(rt_memclr.o)
    0x08008b76   0x08008b76   0x0000004e   Code   RO         5567    .text               c_w.l(rt_memclr_w.o)
    0x08008bc4   0x08008bc4   0x00000080   Code   RO         5569    .text               c_w.l(strcmpv7m.o)
    0x08008c44   0x08008c44   0x00000006   Code   RO         5571    .text               c_w.l(heapauxi.o)
    0x08008c4a   0x08008c4a   0x00000002   PAD
    0x08008c4c   0x08008c4c   0x00000010   Code   RO         5624    .text               c_w.l(rt_ctype_table.o)
    0x08008c5c   0x08008c5c   0x00000008   Code   RO         5629    .text               c_w.l(rt_heap_descriptor_intlibspace.o)
    0x08008c64   0x08008c64   0x00000008   Code   RO         5634    .text               c_w.l(rt_errno_addr_intlibspace.o)
    0x08008c6c   0x08008c6c   0x00000004   Code   RO         5636    .text               c_w.l(hguard.o)
    0x08008c70   0x08008c70   0x0000008a   Code   RO         5638    .text               c_w.l(init_alloc.o)
    0x08008cfa   0x08008cfa   0x0000000e   Code   RO         5642    .text               c_w.l(h1_init.o)
    0x08008d08   0x08008d08   0x000000ee   Code   RO         5656    .text               c_w.l(lludivv7m.o)
    0x08008df6   0x08008df6   0x00000016   Code   RO         5658    .text               c_w.l(_rserrno.o)
    0x08008e0c   0x08008e0c   0x000000b2   Code   RO         5660    .text               c_w.l(_printf_intcommon.o)
    0x08008ebe   0x08008ebe   0x0000041e   Code   RO         5662    .text               c_w.l(_printf_fp_dec.o)
    0x080092dc   0x080092dc   0x00000030   Code   RO         5664    .text               c_w.l(_printf_char_common.o)
    0x0800930c   0x0800930c   0x0000000a   Code   RO         5666    .text               c_w.l(_sputc.o)
    0x08009316   0x08009316   0x0000002c   Code   RO         5668    .text               c_w.l(_printf_char.o)
    0x08009342   0x08009342   0x00000002   PAD
    0x08009344   0x08009344   0x00000024   Code   RO         5670    .text               c_w.l(_printf_char_file.o)
    0x08009368   0x08009368   0x000004f8   Code   RO         5673    .text               c_w.l(scanf_fp.o)
    0x08009860   0x08009860   0x0000002c   Code   RO         5675    .text               c_w.l(scanf_char.o)
    0x0800988c   0x0800988c   0x00000040   Code   RO         5677    .text               c_w.l(_sgetc.o)
    0x080098cc   0x080098cc   0x000000a4   Code   RO         5679    .text               c_w.l(strtod.o)
    0x08009970   0x08009970   0x00000070   Code   RO         5681    .text               c_w.l(strtol.o)
    0x080099e0   0x080099e0   0x00000044   Code   RO         5683    .text               c_w.l(strtok_int.o)
    0x08009a24   0x08009a24   0x00000008   Code   RO         5796    .text               c_w.l(libspace.o)
    0x08009a2c   0x08009a2c   0x00000008   Code   RO         5821    .text               c_w.l(rt_locale_intlibspace.o)
    0x08009a34   0x08009a34   0x00000034   Code   RO         5827    .text               c_w.l(h1_extend.o)
    0x08009a68   0x08009a68   0x0000008a   Code   RO         5831    .text               c_w.l(lludiv10.o)
    0x08009af2   0x08009af2   0x00000012   Code   RO         5833    .text               c_w.l(isspace.o)
    0x08009b04   0x08009b04   0x00000080   Code   RO         5835    .text               c_w.l(_printf_fp_infnan.o)
    0x08009b84   0x08009b84   0x00000374   Code   RO         5839    .text               c_w.l(_scanf.o)
    0x08009ef8   0x08009ef8   0x0000009e   Code   RO         5841    .text               c_w.l(_strtoul.o)
    0x08009f96   0x08009f96   0x00000002   PAD
    0x08009f98   0x08009f98   0x000000e4   Code   RO         5843    .text               c_w.l(bigflt0.o)
    0x0800a07c   0x0800a07c   0x0000000e   Code   RO         5874    .text               c_w.l(defsig_rtmem_outer.o)
    0x0800a08a   0x0800a08a   0x00000020   Code   RO         5878    .text               c_w.l(strcspn.o)
    0x0800a0aa   0x0800a0aa   0x0000001c   Code   RO         5880    .text               c_w.l(strspn.o)
    0x0800a0c6   0x0800a0c6   0x0000004a   Code   RO         5914    .text               c_w.l(sys_stackheap_outer.o)
    0x0800a110   0x0800a110   0x0000001c   Code   RO         5922    .text               c_w.l(_chval.o)
    0x0800a12c   0x0800a12c   0x00000320   Code   RO         5924    .text               c_w.l(scanf_hexfp.o)
    0x0800a44c   0x0800a44c   0x00000134   Code   RO         5926    .text               c_w.l(scanf_infnan.o)
    0x0800a580   0x0800a580   0x00000012   Code   RO         5928    .text               c_w.l(exit.o)
    0x0800a592   0x0800a592   0x0000000a   Code   RO         5930    .text               c_w.l(defsig_exit.o)
    0x0800a59c   0x0800a59c   0x00000050   Code   RO         5932    .text               c_w.l(defsig_rtmem_inner.o)
    0x0800a5ec   0x0800a5ec   0x00000026   Code   RO         5958    .text               c_w.l(llshl.o)
    0x0800a612   0x0800a612   0x00000032   Code   RO         5962    .text               c_w.l(defsig_general.o)
    0x0800a644   0x0800a644   0x0000003e   Code   RO         5846    CL$$btod_d2e        c_w.l(btod.o)
    0x0800a682   0x0800a682   0x00000046   Code   RO         5848    CL$$btod_d2e_denorm_low  c_w.l(btod.o)
    0x0800a6c8   0x0800a6c8   0x00000060   Code   RO         5847    CL$$btod_d2e_norm_op1  c_w.l(btod.o)
    0x0800a728   0x0800a728   0x00000338   Code   RO         5856    CL$$btod_div_common  c_w.l(btod.o)
    0x0800aa60   0x0800aa60   0x00000084   Code   RO         5854    CL$$btod_e2d        c_w.l(btod.o)
    0x0800aae4   0x0800aae4   0x000000dc   Code   RO         5853    CL$$btod_e2e        c_w.l(btod.o)
    0x0800abc0   0x0800abc0   0x0000002a   Code   RO         5850    CL$$btod_ediv       c_w.l(btod.o)
    0x0800abea   0x0800abea   0x0000002a   Code   RO         5852    CL$$btod_edivd      c_w.l(btod.o)
    0x0800ac14   0x0800ac14   0x0000002a   Code   RO         5849    CL$$btod_emul       c_w.l(btod.o)
    0x0800ac3e   0x0800ac3e   0x0000002a   Code   RO         5851    CL$$btod_emuld      c_w.l(btod.o)
    0x0800ac68   0x0800ac68   0x00000244   Code   RO         5855    CL$$btod_mult_common  c_w.l(btod.o)
    0x0800aeac   0x0800aeac   0x00000014   Code   RO          414    i.BCD_2_DEC         rtc.o
    0x0800aec0   0x0800aec0   0x00000030   Code   RO          718    i.CmdError          sd_sdio.o
    0x0800aef0   0x0800aef0   0x00000064   Code   RO          719    i.CmdResp1Error     sd_sdio.o
    0x0800af54   0x0800af54   0x00000054   Code   RO          720    i.CmdResp2Error     sd_sdio.o
    0x0800afa8   0x0800afa8   0x00000038   Code   RO          721    i.CmdResp3Error     sd_sdio.o
    0x0800afe0   0x0800afe0   0x00000094   Code   RO          722    i.CmdResp6Error     sd_sdio.o
    0x0800b074   0x0800b074   0x0000004c   Code   RO          723    i.CmdResp7Error     sd_sdio.o
    0x0800b0c0   0x0800b0c0   0x00000016   Code   RO         3164    i.DMA_Cmd           stm32f4xx_dma.o
    0x0800b0d6   0x0800b0d6   0x00000002   PAD
    0x0800b0d8   0x0800b0d8   0x00000158   Code   RO         3165    i.DMA_DeInit        stm32f4xx_dma.o
    0x0800b230   0x0800b230   0x00000016   Code   RO         3168    i.DMA_FlowControllerConfig  stm32f4xx_dma.o
    0x0800b246   0x0800b246   0x00000014   Code   RO         3169    i.DMA_GetCmdStatus  stm32f4xx_dma.o
    0x0800b25a   0x0800b25a   0x00000002   PAD
    0x0800b25c   0x0800b25c   0x00000058   Code   RO         3176    i.DMA_Init          stm32f4xx_dma.o
    0x0800b2b4   0x0800b2b4   0x00000194   Code   RO          724    i.FindSCR           sd_sdio.o
    0x0800b448   0x0800b448   0x00000090   Code   RO         2863    i.GPIO_Init         stm32f4xx_gpio.o
    0x0800b4d8   0x0800b4d8   0x00000046   Code   RO         2864    i.GPIO_PinAFConfig  stm32f4xx_gpio.o
    0x0800b51e   0x0800b51e   0x00000022   Code   RO         2865    i.GPIO_PinLockConfig  stm32f4xx_gpio.o
    0x0800b540   0x0800b540   0x00000012   Code   RO         2867    i.GPIO_ReadInputDataBit  stm32f4xx_gpio.o
    0x0800b552   0x0800b552   0x00000012   Code   RO         2872    i.GPIO_StructInit   stm32f4xx_gpio.o
    0x0800b564   0x0800b564   0x00000038   Code   RO         1355    i.Get_Crc16         crc16.o
    0x0800b59c   0x0800b59c   0x0000006c   Code   RO          416    i.Get_RTC_DATE      rtc.o
    0x0800b608   0x0800b608   0x00000060   Code   RO          417    i.Get_RTC_Time      rtc.o
    0x0800b668   0x0800b668   0x00000020   Code   RO          418    i.Into_RTC_Init_Mode  rtc.o
    0x0800b688   0x0800b688   0x000000a0   Code   RO          725    i.IsCardProgramming  sd_sdio.o
    0x0800b728   0x0800b728   0x00000058   Code   RO          539    i.LED_Init          led.o
    0x0800b780   0x0800b780   0x000001c8   Code   RO         2357    i.MyCreatJson       makedata.o
    0x0800b948   0x0800b948   0x00000078   Code   RO         2476    i.NVIC_Init         misc.o
    0x0800b9c0   0x0800b9c0   0x00000020   Code   RO          422    i.Out_RTC_Init_Mode  rtc.o
    0x0800b9e0   0x0800b9e0   0x00000020   Code   RO         2524    i.RCC_AHB1PeriphClockCmd  stm32f4xx_rcc.o
    0x0800ba00   0x0800ba00   0x00000020   Code   RO         2533    i.RCC_APB1PeriphClockCmd  stm32f4xx_rcc.o
    0x0800ba20   0x0800ba20   0x00000020   Code   RO         2536    i.RCC_APB2PeriphClockCmd  stm32f4xx_rcc.o
    0x0800ba40   0x0800ba40   0x00000020   Code   RO         2538    i.RCC_APB2PeriphResetCmd  stm32f4xx_rcc.o
    0x0800ba60   0x0800ba60   0x000000e8   Code   RO         2545    i.RCC_GetClocksFreq  stm32f4xx_rcc.o
    0x0800bb48   0x0800bb48   0x00000044   Code   RO          424    i.RTC_Alarm_IRQHandler  rtc.o
    0x0800bb8c   0x0800bb8c   0x00000058   Code   RO          425    i.RTC_WKUP_IRQHandler  rtc.o
    0x0800bbe4   0x0800bbe4   0x000000bc   Code   RO          427    i.RTC__Init         rtc.o
    0x0800bca0   0x0800bca0   0x000000ac   Code   RO          726    i.SDEnWideBus       sd_sdio.o
    0x0800bd4c   0x0800bd4c   0x0000000c   Code   RO         2965    i.SDIO_ClearFlag    stm32f4xx_sdio.o
    0x0800bd58   0x0800bd58   0x00000014   Code   RO          727    i.SDIO_Clock_Set    sd_sdio.o
    0x0800bd6c   0x0800bd6c   0x00000034   Code   RO         2971    i.SDIO_DataConfig   stm32f4xx_sdio.o
    0x0800bda0   0x0800bda0   0x00000018   Code   RO         2977    i.SDIO_GetFlagStatus  stm32f4xx_sdio.o
    0x0800bdb8   0x0800bdb8   0x00000010   Code   RO         2979    i.SDIO_GetPowerState  stm32f4xx_sdio.o
    0x0800bdc8   0x0800bdc8   0x00000008   Code   RO          728    i.SDIO_IRQHandler   sd_sdio.o
    0x0800bdd0   0x0800bdd0   0x00000030   Code   RO         2982    i.SDIO_Init         stm32f4xx_sdio.o
    0x0800be00   0x0800be00   0x00000038   Code   RO          729    i.SDIO_Register_Deinit  sd_sdio.o
    0x0800be38   0x0800be38   0x0000002c   Code   RO         2985    i.SDIO_SendCommand  stm32f4xx_sdio.o
    0x0800be64   0x0800be64   0x0000000c   Code   RO         2987    i.SDIO_SetPowerState  stm32f4xx_sdio.o
    0x0800be70   0x0800be70   0x00000080   Code   RO          730    i.SD_DMA_Config     sd_sdio.o
    0x0800bef0   0x0800bef0   0x00000068   Code   RO          731    i.SD_EnableWideBusOperation  sd_sdio.o
    0x0800bf58   0x0800bf58   0x00000314   Code   RO          732    i.SD_GetCardInfo    sd_sdio.o
    0x0800c26c   0x0800c26c   0x000000f8   Code   RO          734    i.SD_Init           sd_sdio.o
    0x0800c364   0x0800c364   0x00000164   Code   RO          735    i.SD_InitializeCards  sd_sdio.o
    0x0800c4c8   0x0800c4c8   0x000001e4   Code   RO          737    i.SD_PowerON        sd_sdio.o
    0x0800c6ac   0x0800c6ac   0x00000154   Code   RO          738    i.SD_ProcessIRQSrc  sd_sdio.o
    0x0800c800   0x0800c800   0x00000268   Code   RO          739    i.SD_ReadBlock      sd_sdio.o
    0x0800ca68   0x0800ca68   0x000000a0   Code   RO          740    i.SD_ReadDisk       sd_sdio.o
    0x0800cb08   0x0800cb08   0x000002f4   Code   RO          741    i.SD_ReadMultiBlocks  sd_sdio.o
    0x0800cdfc   0x0800cdfc   0x00000030   Code   RO          742    i.SD_SelectDeselect  sd_sdio.o
    0x0800ce2c   0x0800ce2c   0x00000018   Code   RO          744    i.SD_SetDeviceMode  sd_sdio.o
    0x0800ce44   0x0800ce44   0x00000388   Code   RO          745    i.SD_WriteBlock     sd_sdio.o
    0x0800d1cc   0x0800d1cc   0x000000a0   Code   RO          746    i.SD_WriteDisk      sd_sdio.o
    0x0800d26c   0x0800d26c   0x000003d0   Code   RO          747    i.SD_WriteMultiBlocks  sd_sdio.o
    0x0800d63c   0x0800d63c   0x000000ec   Code   RO           13    i.SetSysClock       system_stm32f4xx.o
    0x0800d728   0x0800d728   0x00000034   Code   RO         5330    i.SysTick_Handler   port.o
    0x0800d75c   0x0800d75c   0x00000068   Code   RO           15    i.SystemInit        system_stm32f4xx.o
    0x0800d7c4   0x0800d7c4   0x00000058   Code   RO         2423    i.UART4_IRQHandler  scanner.o
    0x0800d81c   0x0800d81c   0x00000074   Code   RO          566    i.USART1_IRQHandler  4g.o
    0x0800d890   0x0800d890   0x00000078   Code   RO         1070    i.USART2_IRQHandler  wifi.o
    0x0800d908   0x0800d908   0x000001b8   Code   RO         1586    i.USART3_IRQHandler  rs232.o
    0x0800dac0   0x0800dac0   0x00000180   Code   RO         1235    i.USART6_IRQHandler  rs485.o
    0x0800dc40   0x0800dc40   0x00000018   Code   RO         3526    i.USART_Cmd         stm32f4xx_usart.o
    0x0800dc58   0x0800dc58   0x0000001a   Code   RO         3529    i.USART_GetFlagStatus  stm32f4xx_usart.o
    0x0800dc72   0x0800dc72   0x0000004a   Code   RO         3532    i.USART_ITConfig    stm32f4xx_usart.o
    0x0800dcbc   0x0800dcbc   0x000000d4   Code   RO         3533    i.USART_Init        stm32f4xx_usart.o
    0x0800dd90   0x0800dd90   0x00000008   Code   RO         3543    i.USART_SendData    stm32f4xx_usart.o
    0x0800dd98   0x0800dd98   0x00000030   Code   RO         5777    i.__ARM_fpclassify  m_wm.l(fpclassify.o)
    0x0800ddc8   0x0800ddc8   0x000000f8   Code   RO         5905    i.__hardfp___mathlib_tofloat  m_wm.l(narrow.o)
    0x0800dec0   0x0800dec0   0x000000d0   Code   RO         5986    i.__hardfp_ldexp    m_wm.l(ldexp.o)
    0x0800df90   0x0800df90   0x00000c50   Code   RO         5601    i.__hardfp_pow      m_wm.l(pow.o)
    0x0800ebe0   0x0800ebe0   0x00000028   Code   RO         5615    i.__hardfp_strtod   m_wm.l(strtod.o)
    0x0800ec08   0x0800ec08   0x000000f8   Code   RO         5779    i.__kernel_poly     m_wm.l(poly.o)
    0x0800ed00   0x0800ed00   0x00000030   Code   RO         5757    i.__mathlib_dbl_divzero  m_wm.l(dunder.o)
    0x0800ed30   0x0800ed30   0x00000014   Code   RO         5759    i.__mathlib_dbl_infnan2  m_wm.l(dunder.o)
    0x0800ed44   0x0800ed44   0x00000004   PAD
    0x0800ed48   0x0800ed48   0x00000020   Code   RO         5760    i.__mathlib_dbl_invalid  m_wm.l(dunder.o)
    0x0800ed68   0x0800ed68   0x00000020   Code   RO         5761    i.__mathlib_dbl_overflow  m_wm.l(dunder.o)
    0x0800ed88   0x0800ed88   0x00000020   Code   RO         5763    i.__mathlib_dbl_underflow  m_wm.l(dunder.o)
    0x0800eda8   0x0800eda8   0x00000012   Code   RO         5906    i.__mathlib_narrow  m_wm.l(narrow.o)
    0x0800edba   0x0800edba   0x00000014   Code   RO         5988    i.__support_ldexp   m_wm.l(ldexp.o)
    0x0800edce   0x0800edce   0x0000000e   Code   RO         5523    i._is_digit         c_w.l(__printf_wp.o)
    0x0800eddc   0x0800eddc   0x00000004   Code   RO          349    i._sys_exit         debug_uart.o
    0x0800ede0   0x0800ede0   0x0000001c   Code   RO          350    i._ttywrch          debug_uart.o
    0x0800edfc   0x0800edfc   0x0000002e   Code   RO         1717    i.add_item_to_array  cjson.o
    0x0800ee2a   0x0800ee2a   0x00000076   Code   RO         1718    i.add_item_to_object  cjson.o
    0x0800eea0   0x0800eea0   0x00000290   Code   RO          567    i.air724_4g_http_check_firmware  4g.o
    0x0800f130   0x0800f130   0x000001c0   Code   RO          568    i.air724_4g_http_data_report  4g.o
    0x0800f2f0   0x0800f2f0   0x000000fc   Code   RO          569    i.air724_4g_http_get_2052  4g.o
    0x0800f3ec   0x0800f3ec   0x0000020c   Code   RO          570    i.air724_4g_http_get_firmware  4g.o
    0x0800f5f8   0x0800f5f8   0x000001e0   Code   RO          571    i.air724_4g_http_post  4g.o
    0x0800f7d8   0x0800f7d8   0x000000a4   Code   RO          572    i.air724_4g_network_check  4g.o
    0x0800f87c   0x0800f87c   0x00000030   Code   RO          573    i.air724_4g_tx_bytes  4g.o
    0x0800f8ac   0x0800f8ac   0x000000b8   Code   RO          574    i.air724_4g_uartConfig  4g.o
    0x0800f964   0x0800f964   0x0000009c   Code   RO          575    i.at_4g_send_at     4g.o
    0x0800fa00   0x0800fa00   0x000000bc   Code   RO         2389    i.base64_decode     base64.o
    0x0800fabc   0x0800fabc   0x00000168   Code   RO          935    i.broken_network_record  sd_operation.o
    0x0800fc24   0x0800fc24   0x0000003a   Code   RO         1719    i.buffer_skip_whitespace  cjson.o
    0x0800fc5e   0x0800fc5e   0x00000010   Code   RO         1725    i.cJSON_AddItemToArray  cjson.o
    0x0800fc6e   0x0800fc6e   0x00000002   PAD
    0x0800fc70   0x0800fc70   0x0000004c   Code   RO         1729    i.cJSON_AddNumberToObject  cjson.o
    0x0800fcbc   0x0800fcbc   0x00000034   Code   RO         1732    i.cJSON_AddStringToObject  cjson.o
    0x0800fcf0   0x0800fcf0   0x00000018   Code   RO         1735    i.cJSON_CreateArray  cjson.o
    0x0800fd08   0x0800fd08   0x0000007c   Code   RO         1743    i.cJSON_CreateNumber  cjson.o
    0x0800fd84   0x0800fd84   0x00000018   Code   RO         1744    i.cJSON_CreateObject  cjson.o
    0x0800fd9c   0x0800fd9c   0x00000034   Code   RO         1747    i.cJSON_CreateString  cjson.o
    0x0800fdd0   0x0800fdd0   0x00000058   Code   RO         1751    i.cJSON_Delete      cjson.o
    0x0800fe28   0x0800fe28   0x00000012   Code   RO         1763    i.cJSON_GetObjectItem  cjson.o
    0x0800fe3a   0x0800fe3a   0x0000001a   Code   RO         1780    i.cJSON_New_Item    cjson.o
    0x0800fe54   0x0800fe54   0x00000010   Code   RO         1781    i.cJSON_Parse       cjson.o
    0x0800fe64   0x0800fe64   0x000000d4   Code   RO         1782    i.cJSON_ParseWithOpts  cjson.o
    0x0800ff38   0x0800ff38   0x00000014   Code   RO         1786    i.cJSON_PrintUnformatted  cjson.o
    0x0800ff4c   0x0800ff4c   0x00000038   Code   RO         1795    i.cJSON_strdup      cjson.o
    0x0800ff84   0x0800ff84   0x000000e8   Code   RO          936    i.cal_file_count_of_dir  sd_operation.o
    0x0801006c   0x0801006c   0x0000002c   Code   RO         1356    i.calc_crc32        crc16.o
    0x08010098   0x08010098   0x00000048   Code   RO         1796    i.case_insensitive_strcmp  cjson.o
    0x080100e0   0x080100e0   0x00000002   Code   RO         1797    i.cast_away_const   cjson.o
    0x080100e2   0x080100e2   0x0000001c   Code   RO         2391    i.charIndex         base64.o
    0x080100fe   0x080100fe   0x00000002   PAD
    0x08010100   0x08010100   0x0000007c   Code   RO         4029    i.check_fs          ff.o
    0x0801017c   0x0801017c   0x00000026   Code   RO         1236    i.check_rev_data    rs485.o
    0x080101a2   0x080101a2   0x00000014   Code   RO         4030    i.chk_chr           ff.o
    0x080101b6   0x080101b6   0x0000001a   Code   RO         4031    i.clst2sect         ff.o
    0x080101d0   0x080101d0   0x00000098   Code   RO         4032    i.cmp_lfn           ff.o
    0x08010268   0x08010268   0x00000012   Code   RO          748    i.convert_from_bytes_to_power_of_two  sd_sdio.o
    0x0801027a   0x0801027a   0x00000120   Code   RO         4033    i.create_chain      ff.o
    0x0801039a   0x0801039a   0x00000002   PAD
    0x0801039c   0x0801039c   0x00000254   Code   RO         4034    i.create_name       ff.o
    0x080105f0   0x080105f0   0x00000034   Code   RO         4035    i.dbc_1st           ff.o
    0x08010624   0x08010624   0x00000048   Code   RO         4036    i.dbc_2nd           ff.o
    0x0801066c   0x0801066c   0x00000030   Code   RO          352    i.debug_uart_tx_bytes  debug_uart.o
    0x0801069c   0x0801069c   0x00000010   Code   RO          155    i.delay_microsecond  main.o
    0x080106ac   0x080106ac   0x00000010   Code   RO          576    i.delay_microsecond  4g.o
    0x080106bc   0x080106bc   0x00000010   Code   RO         1071    i.delay_microsecond  wifi.o
    0x080106cc   0x080106cc   0x00000010   Code   RO         1237    i.delay_microsecond  rs485.o
    0x080106dc   0x080106dc   0x00000010   Code   RO         1391    i.delay_microsecond  network_status_task.o
    0x080106ec   0x080106ec   0x00000010   Code   RO         1545    i.delay_microsecond  sensor_data_transmit_task.o
    0x080106fc   0x080106fc   0x00000010   Code   RO         1587    i.delay_microsecond  rs232.o
    0x0801070c   0x0801070c   0x00000060   Code   RO         4037    i.dir_alloc         ff.o
    0x0801076c   0x0801076c   0x000000c6   Code   RO         4038    i.dir_clear         ff.o
    0x08010832   0x08010832   0x000000fc   Code   RO         4039    i.dir_find          ff.o
    0x0801092e   0x0801092e   0x000000c6   Code   RO         4040    i.dir_next          ff.o
    0x080109f4   0x080109f4   0x000000d2   Code   RO         4041    i.dir_read          ff.o
    0x08010ac6   0x08010ac6   0x00000142   Code   RO         4042    i.dir_register      ff.o
    0x08010c08   0x08010c08   0x00000060   Code   RO         4043    i.dir_remove        ff.o
    0x08010c68   0x08010c68   0x0000009a   Code   RO         4044    i.dir_sdi           ff.o
    0x08010d02   0x08010d02   0x00000014   Code   RO         3972    i.disk_initialize   diskio.o
    0x08010d16   0x08010d16   0x00000002   PAD
    0x08010d18   0x08010d18   0x0000006c   Code   RO         3973    i.disk_ioctl        diskio.o
    0x08010d84   0x08010d84   0x00000026   Code   RO         3974    i.disk_read         diskio.o
    0x08010daa   0x08010daa   0x0000000e   Code   RO         3975    i.disk_status       diskio.o
    0x08010db8   0x08010db8   0x00000036   Code   RO         3976    i.disk_write        diskio.o
    0x08010dee   0x08010dee   0x000000ba   Code   RO         1799    i.ensure            cjson.o
    0x08010ea8   0x08010ea8   0x00000010   Code   RO         1072    i.exit_pass_throughMode  wifi.o
    0x08010eb8   0x08010eb8   0x00000022   Code   RO         4045    i.f_close           ff.o
    0x08010eda   0x08010eda   0x00000018   Code   RO         4046    i.f_closedir        ff.o
    0x08010ef2   0x08010ef2   0x00000184   Code   RO         4048    i.f_lseek           ff.o
    0x08011076   0x08011076   0x00000130   Code   RO         4049    i.f_mkdir           ff.o
    0x080111a6   0x080111a6   0x00000002   PAD
    0x080111a8   0x080111a8   0x00000054   Code   RO         4050    i.f_mount           ff.o
    0x080111fc   0x080111fc   0x00000202   Code   RO         4051    i.f_open            ff.o
    0x080113fe   0x080113fe   0x0000008a   Code   RO         4052    i.f_opendir         ff.o
    0x08011488   0x08011488   0x0000019c   Code   RO         4053    i.f_read            ff.o
    0x08011624   0x08011624   0x00000068   Code   RO         4054    i.f_readdir         ff.o
    0x0801168c   0x0801168c   0x000000a0   Code   RO         4057    i.f_sync            ff.o
    0x0801172c   0x0801172c   0x000000c4   Code   RO         4059    i.f_unlink          ff.o
    0x080117f0   0x080117f0   0x000001de   Code   RO         4060    i.f_write           ff.o
    0x080119ce   0x080119ce   0x00000018   Code   RO         5773    i.fabs              m_wm.l(fabs.o)
    0x080119e6   0x080119e6   0x00000008   Code   RO          353    i.ferror            debug_uart.o
    0x080119ee   0x080119ee   0x0000000c   Code   RO         4350    i.ff_memalloc       ffsystem.o
    0x080119fa   0x080119fa   0x0000000c   Code   RO         4351    i.ff_memfree        ffsystem.o
    0x08011a06   0x08011a06   0x00000002   PAD
    0x08011a08   0x08011a08   0x00000068   Code   RO         4368    i.ff_oem2uni        ffunicode.o
    0x08011a70   0x08011a70   0x00000074   Code   RO         4369    i.ff_uni2oem        ffunicode.o
    0x08011ae4   0x08011ae4   0x000000b0   Code   RO         4370    i.ff_wtoupper       ffunicode.o
    0x08011b94   0x08011b94   0x0000030c   Code   RO         4061    i.find_volume       ff.o
    0x08011ea0   0x08011ea0   0x000002ac   Code   RO         1470    i.firmware_receive_from_master_Task  firmware_transmit_task.o
    0x0801214c   0x0801214c   0x00000274   Code   RO         1471    i.firmware_transmit_to_232dev_Task  firmware_transmit_task.o
    0x080123c0   0x080123c0   0x00000260   Code   RO         1472    i.firmware_transmit_to_salve_Task  firmware_transmit_task.o
    0x08012620   0x08012620   0x0000009e   Code   RO         4062    i.follow_path       ff.o
    0x080126be   0x080126be   0x00000002   PAD
    0x080126c0   0x080126c0   0x0000001c   Code   RO          354    i.fputc             debug_uart.o
    0x080126dc   0x080126dc   0x00000052   Code   RO         1588    i.free_rs232_data   rs232.o
    0x0801272e   0x0801272e   0x00000002   PAD
    0x08012730   0x08012730   0x0000008c   Code   RO         5948    i.frexp             m_wm.l(frexp.o)
    0x080127bc   0x080127bc   0x000000cc   Code   RO         4063    i.gen_numname       ff.o
    0x08012888   0x08012888   0x00000004   Code   RO         1801    i.get_decimal_point  cjson.o
    0x0801288c   0x0801288c   0x000000e0   Code   RO         4064    i.get_fat           ff.o
    0x0801296c   0x0801296c   0x00000048   Code   RO         3977    i.get_fattime       diskio.o
    0x080129b4   0x080129b4   0x00000176   Code   RO         4065    i.get_fileinfo      ff.o
    0x08012b2a   0x08012b2a   0x0000004e   Code   RO         4066    i.get_ldnumber      ff.o
    0x08012b78   0x08012b78   0x00000052   Code   RO         1802    i.get_object_item   cjson.o
    0x08012bca   0x08012bca   0x00000026   Code   RO         4067    i.ld_clust          ff.o
    0x08012bf0   0x08012bf0   0x00000018   Code   RO         4068    i.ld_dword          ff.o
    0x08012c08   0x08012c08   0x0000000c   Code   RO         4069    i.ld_word           ff.o
    0x08012c14   0x08012c14   0x000002ec   Code   RO          156    i.main              main.o
    0x08012f00   0x08012f00   0x00000094   Code   RO         2358    i.make_data_and_report  makedata.o
    0x08012f94   0x08012f94   0x00000164   Code   RO         1546    i.master_rev_232dev_data_handle_Task  sensor_data_transmit_task.o
    0x080130f8   0x080130f8   0x000001b4   Code   RO         1547    i.master_rev_485dev_data_handle_Task  sensor_data_transmit_task.o
    0x080132ac   0x080132ac   0x00000024   Code   RO         4070    i.mem_cmp           ff.o
    0x080132d0   0x080132d0   0x0000001a   Code   RO         4071    i.mem_cpy           ff.o
    0x080132ea   0x080132ea   0x00000012   Code   RO         4072    i.mem_set           ff.o
    0x080132fc   0x080132fc   0x00000034   Code   RO         4073    i.move_window       ff.o
    0x08013330   0x08013330   0x00000154   Code   RO         1392    i.network_status_change_handle_Task  network_status_task.o
    0x08013484   0x08013484   0x00000208   Code   RO          578    i.network_status_check_4g_Task  4g.o
    0x0801368c   0x0801368c   0x00000114   Code   RO         1393    i.network_status_check_Task  network_status_task.o
    0x080137a0   0x080137a0   0x00000218   Code   RO         1073    i.network_status_check_wifi_Task  wifi.o
    0x080139b8   0x080139b8   0x000000fc   Code   RO         1433    i.offline_data_process_Task  offline_data_process_task.o
    0x08013ab4   0x08013ab4   0x00000128   Code   RO          937    i.offline_data_record  sd_operation.o
    0x08013bdc   0x08013bdc   0x000000bc   Code   RO         1238    i.packetFrame       rs485.o
    0x08013c98   0x08013c98   0x000000f4   Code   RO         1804    i.parse_array       cjson.o
    0x08013d8c   0x08013d8c   0x0000005a   Code   RO         1805    i.parse_hex4        cjson.o
    0x08013de6   0x08013de6   0x00000002   PAD
    0x08013de8   0x08013de8   0x00000154   Code   RO         1806    i.parse_number      cjson.o
    0x08013f3c   0x08013f3c   0x0000013a   Code   RO         1807    i.parse_object      cjson.o
    0x08014076   0x08014076   0x0000018c   Code   RO         1808    i.parse_string      cjson.o
    0x08014202   0x08014202   0x00000002   PAD
    0x08014204   0x08014204   0x0000013c   Code   RO         1809    i.parse_value       cjson.o
    0x08014340   0x08014340   0x00000088   Code   RO         4074    i.pick_lfn          ff.o
    0x080143c8   0x080143c8   0x000003b0   Code   RO          157    i.polling_Task      main.o
    0x08014778   0x08014778   0x000000b2   Code   RO         1810    i.print             cjson.o
    0x0801482a   0x0801482a   0x000000b2   Code   RO         1811    i.print_array       cjson.o
    0x080148dc   0x080148dc   0x0000010c   Code   RO         1812    i.print_number      cjson.o
    0x080149e8   0x080149e8   0x00000174   Code   RO         1813    i.print_object      cjson.o
    0x08014b5c   0x08014b5c   0x00000010   Code   RO         1814    i.print_string      cjson.o
    0x08014b6c   0x08014b6c   0x00000174   Code   RO         1815    i.print_string_ptr  cjson.o
    0x08014ce0   0x08014ce0   0x00000104   Code   RO         1816    i.print_value       cjson.o
    0x08014de4   0x08014de4   0x000000c0   Code   RO         4751    i.prvAddCurrentTaskToDelayedList  tasks.o
    0x08014ea4   0x08014ea4   0x000000ec   Code   RO         4752    i.prvAddNewTaskToReadyList  tasks.o
    0x08014f90   0x08014f90   0x00000064   Code   RO         5124    i.prvCheckForValidListAndQueue  timers.o
    0x08014ff4   0x08014ff4   0x00000048   Code   RO         4753    i.prvCheckTasksWaitingTermination  tasks.o
    0x0801503c   0x0801503c   0x0000002a   Code   RO         4536    i.prvCopyDataFromQueue  queue.o
    0x08015066   0x08015066   0x0000007e   Code   RO         4537    i.prvCopyDataToQueue  queue.o
    0x080150e4   0x080150e4   0x00000012   Code   RO         4754    i.prvDeleteTCB      tasks.o
    0x080150f6   0x080150f6   0x00000014   Code   RO         4538    i.prvGetDisinheritPriorityAfterTimeout  queue.o
    0x0801510a   0x0801510a   0x00000002   PAD
    0x0801510c   0x0801510c   0x00000028   Code   RO         5125    i.prvGetNextExpireTime  timers.o
    0x08015134   0x08015134   0x0000007c   Code   RO         5274    i.prvHeapInit       heap_4.o
    0x080151b0   0x080151b0   0x00000028   Code   RO         4755    i.prvIdleTask       tasks.o
    0x080151d8   0x080151d8   0x0000001e   Code   RO         4539    i.prvInitialiseMutex  queue.o
    0x080151f6   0x080151f6   0x0000002a   Code   RO         4540    i.prvInitialiseNewQueue  queue.o
    0x08015220   0x08015220   0x0000009a   Code   RO         4756    i.prvInitialiseNewTask  tasks.o
    0x080152ba   0x080152ba   0x00000002   PAD
    0x080152bc   0x080152bc   0x00000068   Code   RO         4757    i.prvInitialiseTaskLists  tasks.o
    0x08015324   0x08015324   0x00000068   Code   RO         5275    i.prvInsertBlockIntoFreeList  heap_4.o
    0x0801538c   0x0801538c   0x00000058   Code   RO         5127    i.prvInsertTimerInActiveList  timers.o
    0x080153e4   0x080153e4   0x0000001a   Code   RO         4541    i.prvIsQueueEmpty   queue.o
    0x080153fe   0x080153fe   0x0000001e   Code   RO         4542    i.prvIsQueueFull    queue.o
    0x0801541c   0x0801541c   0x00000044   Code   RO         5128    i.prvProcessExpiredTimer  timers.o
    0x08015460   0x08015460   0x000000f8   Code   RO         5129    i.prvProcessReceivedCommands  timers.o
    0x08015558   0x08015558   0x00000074   Code   RO         5130    i.prvProcessTimerOrBlockTask  timers.o
    0x080155cc   0x080155cc   0x00000028   Code   RO         5131    i.prvReloadTimer    timers.o
    0x080155f4   0x080155f4   0x00000030   Code   RO         4759    i.prvResetNextTaskUnblockTime  tasks.o
    0x08015624   0x08015624   0x0000002c   Code   RO         5132    i.prvSampleTimeNow  timers.o
    0x08015650   0x08015650   0x00000044   Code   RO         5133    i.prvSwitchTimerLists  timers.o
    0x08015694   0x08015694   0x00000016   Code   RO         5331    i.prvTaskExitError  port.o
    0x080156aa   0x080156aa   0x00000002   PAD
    0x080156ac   0x080156ac   0x00000040   Code   RO         4761    i.prvTaskIsTaskSuspended  tasks.o
    0x080156ec   0x080156ec   0x0000001e   Code   RO         4407    i.prvTestWaitCondition  event_groups.o
    0x0801570a   0x0801570a   0x0000001a   Code   RO         5134    i.prvTimerTask      timers.o
    0x08015724   0x08015724   0x0000007e   Code   RO         4543    i.prvUnlockQueue    queue.o
    0x080157a2   0x080157a2   0x00000138   Code   RO         4075    i.put_fat           ff.o
    0x080158da   0x080158da   0x00000002   PAD
    0x080158dc   0x080158dc   0x00000080   Code   RO         4076    i.put_lfn           ff.o
    0x0801595c   0x0801595c   0x00000042   Code   RO         4077    i.put_utf           ff.o
    0x0801599e   0x0801599e   0x00000002   PAD
    0x080159a0   0x080159a0   0x000000fc   Code   RO         5276    i.pvPortMalloc      heap_4.o
    0x08015a9c   0x08015a9c   0x00000020   Code   RO         4762    i.pvTaskIncrementMutexHeldCount  tasks.o
    0x08015abc   0x08015abc   0x0000002c   Code   RO         5332    i.pxPortInitialiseStack  port.o
    0x08015ae8   0x08015ae8   0x0000008c   Code   RO          158    i.read_485dev_addr  main.o
    0x08015b74   0x08015b74   0x000001ac   Code   RO          938    i.read_offline_data  sd_operation.o
    0x08015d20   0x08015d20   0x0000009a   Code   RO         4078    i.remove_chain      ff.o
    0x08015dba   0x08015dba   0x00000026   Code   RO         1590    i.rs232_check_rev_data  rs232.o
    0x08015de0   0x08015de0   0x00000194   Code   RO         1591    i.rs232_data_prase  rs232.o
    0x08015f74   0x08015f74   0x0000019c   Code   RO         1592    i.rs232_data_xiangmu_prase  rs232.o
    0x08016110   0x08016110   0x000000b8   Code   RO         1593    i.rs232_uart_config  rs232.o
    0x080161c8   0x080161c8   0x00000030   Code   RO         1594    i.rs232_uart_tx_bytes  rs232.o
    0x080161f8   0x080161f8   0x00000044   Code   RO         1595    i.rs232_wait_updata_ok  rs232.o
    0x0801623c   0x0801623c   0x000000f4   Code   RO         1239    i.rs485_uart_config  rs485.o
    0x08016330   0x08016330   0x00000030   Code   RO         1240    i.rs485_uart_tx_bytes  rs485.o
    0x08016360   0x08016360   0x00000274   Code   RO         1548    i.salver_rev_232dev_data_handle_Task  sensor_data_transmit_task.o
    0x080165d4   0x080165d4   0x000000c4   Code   RO         2425    i.scanner_232UARTConfig  scanner.o
    0x08016698   0x08016698   0x000002b8   Code   RO          939    i.sd_change_base64_file  sd_operation.o
    0x08016950   0x08016950   0x000000b0   Code   RO          940    i.sd_create_firmware_file  sd_operation.o
    0x08016a00   0x08016a00   0x00000178   Code   RO          942    i.sd_mark_firmware_version  sd_operation.o
    0x08016b78   0x08016b78   0x00000250   Code   RO          943    i.sd_read_defaultconfig  sd_operation.o
    0x08016dc8   0x08016dc8   0x00000224   Code   RO          944    i.sd_read_dev_firmware_version  sd_operation.o
    0x08016fec   0x08016fec   0x00000104   Code   RO          945    i.sd_read_firmware  sd_operation.o
    0x080170f0   0x080170f0   0x000000ac   Code   RO          946    i.sd_read_firmware_size  sd_operation.o
    0x0801719c   0x0801719c   0x00000130   Code   RO          947    i.sd_read_firmware_version  sd_operation.o
    0x080172cc   0x080172cc   0x00000334   Code   RO          948    i.sd_read_network_config  sd_operation.o
    0x08017600   0x08017600   0x00000058   Code   RO          949    i.sd_read_path      sd_operation.o
    0x08017658   0x08017658   0x0000010c   Code   RO          950    i.sd_write_firmware_file  sd_operation.o
    0x08017764   0x08017764   0x00000060   Code   RO         1241    i.send485_ack       rs485.o
    0x080177c4   0x080177c4   0x00000032   Code   RO         1242    i.send485_ack_err   rs485.o
    0x080177f6   0x080177f6   0x00000002   PAD
    0x080177f8   0x080177f8   0x00000104   Code   RO         1243    i.send485_firmware_data  rs485.o
    0x080178fc   0x080178fc   0x000000f8   Code   RO         1244    i.send485_firmware_update_end  rs485.o
    0x080179f4   0x080179f4   0x000000fc   Code   RO         1245    i.send485_firmware_update_start  rs485.o
    0x08017af0   0x08017af0   0x000000e8   Code   RO         1246    i.send485_frimware_update_notify  rs485.o
    0x08017bd8   0x08017bd8   0x000000d0   Code   RO         1247    i.send485_master_inquiry  rs485.o
    0x08017ca8   0x08017ca8   0x000000fc   Code   RO         1248    i.send485_sensor_data  rs485.o
    0x08017da4   0x08017da4   0x00000038   Code   RO         1598    i.send_rs232_err_ack  rs232.o
    0x08017ddc   0x08017ddc   0x00000038   Code   RO         1599    i.send_rs232_ok_ack  rs232.o
    0x08017e14   0x08017e14   0x000000b4   Code   RO         1600    i.send_rs2332_updata_firmware  rs232.o
    0x08017ec8   0x08017ec8   0x00000094   Code   RO         1601    i.send_rs2332_updata_firmware_data_end  rs232.o
    0x08017f5c   0x08017f5c   0x0000007e   Code   RO         1602    i.send_rs2332_updata_firmware_data_ing  rs232.o
    0x08017fda   0x08017fda   0x0000005c   Code   RO         1603    i.send_rs2332_updata_firmware_size  rs232.o
    0x08018036   0x08018036   0x00000002   PAD
    0x08018038   0x08018038   0x0000003c   Code   RO         1249    i.send_rs485_commond  rs485.o
    0x08018074   0x08018074   0x00000278   Code   RO         1521    i.server_data_process_Task  server_data_process_task.o
    0x080182ec   0x080182ec   0x0000003c   Code   RO         1820    i.skip_utf8_bom     cjson.o
    0x08018328   0x08018328   0x0000006e   Code   RO         5784    i.sqrt              m_wm.l(sqrt.o)
    0x08018396   0x08018396   0x00000024   Code   RO         4079    i.st_clust          ff.o
    0x080183ba   0x080183ba   0x00000018   Code   RO         4080    i.st_dword          ff.o
    0x080183d2   0x080183d2   0x0000000c   Code   RO         4081    i.st_word           ff.o
    0x080183de   0x080183de   0x00000006   Code   RO         1821    i.suffix_object     cjson.o
    0x080183e4   0x080183e4   0x00000020   Code   RO         4082    i.sum_sfn           ff.o
    0x08018404   0x08018404   0x00000090   Code   RO         4083    i.sync_fs           ff.o
    0x08018494   0x08018494   0x0000004a   Code   RO         4084    i.sync_window       ff.o
    0x080184de   0x080184de   0x0000004c   Code   RO         4085    i.tchar2uni         ff.o
    0x0801852a   0x0801852a   0x00000024   Code   RO         1822    i.update_offset     cjson.o
    0x0801854e   0x0801854e   0x0000012c   Code   RO         1823    i.utf16_literal_to_utf8  cjson.o
    0x0801867a   0x0801867a   0x00000028   Code   RO         4499    i.uxListRemove      list.o
    0x080186a2   0x080186a2   0x00000002   PAD
    0x080186a4   0x080186a4   0x0000001c   Code   RO         4770    i.uxTaskResetEventItemValue  tasks.o
    0x080186c0   0x080186c0   0x0000001a   Code   RO         4500    i.vListInitialise   list.o
    0x080186da   0x080186da   0x00000006   Code   RO         4501    i.vListInitialiseItem  list.o
    0x080186e0   0x080186e0   0x00000034   Code   RO         4502    i.vListInsert       list.o
    0x08018714   0x08018714   0x00000018   Code   RO         4503    i.vListInsertEnd    list.o
    0x0801872c   0x0801872c   0x00000024   Code   RO         5334    i.vPortEnterCritical  port.o
    0x08018750   0x08018750   0x00000020   Code   RO         5335    i.vPortExitCritical  port.o
    0x08018770   0x08018770   0x00000058   Code   RO         5277    i.vPortFree         heap_4.o
    0x080187c8   0x080187c8   0x00000028   Code   RO         5336    i.vPortSetupTimerInterrupt  port.o
    0x080187f0   0x080187f0   0x00000048   Code   RO         4549    i.vQueueAddToRegistry  queue.o
    0x08018838   0x08018838   0x0000004a   Code   RO         4553    i.vQueueWaitForMessageRestricted  queue.o
    0x08018882   0x08018882   0x00000002   PAD
    0x08018884   0x08018884   0x00000034   Code   RO         4771    i.vTaskDelay        tasks.o
    0x080188b8   0x080188b8   0x00000018   Code   RO         4776    i.vTaskInternalSetTimeOutState  tasks.o
    0x080188d0   0x080188d0   0x0000000c   Code   RO         4777    i.vTaskMissedYield  tasks.o
    0x080188dc   0x080188dc   0x00000020   Code   RO         4778    i.vTaskPlaceOnEventList  tasks.o
    0x080188fc   0x080188fc   0x0000004c   Code   RO         4779    i.vTaskPlaceOnEventListRestricted  tasks.o
    0x08018948   0x08018948   0x00000050   Code   RO         4780    i.vTaskPlaceOnUnorderedEventList  tasks.o
    0x08018998   0x08018998   0x000000d4   Code   RO         4781    i.vTaskPriorityDisinheritAfterTimeout  tasks.o
    0x08018a6c   0x08018a6c   0x000000d0   Code   RO         4783    i.vTaskRemoveFromUnorderedEventList  tasks.o
    0x08018b3c   0x08018b3c   0x000000ac   Code   RO         4784    i.vTaskResume       tasks.o
    0x08018be8   0x08018be8   0x00000078   Code   RO         4787    i.vTaskStartScheduler  tasks.o
    0x08018c60   0x08018c60   0x000000d8   Code   RO         4788    i.vTaskSuspend      tasks.o
    0x08018d38   0x08018d38   0x00000010   Code   RO         4789    i.vTaskSuspendAll   tasks.o
    0x08018d48   0x08018d48   0x00000060   Code   RO         4790    i.vTaskSwitchContext  tasks.o
    0x08018da8   0x08018da8   0x0000003c   Code   RO         4086    i.validate          ff.o
    0x08018de4   0x08018de4   0x00000094   Code   RO         1074    i.wifi_connet_ap    wifi.o
    0x08018e78   0x08018e78   0x0000009c   Code   RO         1075    i.wifi_connet_server  wifi.o
    0x08018f14   0x08018f14   0x000001c0   Code   RO         1076    i.wifi_http_check_firmware  wifi.o
    0x080190d4   0x080190d4   0x0000025c   Code   RO         1077    i.wifi_http_data_report  wifi.o
    0x08019330   0x08019330   0x000000a8   Code   RO         1078    i.wifi_http_get_2052  wifi.o
    0x080193d8   0x080193d8   0x00000198   Code   RO         1079    i.wifi_http_get_firmware  wifi.o
    0x08019570   0x08019570   0x00000094   Code   RO         1080    i.wifi_init         wifi.o
    0x08019604   0x08019604   0x0000001c   Code   RO         1081    i.wifi_send_cmd     wifi.o
    0x08019620   0x08019620   0x00000020   Code   RO         1082    i.wifi_send_data    wifi.o
    0x08019640   0x08019640   0x00000080   Code   RO         1083    i.wifi_send_data_tcp  wifi.o
    0x080196c0   0x080196c0   0x00000064   Code   RO         1084    i.wifi_soft_reset   wifi.o
    0x08019724   0x08019724   0x000000a0   Code   RO         1085    i.wifi_tcpip_get_connection_status  wifi.o
    0x080197c4   0x080197c4   0x00000030   Code   RO         1086    i.wifi_tx_bytes     wifi.o
    0x080197f4   0x080197f4   0x0000002c   Code   RO         1087    i.wifi_tx_string    wifi.o
    0x08019820   0x08019820   0x000000c0   Code   RO         1088    i.wifi_uartConfig   wifi.o
    0x080198e0   0x080198e0   0x000000ac   Code   RO         1089    i.wifi_wait_for_respoend  wifi.o
    0x0801998c   0x0801998c   0x00000020   Code   RO         4413    i.xEventGroupClearBits  event_groups.o
    0x080199ac   0x080199ac   0x0000001a   Code   RO         4414    i.xEventGroupCreate  event_groups.o
    0x080199c6   0x080199c6   0x00000092   Code   RO         4416    i.xEventGroupSetBits  event_groups.o
    0x08019a58   0x08019a58   0x000000cc   Code   RO         4418    i.xEventGroupWaitBits  event_groups.o
    0x08019b24   0x08019b24   0x00000048   Code   RO         5337    i.xPortStartScheduler  port.o
    0x08019b6c   0x08019b6c   0x00000022   Code   RO         4555    i.xQueueCreateMutex  queue.o
    0x08019b8e   0x08019b8e   0x0000004c   Code   RO         4556    i.xQueueGenericCreate  queue.o
    0x08019bda   0x08019bda   0x00000002   PAD
    0x08019bdc   0x08019bdc   0x000000a0   Code   RO         4557    i.xQueueGenericReset  queue.o
    0x08019c7c   0x08019c7c   0x00000118   Code   RO         4558    i.xQueueGenericSend  queue.o
    0x08019d94   0x08019d94   0x00000104   Code   RO         4566    i.xQueueReceive     queue.o
    0x08019e98   0x08019e98   0x00000130   Code   RO         4568    i.xQueueSemaphoreTake  queue.o
    0x08019fc8   0x08019fc8   0x00000060   Code   RO         4792    i.xTaskCheckForTimeOut  tasks.o
    0x0801a028   0x0801a028   0x00000060   Code   RO         4793    i.xTaskCreate       tasks.o
    0x0801a088   0x0801a088   0x0000014c   Code   RO         4795    i.xTaskGenericNotify  tasks.o
    0x0801a1d4   0x0801a1d4   0x000000ac   Code   RO         4798    i.xTaskGenericNotifyWait  tasks.o
    0x0801a280   0x0801a280   0x0000000c   Code   RO         4801    i.xTaskGetTickCount  tasks.o
    0x0801a28c   0x0801a28c   0x00000190   Code   RO         4803    i.xTaskIncrementTick  tasks.o
    0x0801a41c   0x0801a41c   0x000000ac   Code   RO         4804    i.xTaskPriorityDisinherit  tasks.o
    0x0801a4c8   0x0801a4c8   0x000000ec   Code   RO         4805    i.xTaskPriorityInherit  tasks.o
    0x0801a5b4   0x0801a5b4   0x00000108   Code   RO         4806    i.xTaskRemoveFromEventList  tasks.o
    0x0801a6bc   0x0801a6bc   0x0000015c   Code   RO         4807    i.xTaskResumeAll    tasks.o
    0x0801a818   0x0801a818   0x00000040   Code   RO         5142    i.xTimerCreateTimerTask  timers.o
    0x0801a858   0x0801a858   0x0000002c   Code   RO         5869    locale$$code        c_w.l(lc_ctype_c.o)
    0x0801a884   0x0801a884   0x0000002c   Code   RO         5872    locale$$code        c_w.l(lc_numeric_c.o)
    0x0801a8b0   0x0801a8b0   0x00000018   Code   RO         5732    x$fpl$basic         fz_wm.l(basic.o)
    0x0801a8c8   0x0801a8c8   0x00000062   Code   RO         5575    x$fpl$d2f           fz_wm.l(d2f.o)
    0x0801a92a   0x0801a92a   0x00000002   PAD
    0x0801a92c   0x0801a92c   0x00000150   Code   RO         5734    x$fpl$dadd          fz_wm.l(daddsub_clz.o)
    0x0801aa7c   0x0801aa7c   0x00000010   Code   RO         5887    x$fpl$dcheck1       fz_wm.l(dcheck1.o)
    0x0801aa8c   0x0801aa8c   0x00000018   Code   RO         5740    x$fpl$dcmpinf       fz_wm.l(dcmpi.o)
    0x0801aaa4   0x0801aaa4   0x000002b0   Code   RO         5743    x$fpl$ddiv          fz_wm.l(ddiv.o)
    0x0801ad54   0x0801ad54   0x00000078   Code   RO         5577    x$fpl$deqf          fz_wm.l(deqf.o)
    0x0801adcc   0x0801adcc   0x0000005e   Code   RO         5579    x$fpl$dfix          fz_wm.l(dfix.o)
    0x0801ae2a   0x0801ae2a   0x0000002e   Code   RO         5584    x$fpl$dflt          fz_wm.l(dflt_clz.o)
    0x0801ae58   0x0801ae58   0x00000026   Code   RO         5583    x$fpl$dfltu         fz_wm.l(dflt_clz.o)
    0x0801ae7e   0x0801ae7e   0x00000002   PAD
    0x0801ae80   0x0801ae80   0x00000078   Code   RO         5589    x$fpl$dleqf         fz_wm.l(dleqf.o)
    0x0801aef8   0x0801aef8   0x00000154   Code   RO         5591    x$fpl$dmul          fz_wm.l(dmul.o)
    0x0801b04c   0x0801b04c   0x0000009c   Code   RO         5746    x$fpl$dnaninf       fz_wm.l(dnaninf.o)
    0x0801b0e8   0x0801b0e8   0x0000000c   Code   RO         5748    x$fpl$dretinf       fz_wm.l(dretinf.o)
    0x0801b0f4   0x0801b0f4   0x0000006c   Code   RO         5593    x$fpl$drleqf        fz_wm.l(drleqf.o)
    0x0801b160   0x0801b160   0x00000016   Code   RO         5735    x$fpl$drsb          fz_wm.l(daddsub_clz.o)
    0x0801b176   0x0801b176   0x00000002   PAD
    0x0801b178   0x0801b178   0x00000198   Code   RO         5889    x$fpl$dsqrt         fz_wm.l(dsqrt_umaal.o)
    0x0801b310   0x0801b310   0x000001d4   Code   RO         5736    x$fpl$dsub          fz_wm.l(daddsub_clz.o)
    0x0801b4e4   0x0801b4e4   0x00000056   Code   RO         5595    x$fpl$f2d           fz_wm.l(f2d.o)
    0x0801b53a   0x0801b53a   0x0000008c   Code   RO         5750    x$fpl$fnaninf       fz_wm.l(fnaninf.o)
    0x0801b5c6   0x0801b5c6   0x0000000a   Code   RO         5895    x$fpl$fpinit        fz_wm.l(fpinit.o)
    0x0801b5d0   0x0801b5d0   0x0000000a   Code   RO         5752    x$fpl$fretinf       fz_wm.l(fretinf.o)
    0x0801b5da   0x0801b5da   0x00000006   Code   RO         5897    x$fpl$ieeestatus    fz_wm.l(istatus.o)
    0x0801b5e0   0x0801b5e0   0x00000004   Code   RO         5597    x$fpl$printf1       fz_wm.l(printf1.o)
    0x0801b5e4   0x0801b5e4   0x00000064   Code   RO         5944    x$fpl$retnan        fz_wm.l(retnan.o)
    0x0801b648   0x0801b648   0x0000005c   Code   RO         5754    x$fpl$scalbn        fz_wm.l(scalbn.o)
    0x0801b6a4   0x0801b6a4   0x00000004   Code   RO         5599    x$fpl$scanf1        fz_wm.l(scanf1.o)
    0x0801b6a8   0x0801b6a8   0x00000008   Code   RO         5899    x$fpl$scanf2        fz_wm.l(scanf2.o)
    0x0801b6b0   0x0801b6b0   0x00000030   Code   RO         5984    x$fpl$trapveneer    fz_wm.l(trapv.o)
    0x0801b6e0   0x0801b6e0   0x00000000   Code   RO         5756    x$fpl$usenofp       fz_wm.l(usenofp.o)
    0x0801b6e0   0x0801b6e0   0x0000083e   Data   RO          580    .constdata          4g.o
    0x0801bf1e   0x0801bf1e   0x00000002   PAD
    0x0801bf20   0x0801bf20   0x00000882   Data   RO         1091    .constdata          wifi.o
    0x0801c7a2   0x0801c7a2   0x00000002   PAD
    0x0801c7a4   0x0801c7a4   0x00000600   Data   RO         1357    .constdata          crc16.o
    0x0801cda4   0x0801cda4   0x00000017   Data   RO         4087    .constdata          ff.o
    0x0801cdbb   0x0801cdbb   0x00000001   PAD
    0x0801cdbc   0x0801cdbc   0x0002abb6   Data   RO         4371    .constdata          ffunicode.o
    0x08047972   0x08047972   0x00000028   Data   RO         5496    .constdata          c_w.l(_printf_hex_int.o)
    0x0804799a   0x0804799a   0x00000011   Data   RO         5526    .constdata          c_w.l(__printf_flags_wp.o)
    0x080479ab   0x080479ab   0x00000005   PAD
    0x080479b0   0x080479b0   0x00000088   Data   RO         5604    .constdata          m_wm.l(pow.o)
    0x08047a38   0x08047a38   0x00000008   Data   RO         5781    .constdata          m_wm.l(qnan.o)
    0x08047a40   0x08047a40   0x00000094   Data   RO         5844    .constdata          c_w.l(bigflt0.o)
    0x08047ad4   0x08047ad4   0x00000108   Data   RO          581    .conststring        4g.o
    0x08047bdc   0x08047bdc   0x00000179   Data   RO         1092    .conststring        wifi.o
    0x08047d55   0x08047d55   0x00000003   PAD
    0x08047d58   0x08047d58   0x0000009a   Data   RO         1434    .conststring        offline_data_process_task.o
    0x08047df2   0x08047df2   0x00000002   PAD
    0x08047df4   0x08047df4   0x00000041   Data   RO         2392    .conststring        base64.o
    0x08047e35   0x08047e35   0x00000003   PAD
    0x08047e38   0x08047e38   0x00000020   Data   RO         6030    Region$$Table       anon$$obj.o
    0x08047e58   0x08047e58   0x00000008   Data   RO         5891    c$$dinf             fz_wm.l(fpconst.o)
    0x08047e60   0x08047e60   0x00000008   Data   RO         5894    c$$dmax             fz_wm.l(fpconst.o)
    0x08047e68   0x08047e68   0x00000110   Data   RO         5868    locale$$data        c_w.l(lc_ctype_c.o)
    0x08047f78   0x08047f78   0x0000001c   Data   RO         5871    locale$$data        c_w.l(lc_numeric_c.o)


    Execution Region RW_IRAM1 (Exec base: 0x20000000, Load base: 0x08047f94, Size: 0x00019b10, Max: 0x00020000, ABSOLUTE, COMPRESSED[0x0000003c])

    Exec Addr    Load Addr    Size         Type   Attr      Idx    E Section Name        Object

    0x20000000   COMPRESSED   0x00000014   Data   RW           16    .data               system_stm32f4xx.o
    0x20000014   COMPRESSED   0x00000060   Data   RW          160    .data               main.o
    0x20000074   COMPRESSED   0x00000004   Data   RW          355    .data               debug_uart.o
    0x20000078   COMPRESSED   0x00000003   Data   RW          582    .data               4g.o
    0x2000007b   COMPRESSED   0x00000001   PAD
    0x2000007c   COMPRESSED   0x00000010   Data   RW          750    .data               sd_sdio.o
    0x2000008c   COMPRESSED   0x00000003   Data   RW         1093    .data               wifi.o
    0x2000008f   COMPRESSED   0x00000008   Data   RW         1251    .data               rs485.o
    0x20000097   COMPRESSED   0x00000004   Data   RW         1605    .data               rs232.o
    0x2000009b   COMPRESSED   0x00000001   PAD
    0x2000009c   COMPRESSED   0x00000014   Data   RW         1825    .data               cjson.o
    0x200000b0   COMPRESSED   0x00000004   Data   RW         2393    .data               base64.o
    0x200000b4   COMPRESSED   0x00000010   Data   RW         2577    .data               stm32f4xx_rcc.o
    0x200000c4   COMPRESSED   0x00000006   Data   RW         4088    .data               ff.o
    0x200000ca   COMPRESSED   0x00000002   PAD
    0x200000cc   COMPRESSED   0x00000040   Data   RW         4810    .data               tasks.o
    0x2000010c   COMPRESSED   0x00000014   Data   RW         5149    .data               timers.o
    0x20000120   COMPRESSED   0x00000020   Data   RW         5283    .data               heap_4.o
    0x20000140   COMPRESSED   0x00000004   Data   RW         5338    .data               port.o
    0x20000144   COMPRESSED   0x00000004   Data   RW         5545    .data               c_w.l(strtok.o)
    0x20000148        -       0x000002b8   Zero   RW          159    .bss                main.o
    0x20000400        -       0x0000000a   Zero   RW          430    .bss                rtc.o
    0x2000040a        -       0x000004b8   Zero   RW          579    .bss                4g.o
    0x200008c2   COMPRESSED   0x00000006   PAD
    0x200008c8        -       0x000002c0   Zero   RW          749    .bss                sd_sdio.o
    0x20000b88        -       0x000004b8   Zero   RW         1090    .bss                wifi.o
    0x20001040        -       0x00000408   Zero   RW         1250    .bss                rs485.o
    0x20001448        -       0x00001008   Zero   RW         1604    .bss                rs232.o
    0x20002450        -       0x00000040   Zero   RW         2359    .bss                makedata.o
    0x20002490        -       0x0000004e   Zero   RW         2428    .bss                scanner.o
    0x200024de   COMPRESSED   0x00000002   PAD
    0x200024e0        -       0x00000040   Zero   RW         4570    .bss                queue.o
    0x20002520        -       0x00000168   Zero   RW         4809    .bss                tasks.o
    0x20002688        -       0x00000028   Zero   RW         5148    .bss                timers.o
    0x200026b0        -       0x00012c00   Zero   RW         5282    .bss                heap_4.o
    0x200152b0        -       0x00000060   Zero   RW         5797    .bss                c_w.l(libspace.o)
    0x20015310        -       0x00002800   Zero   RW            2    HEAP                startup_stm32f40_41xxx.o
    0x20017b10        -       0x00002000   Zero   RW            1    STACK               startup_stm32f40_41xxx.o


==============================================================================

Image component sizes


      Code (inc. data)   RO Data    RW Data    ZI Data      Debug   Object Name

      3564       1216       2374          3       1208      19652   4g.o
       216          4         65          4          0       1621   base64.o
      5118        196          0         20          0      32200   cjson.o
       100         12       1536          0          0       1871   crc16.o
       116         16          0          4          0       4372   debug_uart.o
       306         10          0          0          0       5436   diskio.o
       438          6          0          0          0      17190   event_groups.o
      8970        100         23          6          0      58545   ff.o
        24          0          0          0          0       1027   ffsystem.o
       396         28     175030          0          0       2788   ffunicode.o
      1920        600          0          0          0       4521   firmware_transmit_task.o
       568         72          0         32      76800       3839   heap_4.o
        88          4          0          0          0        495   led.o
       148          0          0          0          0       3086   list.o
      1848        878          0         96        696     268217   main.o
       604        150          0          0         64       2982   makedata.o
       120         14          0          0          0       1040   misc.o
       632        136          0          0          0       2712   network_status_task.o
       252         96        154          0          0        688   offline_data_process_task.o
       488         56          0          4          0       9460   port.o
      1702         22          0          0         64      15913   queue.o
      2350        108          0          4       4104      13030   rs232.o
      2576        126          0          8       1032      15231   rs485.o
       632         54          0          0         10       4747   rtc.o
       284         18          0          0         78       2312   scanner.o
      5616       2174          0          0          0      16716   sd_operation.o
      7450        410          0         16        704      34061   sd_sdio.o
      1436        574          0          0          0       2879   sensor_data_transmit_task.o
       632        200          0          0          0       1051   server_data_process_task.o
        64         26        392          0      18432        848   startup_stm32f40_41xxx.o
       496         26          0          0          0       4320   stm32f4xx_dma.o
       284          0          0          0          0       3634   stm32f4xx_gpio.o
       360         42          0         16          0       5292   stm32f4xx_rcc.o
       208         38          0          0          0       5757   stm32f4xx_sdio.o
       344          8          0          0          0       4185   stm32f4xx_usart.o
       340         32          0         20          0      56473   system_stm32f4xx.o
      4432        476          0         64        360      39280   tasks.o
       902        110          0         20         40      10480   timers.o
      3672       1014       2555          3       1208      18601   wifi.o

    ----------------------------------------------------------------------
     59742       9052     182174        324     104808     696552   Object Totals
         0          0         32          0          0          0   (incl. Generated)
        46          0         13          4          8          0   (incl. Padding)

    ----------------------------------------------------------------------

      Code (inc. data)   RO Data    RW Data    ZI Data      Debug   Library Member Name

        60          8          0          0          0         84   __0sscanf.o
        24          4          0          0          0         84   __2printf.o
        44          6          0          0          0         84   __2sprintf.o
        90          0          0          0          0          0   __dczerorl2.o
         8          0          0          0          0         68   __main.o
       312          4         17          0          0         92   __printf_flags_wp.o
        14          0          0          0          0         68   __printf_wp.o
         0          0          0          0          0          0   __rtentry.o
        12          0          0          0          0          0   __rtentry2.o
         6          0          0          0          0          0   __rtentry4.o
        52          8          0          0          0          0   __scatter.o
        28          0          0          0          0          0   __scatter_zi.o
        28          0          0          0          0         68   _chval.o
        44          0          0          0          0        108   _printf_char.o
        48          6          0          0          0         96   _printf_char_common.o
        36          4          0          0          0         80   _printf_char_file.o
         6          0          0          0          0          0   _printf_d.o
       120         16          0          0          0         92   _printf_dec.o
      1054          0          0          0          0        216   _printf_fp_dec.o
       128         16          0          0          0         84   _printf_fp_infnan.o
         6          0          0          0          0          0   _printf_g.o
        88          4         40          0          0         88   _printf_hex_int.o
       178          0          0          0          0         88   _printf_intcommon.o
        78          0          0          0          0        108   _printf_pad.o
         0          0          0          0          0          0   _printf_percent.o
         4          0          0          0          0          0   _printf_percent_end.o
         6          0          0          0          0          0   _printf_s.o
        82          0          0          0          0         80   _printf_str.o
         6          0          0          0          0          0   _printf_x.o
        22          0          0          0          0        100   _rserrno.o
       884          6          0          0          0        100   _scanf.o
        64          0          0          0          0         84   _sgetc.o
        10          0          0          0          0         68   _sputc.o
       158          0          0          0          0         92   _strtoul.o
        16          0          0          0          0         68   aeabi_memset.o
        26          0          0          0          0         80   atoi.o
       228          4        148          0          0         96   bigflt0.o
      2152        136          0          0          0        960   btod.o
        10          0          0          0          0         68   defsig_exit.o
        50          0          0          0          0         88   defsig_general.o
        80         58          0          0          0         76   defsig_rtmem_inner.o
        14          0          0          0          0         80   defsig_rtmem_outer.o
        18          0          0          0          0         80   exit.o
        94          0          0          0          0         80   h1_alloc.o
        52          0          0          0          0         68   h1_extend.o
        78          0          0          0          0         80   h1_free.o
        14          0          0          0          0         84   h1_init.o
       184          0          0          0          0         92   h1_realloc.o
         6          0          0          0          0        152   heapauxi.o
         4          0          0          0          0        136   hguard.o
       138          0          0          0          0        168   init_alloc.o
        18          0          0          0          0         76   isspace.o
        44         10        272          0          0         76   lc_ctype_c.o
        44         10         28          0          0         76   lc_numeric_c.o
         2          0          0          0          0          0   libinit.o
        42          0          0          0          0          0   libinit2.o
         2          0          0          0          0          0   libshutdown.o
         2          0          0          0          0          0   libshutdown2.o
         8          4          0          0         96         68   libspace.o
        72          0          0          0          0         76   llsdiv.o
        38          0          0          0          0         68   llshl.o
       138          0          0          0          0         80   lludiv10.o
       238          0          0          0          0        100   lludivv7m.o
         0          0          0          0          0          0   maybetermalloc1.o
        16          4          0          0          0         76   rt_ctype_table.o
         8          4          0          0          0         68   rt_errno_addr_intlibspace.o
         8          4          0          0          0         68   rt_heap_descriptor_intlibspace.o
         8          4          0          0          0         68   rt_locale_intlibspace.o
        68          0          0          0          0         68   rt_memclr.o
        78          0          0          0          0         80   rt_memclr_w.o
       138          0          0          0          0         68   rt_memcpy_v6.o
       100          0          0          0          0         80   rt_memcpy_w.o
         2          0          0          0          0          0   rtexit.o
        10          0          0          0          0          0   rtexit2.o
        44          8          0          0          0         84   scanf_char.o
      1272         16          0          0          0        168   scanf_fp.o
       800         14          0          0          0        100   scanf_hexfp.o
       308         16          0          0          0        100   scanf_infnan.o
        24          0          0          0          0         68   strcat.o
        20          0          0          0          0         68   strchr.o
       128          0          0          0          0         68   strcmpv7m.o
        72          0          0          0          0         80   strcpy.o
        32          0          0          0          0         80   strcspn.o
        62          0          0          0          0         76   strlen.o
       150          0          0          0          0         80   strncmp.o
        28          0          0          0          0         80   strspn.o
        36          0          0          0          0         80   strstr.o
       164         14          0          0          0        120   strtod.o
        12          6          0          4          0         68   strtok.o
        68          4          0          0          0         84   strtok_int.o
       112          0          0          0          0         88   strtol.o
        74          0          0          0          0         80   sys_stackheap_outer.o
        26          0          0          0          0         76   tolower.o
         2          0          0          0          0         68   use_no_semi.o
        24          0          0          0          0        164   basic.o
        98          4          0          0          0        140   d2f.o
       826         16          0          0          0        492   daddsub_clz.o
        16          4          0          0          0        116   dcheck1.o
        24          0          0          0          0        116   dcmpi.o
       688        140          0          0          0        256   ddiv.o
       120          4          0          0          0        140   deqf.o
        94          4          0          0          0        140   dfix.o
        84          0          0          0          0        232   dflt_clz.o
       120          4          0          0          0        140   dleqf.o
       340         12          0          0          0        152   dmul.o
       156          4          0          0          0        140   dnaninf.o
        12          0          0          0          0        116   dretinf.o
       108          0          0          0          0        128   drleqf.o
       408         56          0          0          0        168   dsqrt_umaal.o
        86          4          0          0          0        132   f2d.o
       140          4          0          0          0        132   fnaninf.o
         0          0         16          0          0          0   fpconst.o
        10          0          0          0          0        116   fpinit.o
        10          0          0          0          0        116   fretinf.o
         6          0          0          0          0        116   istatus.o
         4          0          0          0          0        116   printf1.o
       100          0          0          0          0        116   retnan.o
        92          0          0          0          0        116   scalbn.o
         4          0          0          0          0        116   scanf1.o
         8          0          0          0          0        132   scanf2.o
        48          0          0          0          0        116   trapv.o
         0          0          0          0          0          0   usenofp.o
       164         44          0          0          0        620   dunder.o
        24          0          0          0          0        124   fabs.o
        48          0          0          0          0        124   fpclassify.o
       140         22          0          0          0        132   frexp.o
       228          8          0          0          0        308   ldexp.o
       266         16          0          0          0        308   narrow.o
       248          0          0          0          0        152   poly.o
      3152        296        136          0          0        352   pow.o
         0          0          8          0          0          0   qnan.o
       110          0          0          0          0        148   sqrt.o
        40         10          0          0          0        128   strtod.o

    ----------------------------------------------------------------------
     19450       1050        670          4         96      13760   Library Totals
        22          0          5          0          0          0   (incl. Padding)

    ----------------------------------------------------------------------

      Code (inc. data)   RO Data    RW Data    ZI Data      Debug   Library Name

     11382        398        505          4         96       7400   c_w.l
      3626        256         16          0          0       3964   fz_wm.l
      4420        396        144          0          0       2396   m_wm.l

    ----------------------------------------------------------------------
     19450       1050        670          4         96      13760   Library Totals

    ----------------------------------------------------------------------

==============================================================================


      Code (inc. data)   RO Data    RW Data    ZI Data      Debug   

     79192      10102     182844        328     104904     665996   Grand Totals
     79192      10102     182844         60     104904     665996   ELF Image Totals (compressed)
     79192      10102     182844         60          0          0   ROM Totals

==============================================================================

    Total RO  Size (Code + RO Data)               262036 ( 255.89kB)
    Total RW  Size (RW Data + ZI Data)            105232 ( 102.77kB)
    Total ROM Size (Code + RO Data + RW Data)     262096 ( 255.95kB)

==============================================================================

