Component: ARM Compiler 5.06 update 6 (build 750) Tool: armlink [4d35ed]

==============================================================================

Section Cross References

    startup_stm32f40_41xxx.o(STACK) refers (Special) to heapauxi.o(.text) for __use_two_region_memory
    startup_stm32f40_41xxx.o(HEAP) refers (Special) to heapauxi.o(.text) for __use_two_region_memory
    startup_stm32f40_41xxx.o(RESET) refers (Special) to heapauxi.o(.text) for __use_two_region_memory
    startup_stm32f40_41xxx.o(RESET) refers to startup_stm32f40_41xxx.o(STACK) for __initial_sp
    startup_stm32f40_41xxx.o(RESET) refers to startup_stm32f40_41xxx.o(.text) for Reset_Handler
    startup_stm32f40_41xxx.o(RESET) refers to debug_uart.o(i.USART3_IRQHandler) for USART3_IRQHandler
    startup_stm32f40_41xxx.o(RESET) refers to sd_sdio.o(i.SDIO_IRQHandler) for SDIO_IRQHandler
    startup_stm32f40_41xxx.o(.text) refers (Special) to heapauxi.o(.text) for __use_two_region_memory
    startup_stm32f40_41xxx.o(.text) refers to system_stm32f4xx.o(i.SystemInit) for SystemInit
    startup_stm32f40_41xxx.o(.text) refers to __main.o(!!!main) for __main
    startup_stm32f40_41xxx.o(.text) refers to startup_stm32f40_41xxx.o(HEAP) for Heap_Mem
    startup_stm32f40_41xxx.o(.text) refers to startup_stm32f40_41xxx.o(STACK) for Stack_Mem
    system_stm32f4xx.o(i.SystemCoreClockUpdate) refers to system_stm32f4xx.o(.data) for SystemCoreClock
    system_stm32f4xx.o(i.SystemInit) refers to system_stm32f4xx.o(i.SetSysClock) for SetSysClock
    main.o(i.main) refers to debug_uart.o(i.debug_uartConfig) for debug_uartConfig
    main.o(i.main) refers to led.o(i.LED_Init) for LED_Init
    main.o(i.main) refers to sd_sdio.o(i.SD_Init) for SD_Init
    main.o(i.main) refers to __2printf.o(.text) for __2printf
    main.o(i.main) refers to ff.o(i.f_mount) for f_mount
    main.o(i.main) refers to jumpapp.o(i.iap_load_app) for iap_load_app
    main.o(i.main) refers to main.o(i.sd_read_dev_firmware_version) for sd_read_dev_firmware_version
    main.o(i.main) refers to main.o(i.sd_read_firmware_version) for sd_read_firmware_version
    main.o(i.main) refers to main.o(i.updata_app_from_sd_card) for updata_app_from_sd_card
    main.o(i.main) refers to main.o(i.delay_microsecond) for delay_microsecond
    main.o(i.main) refers to ff.o(i.f_unlink) for f_unlink
    main.o(i.main) refers to main.o(i.sd_mark_dev_firmware_version) for sd_mark_dev_firmware_version
    main.o(i.sd_mark_dev_firmware_version) refers to _printf_percent.o(.ARM.Collect$$_printf_percent$$00000000) for _printf_percent
    main.o(i.sd_mark_dev_firmware_version) refers to _printf_d.o(.ARM.Collect$$_printf_percent$$00000009) for _printf_d
    main.o(i.sd_mark_dev_firmware_version) refers to _printf_dec.o(.text) for _printf_int_dec
    main.o(i.sd_mark_dev_firmware_version) refers to ff.o(i.f_open) for f_open
    main.o(i.sd_mark_dev_firmware_version) refers to __2printf.o(.text) for __2printf
    main.o(i.sd_mark_dev_firmware_version) refers to rt_memclr_w.o(.text) for __aeabi_memclr4
    main.o(i.sd_mark_dev_firmware_version) refers to __2sprintf.o(.text) for __2sprintf
    main.o(i.sd_mark_dev_firmware_version) refers to strlen.o(.text) for strlen
    main.o(i.sd_mark_dev_firmware_version) refers to ff.o(i.f_write) for f_write
    main.o(i.sd_mark_dev_firmware_version) refers to h1_free.o(.text) for free
    main.o(i.sd_mark_dev_firmware_version) refers to ff.o(i.f_close) for f_close
    main.o(i.sd_read_dev_firmware_version) refers to _printf_percent.o(.ARM.Collect$$_printf_percent$$00000000) for _printf_percent
    main.o(i.sd_read_dev_firmware_version) refers to _printf_s.o(.ARM.Collect$$_printf_percent$$00000014) for _printf_s
    main.o(i.sd_read_dev_firmware_version) refers to _printf_str.o(.text) for _printf_str
    main.o(i.sd_read_dev_firmware_version) refers to ff.o(i.f_open) for f_open
    main.o(i.sd_read_dev_firmware_version) refers to rt_memclr_w.o(.text) for __aeabi_memclr4
    main.o(i.sd_read_dev_firmware_version) refers to ff.o(i.f_read) for f_read
    main.o(i.sd_read_dev_firmware_version) refers to __2printf.o(.text) for __2printf
    main.o(i.sd_read_dev_firmware_version) refers to ff.o(i.f_close) for f_close
    main.o(i.sd_read_dev_firmware_version) refers to cjson.o(i.cJSON_Parse) for cJSON_Parse
    main.o(i.sd_read_dev_firmware_version) refers to cjson.o(i.cJSON_Delete) for cJSON_Delete
    main.o(i.sd_read_dev_firmware_version) refers to cjson.o(i.cJSON_GetObjectItem) for cJSON_GetObjectItem
    main.o(i.sd_read_firmware_version) refers to _printf_percent.o(.ARM.Collect$$_printf_percent$$00000000) for _printf_percent
    main.o(i.sd_read_firmware_version) refers to _printf_s.o(.ARM.Collect$$_printf_percent$$00000014) for _printf_s
    main.o(i.sd_read_firmware_version) refers to _printf_str.o(.text) for _printf_str
    main.o(i.sd_read_firmware_version) refers to ff.o(i.f_open) for f_open
[...]
    __lcctype_c_start                        0x08007dd4   Data           0  lc_ctype_c.o(locale$$data)
    locale$$data                             0x08007ed8   Section       28  lc_numeric_c.o(locale$$data)
    __lcctype_c_end                          0x08007ed8   Data           0  lc_ctype_c.o(locale$$data)
    __lcnum_c_name                           0x08007edc   Data           2  lc_numeric_c.o(locale$$data)
    __lcnum_c_start                          0x08007ee4   Data           0  lc_numeric_c.o(locale$$data)
    __lcnum_c_point                          0x08007ef0   Data           0  lc_numeric_c.o(locale$$data)
    __lcnum_c_thousands                      0x08007ef2   Data           0  lc_numeric_c.o(locale$$data)
    __lcnum_c_grouping                       0x08007ef3   Data           0  lc_numeric_c.o(locale$$data)
    __lcnum_c_end                            0x08007ef4   Data           0  lc_numeric_c.o(locale$$data)
    HEAP                                     0x10000000   Section     8192  startup_stm32f40_41xxx.o(HEAP)
    Heap_Mem                                 0x10000000   Data        8192  startup_stm32f40_41xxx.o(HEAP)
    STACK                                    0x10002000   Section     4096  startup_stm32f40_41xxx.o(STACK)
    Stack_Mem                                0x10002000   Data        4096  startup_stm32f40_41xxx.o(STACK)
    __initial_sp                             0x10003000   Data           0  startup_stm32f40_41xxx.o(STACK)
    .data                                    0x20000000   Section        4  debug_uart.o(.data)
    .data                                    0x20000004   Section        4  jumpapp.o(.data)
    .data                                    0x20000008   Section       16  sd_sdio.o(.data)
    CardType                                 0x20000008   Data           1  sd_sdio.o(.data)
    RCA                                      0x2000000c   Data           4  sd_sdio.o(.data)
    DeviceMode                               0x20000010   Data           1  sd_sdio.o(.data)
    StopCondition                            0x20000011   Data           1  sd_sdio.o(.data)
    .data                                    0x20000018   Section       20  cjson.o(.data)
    global_error                             0x20000018   Data           8  cjson.o(.data)
    global_hooks                             0x20000020   Data          12  cjson.o(.data)
    .data                                    0x2000002c   Section       16  stm32f4xx_rcc.o(.data)
    APBAHBPrescTable                         0x2000002c   Data          16  stm32f4xx_rcc.o(.data)
    .data                                    0x2000003c   Section        6  ff.o(.data)
    FatFs                                    0x2000003c   Data           4  ff.o(.data)
    Fsid                                     0x20000040   Data           2  ff.o(.data)
    .bss                                     0x20000048   Section      704  sd_sdio.o(.bss)
    CSD_Tab                                  0x2000008c   Data          16  sd_sdio.o(.bss)
    CID_Tab                                  0x2000009c   Data          16  sd_sdio.o(.bss)
    .bss                                     0x20000308   Section       96  libspace.o(.bss)

    Global Symbols

    Symbol Name                              Value     Ov Type        Size  Object(Section)

    BuildAttributes$$THM_ISAv4$E$P$D$K$B$S$7EM$VFPi3$EXTD16$VFPS$VFMA$PE$A:L22UL41UL21$X:L11$S22US41US21$IEEE1$IW$USESV6$~STKCKD$USESV7$~SHL$OTIME$ROPI$IEEEX$EBA8$UX$STANDARDLIB$REQ8$PRES8$EABIv2 0x00000000   Number         0  anon$$obj.o ABSOLUTE
    __ARM_use_no_argv                        0x00000000   Number         0  main.o ABSOLUTE
    _printf_flags                            0x00000000   Number         0  printf_stubs.o ABSOLUTE
    _printf_return_value                     0x00000000   Number         0  printf_stubs.o ABSOLUTE
    _printf_sizespec                         0x00000000   Number         0  printf_stubs.o ABSOLUTE
    _printf_widthprec                        0x00000000   Number         0  printf_stubs.o ABSOLUTE
    __ARM_exceptions_init                     - Undefined Weak Reference
    __alloca_initialize                       - Undefined Weak Reference
    __arm_preinit_                            - Undefined Weak Reference
    __cpp_initialize__aeabi_                  - Undefined Weak Reference
    __cxa_finalize                            - Undefined Weak Reference
    __sigvec_lookup                           - Undefined Weak Reference
    __user_heap_extent                        - Undefined Weak Reference
    _atexit_init                              - Undefined Weak Reference
    _call_atexit_fns                          - Undefined Weak Reference
    _clock_init                               - Undefined Weak Reference
    _fp_trap_init                             - Undefined Weak Reference
    _fp_trap_shutdown                         - Undefined Weak Reference
    _get_lc_collate                           - Undefined Weak Reference
    _get_lc_monetary                          - Undefined Weak Reference
    _get_lc_time                              - Undefined Weak Reference
    _getenv_init                              - Undefined Weak Reference
    _handle_redirection                       - Undefined Weak Reference
    _initio                                   - Undefined Weak Reference
    _mutex_acquire                            - Undefined Weak Reference
    _mutex_free                               - Undefined Weak Reference
    _mutex_release                            - Undefined Weak Reference
    _printf_mbtowc                            - Undefined Weak Reference
    _printf_truncate_signed                   - Undefined Weak Reference
    _printf_truncate_unsigned                 - Undefined Weak Reference
    _rand_init                                - Undefined Weak Reference
    _scanf_int                                - Undefined Weak Reference
    _scanf_longlong                           - Undefined Weak Reference
    _scanf_mbtowc                             - Undefined Weak Reference
    _scanf_string                             - Undefined Weak Reference
    _scanf_wctomb                             - Undefined Weak Reference
    _scanf_wstring                            - Undefined Weak Reference
    _signal_finish                            - Undefined Weak Reference
    _signal_init                              - Undefined Weak Reference
    _terminateio                              - Undefined Weak Reference
    __Vectors_Size                           0x00000188   Number         0  startup_stm32f40_41xxx.o ABSOLUTE
    __Vectors                                0x08000000   Data           4  startup_stm32f40_41xxx.o(RESET)
    __Vectors_End                            0x08000188   Data           0  startup_stm32f40_41xxx.o(RESET)
    __main                                   0x08000189   Thumb Code     8  __main.o(!!!main)
    __scatterload                            0x08000191   Thumb Code     0  __scatter.o(!!!scatter)
    __scatterload_rt2                        0x08000191   Thumb Code    44  __scatter.o(!!!scatter)
    __scatterload_rt2_thumb_only             0x08000191   Thumb Code     0  __scatter.o(!!!scatter)
    __scatterload_null                       0x0800019f   Thumb Code     0  __scatter.o(!!!scatter)
    __scatterload_copy                       0x080001c5   Thumb Code    26  __scatter_copy.o(!!handler_copy)
    __scatterload_zeroinit                   0x080001e1   Thumb Code    28  __scatter_zi.o(!!handler_zi)
    _printf_d                                0x080001fd   Thumb Code     0  _printf_d.o(.ARM.Collect$$_printf_percent$$00000009)
    _printf_percent                          0x080001fd   Thumb Code     0  _printf_percent.o(.ARM.Collect$$_printf_percent$$00000000)
    _printf_x                                0x08000203   Thumb Code     0  _printf_x.o(.ARM.Collect$$_printf_percent$$0000000C)
    _printf_s                                0x08000209   Thumb Code     0  _printf_s.o(.ARM.Collect$$_printf_percent$$00000014)
    _printf_percent_end                      0x0800020f   Thumb Code     0  _printf_percent_end.o(.ARM.Collect$$_printf_percent$$00000017)
    __rt_lib_init                            0x08000213   Thumb Code     0  libinit.o(.ARM.Collect$$libinit$$00000000)
    __rt_lib_init_fp_1                       0x08000215   Thumb Code     0  libinit2.o(.ARM.Collect$$libinit$$00000001)
    __rt_lib_init_heap_2                     0x08000219   Thumb Code     0  libinit2.o(.ARM.Collect$$libinit$$00000005)
    __rt_lib_init_preinit_1                  0x08000219   Thumb Code     0  libinit2.o(.ARM.Collect$$libinit$$00000004)
    __rt_lib_init_heap_1                     0x08000221   Thumb Code     0  libinit2.o(.ARM.Collect$$libinit$$0000000A)
    __rt_lib_init_lc_common                  0x08000221   Thumb Code     0  libinit2.o(.ARM.Collect$$libinit$$0000000F)
    __rt_lib_init_rand_1                     0x08000221   Thumb Code     0  libinit2.o(.ARM.Collect$$libinit$$0000000E)
    __rt_lib_init_user_alloc_1               0x08000221   Thumb Code     0  libinit2.o(.ARM.Collect$$libinit$$0000000C)
    __rt_lib_init_lc_collate_1               0x08000227   Thumb Code     0  libinit2.o(.ARM.Collect$$libinit$$00000011)
    __rt_lib_init_lc_ctype_2                 0x08000227   Thumb Code     0  libinit2.o(.ARM.Collect$$libinit$$00000012)
    __rt_lib_init_lc_ctype_1                 0x08000233   Thumb Code     0  libinit2.o(.ARM.Collect$$libinit$$00000013)
    __rt_lib_init_lc_monetary_1              0x08000233   Thumb Code     0  libinit2.o(.ARM.Collect$$libinit$$00000015)
    __rt_lib_init_lc_numeric_2               0x08000233   Thumb Code     0  libinit2.o(.ARM.Collect$$libinit$$00000016)
    __rt_lib_init_alloca_1                   0x0800023d   Thumb Code     0  libinit2.o(.ARM.Collect$$libinit$$0000002E)
    __rt_lib_init_argv_1                     0x0800023d   Thumb Code     0  libinit2.o(.ARM.Collect$$libinit$$0000002C)
    __rt_lib_init_atexit_1                   0x0800023d   Thumb Code     0  libinit2.o(.ARM.Collect$$libinit$$0000001B)
    __rt_lib_init_clock_1                    0x0800023d   Thumb Code     0  libinit2.o(.ARM.Collect$$libinit$$00000021)
    __rt_lib_init_cpp_1                      0x0800023d   Thumb Code     0  libinit2.o(.ARM.Collect$$libinit$$00000032)
    __rt_lib_init_exceptions_1               0x0800023d   Thumb Code     0  libinit2.o(.ARM.Collect$$libinit$$00000030)
    __rt_lib_init_fp_trap_1                  0x0800023d   Thumb Code     0  libinit2.o(.ARM.Collect$$libinit$$0000001F)
    __rt_lib_init_getenv_1                   0x0800023d   Thumb Code     0  libinit2.o(.ARM.Collect$$libinit$$00000023)
    __rt_lib_init_lc_numeric_1               0x0800023d   Thumb Code     0  libinit2.o(.ARM.Collect$$libinit$$00000017)
    __rt_lib_init_lc_time_1                  0x0800023d   Thumb Code     0  libinit2.o(.ARM.Collect$$libinit$$00000019)
    __rt_lib_init_return                     0x0800023d   Thumb Code     0  libinit2.o(.ARM.Collect$$libinit$$00000033)
    __rt_lib_init_signal_1                   0x0800023d   Thumb Code     0  libinit2.o(.ARM.Collect$$libinit$$0000001D)
    __rt_lib_init_stdio_1                    0x0800023d   Thumb Code     0  libinit2.o(.ARM.Collect$$libinit$$00000025)
    __rt_lib_shutdown                        0x0800023f   Thumb Code     0  libshutdown.o(.ARM.Collect$$libshutdown$$00000000)
    __rt_lib_shutdown_cpp_1                  0x08000241   Thumb Code     0  libshutdown2.o(.ARM.Collect$$libshutdown$$00000002)
    __rt_lib_shutdown_fp_trap_1              0x08000241   Thumb Code     0  libshutdown2.o(.ARM.Collect$$libshutdown$$00000007)
    __rt_lib_shutdown_heap_1                 0x08000241   Thumb Code     0  libshutdown2.o(.ARM.Collect$$libshutdown$$0000000F)
    __rt_lib_shutdown_return                 0x08000241   Thumb Code     0  libshutdown2.o(.ARM.Collect$$libshutdown$$00000010)
    __rt_lib_shutdown_signal_1               0x08000241   Thumb Code     0  libshutdown2.o(.ARM.Collect$$libshutdown$$0000000A)
    __rt_lib_shutdown_stdio_1                0x08000241   Thumb Code     0  libshutdown2.o(.ARM.Collect$$libshutdown$$00000004)
    __rt_lib_shutdown_user_alloc_1           0x08000241   Thumb Code     0  libshutdown2.o(.ARM.Collect$$libshutdown$$0000000C)
    __rt_entry                               0x08000243   Thumb Code     0  __rtentry.o(.ARM.Collect$$rtentry$$00000000)
    __rt_entry_presh_1                       0x08000243   Thumb Code     0  __rtentry2.o(.ARM.Collect$$rtentry$$00000002)
    __rt_entry_sh                            0x08000243   Thumb Code     0  __rtentry4.o(.ARM.Collect$$rtentry$$00000004)
    __rt_entry_li                            0x08000249   Thumb Code     0  __rtentry2.o(.ARM.Collect$$rtentry$$0000000A)
    __rt_entry_postsh_1                      0x08000249   Thumb Code     0  __rtentry2.o(.ARM.Collect$$rtentry$$00000009)
    __rt_entry_main                          0x0800024d   Thumb Code     0  __rtentry2.o(.ARM.Collect$$rtentry$$0000000D)
    __rt_entry_postli_1                      0x0800024d   Thumb Code     0  __rtentry2.o(.ARM.Collect$$rtentry$$0000000C)
    __rt_exit                                0x08000255   Thumb Code     0  rtexit.o(.ARM.Collect$$rtexit$$00000000)
    __rt_exit_ls                             0x08000257   Thumb Code     0  rtexit2.o(.ARM.Collect$$rtexit$$00000003)
    __rt_exit_prels_1                        0x08000257   Thumb Code     0  rtexit2.o(.ARM.Collect$$rtexit$$00000002)
    __rt_exit_exit                           0x0800025b   Thumb Code     0  rtexit2.o(.ARM.Collect$$rtexit$$00000004)
    MSR_MSP                                  0x08000261   Thumb Code     6  jumpapp.o(.emb_text)
    INTX_DISABLE                             0x08000269   Thumb Code     4  sd_sdio.o(.emb_text)
    INTX_ENABLE                              0x0800026d   Thumb Code     4  sd_sdio.o(.emb_text)
    Reset_Handler                            0x08000271   Thumb Code     8  startup_stm32f40_41xxx.o(.text)
    _maybe_terminate_alloc                   0x08000271   Thumb Code     0  maybetermalloc1.o(.emb_text)
    NMI_Handler                              0x08000279   Thumb Code     2  startup_stm32f40_41xxx.o(.text)
    HardFault_Handler                        0x0800027b   Thumb Code     2  startup_stm32f40_41xxx.o(.text)
    MemManage_Handler                        0x0800027d   Thumb Code     2  startup_stm32f40_41xxx.o(.text)
    BusFault_Handler                         0x0800027f   Thumb Code     2  startup_stm32f40_41xxx.o(.text)
    UsageFault_Handler                       0x08000281   Thumb Code     2  startup_stm32f40_41xxx.o(.text)
    SVC_Handler                              0x08000283   Thumb Code     2  startup_stm32f40_41xxx.o(.text)
    DebugMon_Handler                         0x08000285   Thumb Code     2  startup_stm32f40_41xxx.o(.text)
    PendSV_Handler                           0x08000287   Thumb Code     2  startup_stm32f40_41xxx.o(.text)
    SysTick_Handler                          0x08000289   Thumb Code     2  startup_stm32f40_41xxx.o(.text)
    ADC_IRQHandler                           0x0800028b   Thumb Code     0  startup_stm32f40_41xxx.o(.text)
    CAN1_RX0_IRQHandler                      0x0800028b   Thumb Code     0  startup_stm32f40_41xxx.o(.text)
    CAN1_RX1_IRQHandler                      0x0800028b   Thumb Code     0  startup_stm32f40_41xxx.o(.text)
    CAN1_SCE_IRQHandler                      0x0800028b   Thumb Code     0  startup_stm32f40_41xxx.o(.text)
    CAN1_TX_IRQHandler                       0x0800028b   Thumb Code     0  startup_stm32f40_41xxx.o(.text)
    CAN2_RX0_IRQHandler                      0x0800028b   Thumb Code     0  startup_stm32f40_41xxx.o(.text)
    CAN2_RX1_IRQHandler                      0x0800028b   Thumb Code     0  startup_stm32f40_41xxx.o(.text)
    CAN2_SCE_IRQHandler                      0x0800028b   Thumb Code     0  startup_stm32f40_41xxx.o(.text)
    CAN2_TX_IRQHandler                       0x0800028b   Thumb Code     0  startup_stm32f40_41xxx.o(.text)
    CRYP_IRQHandler                          0x0800028b   Thumb Code     0  startup_stm32f40_41xxx.o(.text)
    DCMI_IRQHandler                          0x0800028b   Thumb Code     0  startup_stm32f40_41xxx.o(.text)
    DMA1_Stream0_IRQHandler                  0x0800028b   Thumb Code     0  startup_stm32f40_41xxx.o(.text)
    DMA1_Stream1_IRQHandler                  0x0800028b   Thumb Code     0  startup_stm32f40_41xxx.o(.text)
    DMA1_Stream2_IRQHandler                  0x0800028b   Thumb Code     0  startup_stm32f40_41xxx.o(.text)
    DMA1_Stream3_IRQHandler                  0x0800028b   Thumb Code     0  startup_stm32f40_41xxx.o(.text)
    DMA1_Stream4_IRQHandler                  0x0800028b   Thumb Code     0  startup_stm32f40_41xxx.o(.text)
    DMA1_Stream5_IRQHandler                  0x0800028b   Thumb Code     0  startup_stm32f40_41xxx.o(.text)
    DMA1_Stream6_IRQHandler                  0x0800028b   Thumb Code     0  startup_stm32f40_41xxx.o(.text)
    DMA1_Stream7_IRQHandler                  0x0800028b   Thumb Code     0  startup_stm32f40_41xxx.o(.text)
    DMA2_Stream0_IRQHandler                  0x0800028b   Thumb Code     0  startup_stm32f40_41xxx.o(.text)
    DMA2_Stream1_IRQHandler                  0x0800028b   Thumb Code     0  startup_stm32f40_41xxx.o(.text)
    DMA2_Stream2_IRQHandler                  0x0800028b   Thumb Code     0  startup_stm32f40_41xxx.o(.text)
    DMA2_Stream3_IRQHandler                  0x0800028b   Thumb Code     0  startup_stm32f40_41xxx.o(.text)
    DMA2_Stream4_IRQHandler                  0x0800028b   Thumb Code     0  startup_stm32f40_41xxx.o(.text)
    DMA2_Stream5_IRQHandler                  0x0800028b   Thumb Code     0  startup_stm32f40_41xxx.o(.text)
    DMA2_Stream6_IRQHandler                  0x0800028b   Thumb Code     0  startup_stm32f40_41xxx.o(.text)
    DMA2_Stream7_IRQHandler                  0x0800028b   Thumb Code     0  startup_stm32f40_41xxx.o(.text)
    ETH_IRQHandler                           0x0800028b   Thumb Code     0  startup_stm32f40_41xxx.o(.text)
    ETH_WKUP_IRQHandler                      0x0800028b   Thumb Code     0  startup_stm32f40_41xxx.o(.text)
    EXTI0_IRQHandler                         0x0800028b   Thumb Code     0  startup_stm32f40_41xxx.o(.text)
    EXTI15_10_IRQHandler                     0x0800028b   Thumb Code     0  startup_stm32f40_41xxx.o(.text)
    EXTI1_IRQHandler                         0x0800028b   Thumb Code     0  startup_stm32f40_41xxx.o(.text)
    EXTI2_IRQHandler                         0x0800028b   Thumb Code     0  startup_stm32f40_41xxx.o(.text)
    EXTI3_IRQHandler                         0x0800028b   Thumb Code     0  startup_stm32f40_41xxx.o(.text)
    EXTI4_IRQHandler                         0x0800028b   Thumb Code     0  startup_stm32f40_41xxx.o(.text)
    EXTI9_5_IRQHandler                       0x0800028b   Thumb Code     0  startup_stm32f40_41xxx.o(.text)
    FLASH_IRQHandler                         0x0800028b   Thumb Code     0  startup_stm32f40_41xxx.o(.text)
    FPU_IRQHandler                           0x0800028b   Thumb Code     0  startup_stm32f40_41xxx.o(.text)
    FSMC_IRQHandler                          0x0800028b   Thumb Code     0  startup_stm32f40_41xxx.o(.text)
    HASH_RNG_IRQHandler                      0x0800028b   Thumb Code     0  startup_stm32f40_41xxx.o(.text)
    I2C1_ER_IRQHandler                       0x0800028b   Thumb Code     0  startup_stm32f40_41xxx.o(.text)
    I2C1_EV_IRQHandler                       0x0800028b   Thumb Code     0  startup_stm32f40_41xxx.o(.text)
    I2C2_ER_IRQHandler                       0x0800028b   Thumb Code     0  startup_stm32f40_41xxx.o(.text)
    I2C2_EV_IRQHandler                       0x0800028b   Thumb Code     0  startup_stm32f40_41xxx.o(.text)
    I2C3_ER_IRQHandler                       0x0800028b   Thumb Code     0  startup_stm32f40_41xxx.o(.text)
    I2C3_EV_IRQHandler                       0x0800028b   Thumb Code     0  startup_stm32f40_41xxx.o(.text)
    OTG_FS_IRQHandler                        0x0800028b   Thumb Code     0  startup_stm32f40_41xxx.o(.text)
    OTG_FS_WKUP_IRQHandler                   0x0800028b   Thumb Code     0  startup_stm32f40_41xxx.o(.text)
    OTG_HS_EP1_IN_IRQHandler                 0x0800028b   Thumb Code     0  startup_stm32f40_41xxx.o(.text)
    OTG_HS_EP1_OUT_IRQHandler                0x0800028b   Thumb Code     0  startup_stm32f40_41xxx.o(.text)
    OTG_HS_IRQHandler                        0x0800028b   Thumb Code     0  startup_stm32f40_41xxx.o(.text)
    OTG_HS_WKUP_IRQHandler                   0x0800028b   Thumb Code     0  startup_stm32f40_41xxx.o(.text)
    PVD_IRQHandler                           0x0800028b   Thumb Code     0  startup_stm32f40_41xxx.o(.text)
    RCC_IRQHandler                           0x0800028b   Thumb Code     0  startup_stm32f40_41xxx.o(.text)
    RTC_Alarm_IRQHandler                     0x0800028b   Thumb Code     0  startup_stm32f40_41xxx.o(.text)
    RTC_WKUP_IRQHandler                      0x0800028b   Thumb Code     0  startup_stm32f40_41xxx.o(.text)
    SPI1_IRQHandler                          0x0800028b   Thumb Code     0  startup_stm32f40_41xxx.o(.text)
    SPI2_IRQHandler                          0x0800028b   Thumb Code     0  startup_stm32f40_41xxx.o(.text)
    SPI3_IRQHandler                          0x0800028b   Thumb Code     0  startup_stm32f40_41xxx.o(.text)
    TAMP_STAMP_IRQHandler                    0x0800028b   Thumb Code     0  startup_stm32f40_41xxx.o(.text)
    TIM1_BRK_TIM9_IRQHandler                 0x0800028b   Thumb Code     0  startup_stm32f40_41xxx.o(.text)
    TIM1_CC_IRQHandler                       0x0800028b   Thumb Code     0  startup_stm32f40_41xxx.o(.text)
    TIM1_TRG_COM_TIM11_IRQHandler            0x0800028b   Thumb Code     0  startup_stm32f40_41xxx.o(.text)
    TIM1_UP_TIM10_IRQHandler                 0x0800028b   Thumb Code     0  startup_stm32f40_41xxx.o(.text)
    TIM2_IRQHandler                          0x0800028b   Thumb Code     0  startup_stm32f40_41xxx.o(.text)
    TIM3_IRQHandler                          0x0800028b   Thumb Code     0  startup_stm32f40_41xxx.o(.text)
    TIM4_IRQHandler                          0x0800028b   Thumb Code     0  startup_stm32f40_41xxx.o(.text)
    TIM5_IRQHandler                          0x0800028b   Thumb Code     0  startup_stm32f40_41xxx.o(.text)
    TIM6_DAC_IRQHandler                      0x0800028b   Thumb Code     0  startup_stm32f40_41xxx.o(.text)
    TIM7_IRQHandler                          0x0800028b   Thumb Code     0  startup_stm32f40_41xxx.o(.text)
    TIM8_BRK_TIM12_IRQHandler                0x0800028b   Thumb Code     0  startup_stm32f40_41xxx.o(.text)
    TIM8_CC_IRQHandler                       0x0800028b   Thumb Code     0  startup_stm32f40_41xxx.o(.text)
    TIM8_TRG_COM_TIM14_IRQHandler            0x0800028b   Thumb Code     0  startup_stm32f40_41xxx.o(.text)
    TIM8_UP_TIM13_IRQHandler                 0x0800028b   Thumb Code     0  startup_stm32f40_41xxx.o(.text)
    UART4_IRQHandler                         0x0800028b   Thumb Code     0  startup_stm32f40_41xxx.o(.text)
    UART5_IRQHandler                         0x0800028b   Thumb Code     0  startup_stm32f40_41xxx.o(.text)
    USART1_IRQHandler                        0x0800028b   Thumb Code     0  startup_stm32f40_41xxx.o(.text)
    USART2_IRQHandler                        0x0800028b   Thumb Code     0  startup_stm32f40_41xxx.o(.text)
    USART6_IRQHandler                        0x0800028b   Thumb Code     0  startup_stm32f40_41xxx.o(.text)
    WWDG_IRQHandler                          0x0800028b   Thumb Code     0  startup_stm32f40_41xxx.o(.text)
    __user_initial_stackheap                 0x0800028d   Thumb Code     0  startup_stm32f40_41xxx.o(.text)
    __I$use$semihosting                      0x080002b1   Thumb Code     0  use_no_semi.o(.text)
    __use_no_semihosting_swi                 0x080002b1   Thumb Code     2  use_no_semi.o(.text)
    malloc                                   0x080002b3   Thumb Code    94  h1_alloc.o(.text)
    free                                     0x08000311   Thumb Code    78  h1_free.o(.text)
    realloc                                  0x0800035f   Thumb Code   184  h1_realloc.o(.text)
    __aeabi_ldivmod                          0x08000417   Thumb Code     0  llsdiv.o(.text)
    _ll_sdiv                                 0x08000417   Thumb Code    72  llsdiv.o(.text)
    tolower                                  0x0800045f   Thumb Code    26  tolower.o(.text)
    __2printf                                0x08000479   Thumb Code    20  __2printf.o(.text)
    __2sprintf                               0x08000491   Thumb Code    38  __2sprintf.o(.text)
    _printf_str                              0x080004bd   Thumb Code    82  _printf_str.o(.text)
    _printf_int_dec                          0x08000511   Thumb Code   104  _printf_dec.o(.text)
    _printf_int_hex                          0x08000589   Thumb Code    84  _printf_hex_int.o(.text)
    _printf_longlong_hex                     0x08000589   Thumb Code     0  _printf_hex_int.o(.text)
    __printf                                 0x080005e1   Thumb Code   308  __printf_flags_wp.o(.text)
    strlen                                   0x08000719   Thumb Code    62  strlen.o(.text)
    strncmp                                  0x08000757   Thumb Code   150  strncmp.o(.text)
    __aeabi_memcpy                           0x080007ed   Thumb Code     0  rt_memcpy_v6.o(.text)
    __rt_memcpy                              0x080007ed   Thumb Code   138  rt_memcpy_v6.o(.text)
    _memcpy_lastbytes                        0x08000853   Thumb Code     0  rt_memcpy_v6.o(.text)
    __aeabi_memcpy4                          0x08000877   Thumb Code     0  rt_memcpy_w.o(.text)
    __aeabi_memcpy8                          0x08000877   Thumb Code     0  rt_memcpy_w.o(.text)
    __rt_memcpy_w                            0x08000877   Thumb Code   100  rt_memcpy_w.o(.text)
    _memcpy_lastbytes_aligned                0x080008bf   Thumb Code     0  rt_memcpy_w.o(.text)
    __aeabi_memclr4                          0x080008db   Thumb Code     0  rt_memclr_w.o(.text)
    __aeabi_memclr8                          0x080008db   Thumb Code     0  rt_memclr_w.o(.text)
    __rt_memclr_w                            0x080008db   Thumb Code    78  rt_memclr_w.o(.text)
    _memset_w                                0x080008df   Thumb Code     0  rt_memclr_w.o(.text)
    strcmp                                   0x08000929   Thumb Code   128  strcmpv7m.o(.text)
    __use_two_region_memory                  0x080009a9   Thumb Code     2  heapauxi.o(.text)
    __rt_heap_escrow                         0x080009ab   Thumb Code     2  heapauxi.o(.text)
    __rt_heap_expand                         0x080009ad   Thumb Code     2  heapauxi.o(.text)
    __rt_ctype_table                         0x080009b1   Thumb Code    16  rt_ctype_table.o(.text)
    __rt_heap_descriptor                     0x080009c1   Thumb Code     8  rt_heap_descriptor_intlibspace.o(.text)
    __use_no_heap                            0x080009c9   Thumb Code     2  hguard.o(.text)
    __heap$guard                             0x080009cb   Thumb Code     2  hguard.o(.text)
    _terminate_user_alloc                    0x080009cd   Thumb Code     2  init_alloc.o(.text)
    _init_user_alloc                         0x080009cf   Thumb Code     2  init_alloc.o(.text)
    __Heap_Full                              0x080009d1   Thumb Code    34  init_alloc.o(.text)
    __Heap_Broken                            0x080009f3   Thumb Code     6  init_alloc.o(.text)
    _init_alloc                              0x080009f9   Thumb Code    94  init_alloc.o(.text)
    __Heap_Initialize                        0x08000a57   Thumb Code    10  h1_init.o(.text)
    __Heap_DescSize                          0x08000a61   Thumb Code     4  h1_init.o(.text)
    __aeabi_uldivmod                         0x08000a65   Thumb Code     0  lludivv7m.o(.text)
    _ll_udiv                                 0x08000a65   Thumb Code   238  lludivv7m.o(.text)
    _printf_int_common                       0x08000b53   Thumb Code   178  _printf_intcommon.o(.text)
    _printf_char_common                      0x08000c0f   Thumb Code    32  _printf_char_common.o(.text)
    _sputc                                   0x08000c35   Thumb Code    10  _sputc.o(.text)
    _printf_cs_common                        0x08000c3f   Thumb Code    20  _printf_char.o(.text)
    _printf_char                             0x08000c53   Thumb Code    16  _printf_char.o(.text)
    _printf_string                           0x08000c63   Thumb Code     8  _printf_char.o(.text)
    _printf_char_file                        0x08000c6d   Thumb Code    32  _printf_char_file.o(.text)
    _scanf_really_real                       0x08000edd   Thumb Code   684  scanf_fp.o(.text)
    _sgetc                                   0x08001189   Thumb Code    30  _sgetc.o(.text)
    _sbackspace                              0x080011a7   Thumb Code    34  _sgetc.o(.text)
    __strtod_int                             0x08001205   Thumb Code    90  strtod.o(.text)
    __user_libspace                          0x0800126d   Thumb Code     8  libspace.o(.text)
    __user_perproc_libspace                  0x0800126d   Thumb Code     0  libspace.o(.text)
    __user_perthread_libspace                0x0800126d   Thumb Code     0  libspace.o(.text)
    __rt_locale                              0x08001275   Thumb Code     8  rt_locale_intlibspace.o(.text)
    __aeabi_errno_addr                       0x0800127d   Thumb Code     8  rt_errno_addr_intlibspace.o(.text)
    __errno$intlibspace                      0x0800127d   Thumb Code     0  rt_errno_addr_intlibspace.o(.text)
    __rt_errno_addr$intlibspace              0x0800127d   Thumb Code     0  rt_errno_addr_intlibspace.o(.text)
    __Heap_ProvideMemory                     0x08001285   Thumb Code    52  h1_extend.o(.text)
    isspace                                  0x080012b9   Thumb Code    18  isspace.o(.text)
    _btod_etento                             0x080012cd   Thumb Code   224  bigflt0.o(.text)
    __rt_SIGRTMEM                            0x080013b1   Thumb Code    14  defsig_rtmem_outer.o(.text)
    __user_setup_stackheap                   0x080013bf   Thumb Code    74  sys_stackheap_outer.o(.text)
    __read_errno                             0x08001409   Thumb Code    10  _rserrno.o(.text)
    __set_errno                              0x08001413   Thumb Code    12  _rserrno.o(.text)
    _scanf_really_hex_real                   0x08001421   Thumb Code   786  scanf_hexfp.o(.text)
    _scanf_really_infnan                     0x08001741   Thumb Code   292  scanf_infnan.o(.text)
    exit                                     0x08001875   Thumb Code    18  exit.o(.text)
    __sig_exit                               0x08001887   Thumb Code    10  defsig_exit.o(.text)
    __rt_SIGRTMEM_inner                      0x08001891   Thumb Code    22  defsig_rtmem_inner.o(.text)
    __aeabi_llsl                             0x080018e1   Thumb Code     0  llshl.o(.text)
    _ll_shift_l                              0x080018e1   Thumb Code    38  llshl.o(.text)
    _chval                                   0x08001907   Thumb Code    28  _chval.o(.text)
    __default_signal_display                 0x08001923   Thumb Code    50  defsig_general.o(.text)
    __btod_div_common                        0x08001955   Thumb Code   696  btod.o(CL$$btod_div_common)
    _e2d                                     0x08001c8d   Thumb Code   122  btod.o(CL$$btod_e2d)
    _e2e                                     0x08001d11   Thumb Code   220  btod.o(CL$$btod_e2e)
    _btod_ediv                               0x08001ded   Thumb Code    42  btod.o(CL$$btod_ediv)
    _btod_edivd                              0x08001e17   Thumb Code    42  btod.o(CL$$btod_edivd)
    _btod_emul                               0x08001e41   Thumb Code    42  btod.o(CL$$btod_emul)
    _btod_emuld                              0x08001e6b   Thumb Code    42  btod.o(CL$$btod_emuld)
    __btod_mult_common                       0x08001e95   Thumb Code   580  btod.o(CL$$btod_mult_common)
    CmdError                                 0x080020d9   Thumb Code    48  sd_sdio.o(i.CmdError)
    CmdResp1Error                            0x08002109   Thumb Code    94  sd_sdio.o(i.CmdResp1Error)
    CmdResp2Error                            0x0800216d   Thumb Code    80  sd_sdio.o(i.CmdResp2Error)
    CmdResp3Error                            0x080021c1   Thumb Code    50  sd_sdio.o(i.CmdResp3Error)
    CmdResp6Error                            0x080021f9   Thumb Code   144  sd_sdio.o(i.CmdResp6Error)
    CmdResp7Error                            0x0800228d   Thumb Code    70  sd_sdio.o(i.CmdResp7Error)
    DMA_Cmd                                  0x080022d9   Thumb Code    22  stm32f4xx_dma.o(i.DMA_Cmd)
    DMA_DeInit                               0x080022f1   Thumb Code   324  stm32f4xx_dma.o(i.DMA_DeInit)
    DMA_FlowControllerConfig                 0x08002449   Thumb Code    22  stm32f4xx_dma.o(i.DMA_FlowControllerConfig)
    DMA_GetCmdStatus                         0x0800245f   Thumb Code    20  stm32f4xx_dma.o(i.DMA_GetCmdStatus)
    DMA_Init                                 0x08002475   Thumb Code    82  stm32f4xx_dma.o(i.DMA_Init)
    FLASH_ClearFlag                          0x080024cd   Thumb Code     6  stm32f4xx_flash.o(i.FLASH_ClearFlag)
    FLASH_DataCacheCmd                       0x080024d9   Thumb Code    30  stm32f4xx_flash.o(i.FLASH_DataCacheCmd)
    FLASH_EraseSector                        0x080024fd   Thumb Code   130  stm32f4xx_flash.o(i.FLASH_EraseSector)
    FLASH_GetStatus                          0x08002585   Thumb Code    80  stm32f4xx_flash.o(i.FLASH_GetStatus)
    FLASH_Lock                               0x080025d9   Thumb Code    14  stm32f4xx_flash.o(i.FLASH_Lock)
    FLASH_ProgramByte                        0x080025ed   Thumb Code    70  stm32f4xx_flash.o(i.FLASH_ProgramByte)
    FLASH_Unlock                             0x08002639   Thumb Code    24  stm32f4xx_flash.o(i.FLASH_Unlock)
    FLASH_WaitForLastOperation               0x0800265d   Thumb Code    34  stm32f4xx_flash.o(i.FLASH_WaitForLastOperation)
    FindSCR                                  0x08002681   Thumb Code   388  sd_sdio.o(i.FindSCR)
    GPIO_Init                                0x08002815   Thumb Code   144  stm32f4xx_gpio.o(i.GPIO_Init)
    GPIO_PinAFConfig                         0x080028a5   Thumb Code    70  stm32f4xx_gpio.o(i.GPIO_PinAFConfig)
    GPIO_StructInit                          0x080028eb   Thumb Code    18  stm32f4xx_gpio.o(i.GPIO_StructInit)
    IsCardProgramming                        0x080028fd   Thumb Code   146  sd_sdio.o(i.IsCardProgramming)
    LED_Init                                 0x0800299d   Thumb Code    84  led.o(i.LED_Init)
    NVIC_Init                                0x080029f5   Thumb Code   106  misc.o(i.NVIC_Init)
    RCC_AHB1PeriphClockCmd                   0x08002a6d   Thumb Code    26  stm32f4xx_rcc.o(i.RCC_AHB1PeriphClockCmd)
    RCC_APB1PeriphClockCmd                   0x08002a8d   Thumb Code    26  stm32f4xx_rcc.o(i.RCC_APB1PeriphClockCmd)
    RCC_APB2PeriphClockCmd                   0x08002aad   Thumb Code    26  stm32f4xx_rcc.o(i.RCC_APB2PeriphClockCmd)
    RCC_APB2PeriphResetCmd                   0x08002acd   Thumb Code    26  stm32f4xx_rcc.o(i.RCC_APB2PeriphResetCmd)
    RCC_GetClocksFreq                        0x08002aed   Thumb Code   214  stm32f4xx_rcc.o(i.RCC_GetClocksFreq)
    SDEnWideBus                              0x08002bd5   Thumb Code   158  sd_sdio.o(i.SDEnWideBus)
    SDIO_ClearFlag                           0x08002c81   Thumb Code     6  stm32f4xx_sdio.o(i.SDIO_ClearFlag)
    SDIO_Clock_Set                           0x08002c8d   Thumb Code    16  sd_sdio.o(i.SDIO_Clock_Set)
    SDIO_DataConfig                          0x08002ca1   Thumb Code    46  stm32f4xx_sdio.o(i.SDIO_DataConfig)
    SDIO_GetFlagStatus                       0x08002cd5   Thumb Code    20  stm32f4xx_sdio.o(i.SDIO_GetFlagStatus)
    SDIO_GetPowerState                       0x08002ced   Thumb Code    10  stm32f4xx_sdio.o(i.SDIO_GetPowerState)
    SDIO_IRQHandler                          0x08002cfd   Thumb Code     8  sd_sdio.o(i.SDIO_IRQHandler)
    SDIO_Init                                0x08002d05   Thumb Code    42  stm32f4xx_sdio.o(i.SDIO_Init)
    SDIO_Register_Deinit                     0x08002d35   Thumb Code    48  sd_sdio.o(i.SDIO_Register_Deinit)
    SDIO_SendCommand                         0x08002d6d   Thumb Code    40  stm32f4xx_sdio.o(i.SDIO_SendCommand)
    SDIO_SetPowerState                       0x08002d99   Thumb Code     6  stm32f4xx_sdio.o(i.SDIO_SetPowerState)
    SD_DMA_Config                            0x08002da5   Thumb Code   118  sd_sdio.o(i.SD_DMA_Config)
    SD_EnableWideBusOperation                0x08002e25   Thumb Code    94  sd_sdio.o(i.SD_EnableWideBusOperation)
    SD_GetCardInfo                           0x08002e8d   Thumb Code   772  sd_sdio.o(i.SD_GetCardInfo)
    SD_Init                                  0x080031a1   Thumb Code   226  sd_sdio.o(i.SD_Init)
    SD_InitializeCards                       0x08003299   Thumb Code   330  sd_sdio.o(i.SD_InitializeCards)
    SD_PowerON                               0x080033fd   Thumb Code   460  sd_sdio.o(i.SD_PowerON)
    SD_ProcessIRQSrc                         0x080035e1   Thumb Code   318  sd_sdio.o(i.SD_ProcessIRQSrc)
    SD_ReadBlock                             0x08003735   Thumb Code   574  sd_sdio.o(i.SD_ReadBlock)
    SD_ReadDisk                              0x0800399d   Thumb Code   152  sd_sdio.o(i.SD_ReadDisk)
    SD_ReadMultiBlocks                       0x08003a3d   Thumb Code   710  sd_sdio.o(i.SD_ReadMultiBlocks)
    SD_SelectDeselect                        0x08003d31   Thumb Code    42  sd_sdio.o(i.SD_SelectDeselect)
    SD_SetDeviceMode                         0x08003d61   Thumb Code    20  sd_sdio.o(i.SD_SetDeviceMode)
    SD_WriteBlock                            0x08003d79   Thumb Code   862  sd_sdio.o(i.SD_WriteBlock)
    SD_WriteDisk                             0x08004101   Thumb Code   152  sd_sdio.o(i.SD_WriteDisk)
    SD_WriteMultiBlocks                      0x080041a1   Thumb Code   934  sd_sdio.o(i.SD_WriteMultiBlocks)
    SystemInit                               0x0800465d   Thumb Code    88  system_stm32f4xx.o(i.SystemInit)
    USART3_IRQHandler                        0x080046c5   Thumb Code    34  debug_uart.o(i.USART3_IRQHandler)
    USART_Cmd                                0x080046f1   Thumb Code    24  stm32f4xx_usart.o(i.USART_Cmd)
    USART_GetFlagStatus                      0x08004709   Thumb Code    26  stm32f4xx_usart.o(i.USART_GetFlagStatus)
    USART_ITConfig                           0x08004723   Thumb Code    74  stm32f4xx_usart.o(i.USART_ITConfig)
    USART_Init                               0x0800476d   Thumb Code   204  stm32f4xx_usart.o(i.USART_Init)
    USART_ReceiveData                        0x08004841   Thumb Code    10  stm32f4xx_usart.o(i.USART_ReceiveData)
    USART_SendData                           0x0800484b   Thumb Code     8  stm32f4xx_usart.o(i.USART_SendData)
    __hardfp___mathlib_tofloat               0x08004859   Thumb Code   232  narrow.o(i.__hardfp___mathlib_tofloat)
    __hardfp_ldexp                           0x08004951   Thumb Code   200  ldexp.o(i.__hardfp_ldexp)
    __hardfp_strtod                          0x08004a21   Thumb Code    30  strtod.o(i.__hardfp_strtod)
    __mathlib_dbl_overflow                   0x08004a49   Thumb Code    24  dunder.o(i.__mathlib_dbl_overflow)
    __mathlib_dbl_underflow                  0x08004a69   Thumb Code    24  dunder.o(i.__mathlib_dbl_underflow)
    __mathlib_narrow                         0x08004a89   Thumb Code    18  narrow.o(i.__mathlib_narrow)
    __support_ldexp                          0x08004a9b   Thumb Code    20  ldexp.o(i.__support_ldexp)
    _is_digit                                0x08004aaf   Thumb Code    14  __printf_wp.o(i._is_digit)
    _sys_exit                                0x08004abd   Thumb Code     4  debug_uart.o(i._sys_exit)
    _ttywrch                                 0x08004ac1   Thumb Code    22  debug_uart.o(i._ttywrch)
    cJSON_Delete                             0x08004b19   Thumb Code    84  cjson.o(i.cJSON_Delete)
    cJSON_GetObjectItem                      0x08004b71   Thumb Code    18  cjson.o(i.cJSON_GetObjectItem)
    cJSON_Parse                              0x08004b9d   Thumb Code    16  cjson.o(i.cJSON_Parse)
    cJSON_ParseWithOpts                      0x08004bad   Thumb Code   204  cjson.o(i.cJSON_ParseWithOpts)
    convert_from_bytes_to_power_of_two       0x08004d73   Thumb Code    18  sd_sdio.o(i.convert_from_bytes_to_power_of_two)
    debug_uartConfig                         0x08005025   Thumb Code   164  debug_uart.o(i.debug_uartConfig)
    disk_initialize                          0x0800543d   Thumb Code    20  diskio.o(i.disk_initialize)
    disk_ioctl                               0x08005451   Thumb Code   102  diskio.o(i.disk_ioctl)
    disk_read                                0x080054bd   Thumb Code    38  diskio.o(i.disk_read)
    disk_status                              0x080054e3   Thumb Code    14  diskio.o(i.disk_status)
    disk_write                               0x080054f1   Thumb Code    54  diskio.o(i.disk_write)
    f_close                                  0x08005527   Thumb Code    34  ff.o(i.f_close)
    f_mount                                  0x08005549   Thumb Code    80  ff.o(i.f_mount)
    f_open                                   0x0800559d   Thumb Code   484  ff.o(i.f_open)
    f_read                                   0x08005781   Thumb Code   412  ff.o(i.f_read)
    f_sync                                   0x0800591d   Thumb Code   160  ff.o(i.f_sync)
    f_unlink                                 0x080059bd   Thumb Code   170  ff.o(i.f_unlink)
    f_write                                  0x08005a67   Thumb Code   478  ff.o(i.f_write)
    ferror                                   0x08005c45   Thumb Code     8  debug_uart.o(i.ferror)
    fputc                                    0x08005ff9   Thumb Code    22  debug_uart.o(i.fputc)
    frexp                                    0x08006019   Thumb Code   118  frexp.o(i.frexp)
    get_fattime                              0x08006189   Thumb Code     4  diskio.o(i.get_fattime)
    iap_load_app                             0x0800622d   Thumb Code    70  jumpapp.o(i.iap_load_app)
    main                                     0x080062dd   Thumb Code   626  main.o(i.main)
    sd_mark_dev_firmware_version             0x08006f55   Thumb Code   124  main.o(i.sd_mark_dev_firmware_version)
    sd_read_dev_firmware_version             0x08007021   Thumb Code   172  main.o(i.sd_read_dev_firmware_version)
    sd_read_firmware_version                 0x08007115   Thumb Code   148  main.o(i.sd_read_firmware_version)
    updata_app_from_sd_card                  0x08007351   Thumb Code   282  main.o(i.updata_app_from_sd_card)
    _get_lc_ctype                            0x080076fd   Thumb Code    44  lc_ctype_c.o(locale$$code)
    _get_lc_numeric                          0x08007729   Thumb Code    44  lc_numeric_c.o(locale$$code)
    __aeabi_d2f                              0x08007755   Thumb Code     0  d2f.o(x$fpl$d2f)
    _d2f                                     0x08007755   Thumb Code    98  d2f.o(x$fpl$d2f)
    __fpl_dcheck_NaN1                        0x080077b9   Thumb Code    10  dcheck1.o(x$fpl$dcheck1)
    __fpl_dcmp_Inf                           0x080077c9   Thumb Code    24  dcmpi.o(x$fpl$dcmpinf)
    __aeabi_cdcmpeq                          0x080077e1   Thumb Code     0  deqf.o(x$fpl$deqf)
    _dcmpeq                                  0x080077e1   Thumb Code   120  deqf.o(x$fpl$deqf)
    __aeabi_d2iz                             0x08007859   Thumb Code     0  dfix.o(x$fpl$dfix)
    _dfix                                    0x08007859   Thumb Code    94  dfix.o(x$fpl$dfix)
    __aeabi_cdcmple                          0x080078b9   Thumb Code     0  dleqf.o(x$fpl$dleqf)
    _dcmple                                  0x080078b9   Thumb Code   120  dleqf.o(x$fpl$dleqf)
    __fpl_dcmple_InfNaN                      0x0800791b   Thumb Code     0  dleqf.o(x$fpl$dleqf)
    __aeabi_dmul                             0x08007931   Thumb Code     0  dmul.o(x$fpl$dmul)
    _dmul                                    0x08007931   Thumb Code   332  dmul.o(x$fpl$dmul)
    __fpl_dnaninf                            0x08007a85   Thumb Code   156  dnaninf.o(x$fpl$dnaninf)
    __fpl_dretinf                            0x08007b21   Thumb Code    12  dretinf.o(x$fpl$dretinf)
    __aeabi_cdrcmple                         0x08007b2d   Thumb Code     0  drleqf.o(x$fpl$drleqf)
    _drcmple                                 0x08007b2d   Thumb Code   108  drleqf.o(x$fpl$drleqf)
    _fp_init                                 0x08007b99   Thumb Code    10  fpinit.o(x$fpl$fpinit)
    __fplib_config_fpu_vfp                   0x08007ba1   Thumb Code     0  fpinit.o(x$fpl$fpinit)
    __fplib_config_pureend_doubles           0x08007ba1   Thumb Code     0  fpinit.o(x$fpl$fpinit)
    __fpl_fretinf                            0x08007ba3   Thumb Code    10  fretinf.o(x$fpl$fretinf)
    __ieee_status                            0x08007bad   Thumb Code     6  istatus.o(x$fpl$ieeestatus)
    __fpl_return_NaN                         0x08007bb3   Thumb Code   100  retnan.o(x$fpl$retnan)
    __ARM_scalbn                             0x08007c17   Thumb Code    92  scalbn.o(x$fpl$scalbn)
    _scanf_real                              0x08007c73   Thumb Code     4  scanf1.o(x$fpl$scanf1)
    _scanf_hex_real                          0x08007c77   Thumb Code     4  scanf2.o(x$fpl$scanf2)
    _scanf_infnan                            0x08007c7b   Thumb Code     4  scanf2.o(x$fpl$scanf2)
    __fpl_cmpreturn                          0x08007c7f   Thumb Code    48  trapv.o(x$fpl$trapveneer)
    __I$use$fp                               0x08007cae   Number         0  usenofp.o(x$fpl$usenofp)
    Region$$Table$$Base                      0x08007d88   Number         0  anon$$obj.o(Region$$Table)
    Region$$Table$$Limit                     0x08007db8   Number         0  anon$$obj.o(Region$$Table)
    __aeabi_HUGE_VAL                         0x08007db8   Data           0  fpconst.o(c$$dinf)
    __aeabi_HUGE_VALL                        0x08007db8   Data           0  fpconst.o(c$$dinf)
    __aeabi_INFINITY                         0x08007db8   Data           0  fpconst.o(c$$dinf)
    __dInf                                   0x08007db8   Data           0  fpconst.o(c$$dinf)
    __huge_val                               0x08007db8   Data           0  fpconst.o(c$$dinf)
    __dbl_max                                0x08007dc0   Data           0  fpconst.o(c$$dmax)
    __ctype                                  0x08007dd5   Data           0  lc_ctype_c.o(locale$$data)
    __stdout                                 0x20000000   Data           4  debug_uart.o(.data)
    jump2app                                 0x20000004   Data           4  jumpapp.o(.data)
    TransferError                            0x20000012   Data           1  sd_sdio.o(.data)
    TransferEnd                              0x20000013   Data           1  sd_sdio.o(.data)
    tempbuff                                 0x20000014   Data           4  sd_sdio.o(.data)
    SDIO_InitStructure                       0x20000048   Data          24  sd_sdio.o(.bss)
    SDIO_CmdInitStructure                    0x20000060   Data          20  sd_sdio.o(.bss)
    SDIO_DataInitStructure                   0x20000074   Data          24  sd_sdio.o(.bss)
    SDCardInfo                               0x200000b0   Data          88  sd_sdio.o(.bss)
    SDIO_DATA_BUFFER                         0x20000108   Data         512  sd_sdio.o(.bss)
    __libspace_start                         0x20000308   Data          96  libspace.o(.bss)
    __temporary_stack_top$libspace           0x20000368   Data           0  libspace.o(.bss)



==============================================================================

Memory Map of the image

  Image Entry point : 0x08000189

  Load Region LR_IROM1 (Base: 0x08000000, Size: 0x00007f38, Max: 0x00008000, ABSOLUTE)

    Execution Region ER_IROM1 (Exec base: 0x08000000, Load base: 0x08000000, Size: 0x00007ef4, Max: 0x00008000, ABSOLUTE)

    Exec Addr    Load Addr    Size         Type   Attr      Idx    E Section Name        Object

    0x08000000   0x08000000   0x00000188   Data   RO            3    RESET               startup_stm32f40_41xxx.o
    0x08000188   0x08000188   0x00000008   Code   RO         3109  * !!!main             c_w.l(__main.o)
    0x08000190   0x08000190   0x00000034   Code   RO         3520    !!!scatter          c_w.l(__scatter.o)
    0x080001c4   0x080001c4   0x0000001a   Code   RO         3522    !!handler_copy      c_w.l(__scatter_copy.o)
    0x080001de   0x080001de   0x00000002   PAD
    0x080001e0   0x080001e0   0x0000001c   Code   RO         3524    !!handler_zi        c_w.l(__scatter_zi.o)
    0x080001fc   0x080001fc   0x00000000   Code   RO         3090    .ARM.Collect$$_printf_percent$$00000000  c_w.l(_printf_percent.o)
    0x080001fc   0x080001fc   0x00000006   Code   RO         3088    .ARM.Collect$$_printf_percent$$00000009  c_w.l(_printf_d.o)
    0x08000202   0x08000202   0x00000006   Code   RO         3086    .ARM.Collect$$_printf_percent$$0000000C  c_w.l(_printf_x.o)
    0x08000208   0x08000208   0x00000006   Code   RO         3085    .ARM.Collect$$_printf_percent$$00000014  c_w.l(_printf_s.o)
    0x0800020e   0x0800020e   0x00000004   Code   RO         3185    .ARM.Collect$$_printf_percent$$00000017  c_w.l(_printf_percent_end.o)
    0x08000212   0x08000212   0x00000002   Code   RO         3396    .ARM.Collect$$libinit$$00000000  c_w.l(libinit.o)
    0x08000214   0x08000214   0x00000004   Code   RO         3196    .ARM.Collect$$libinit$$00000001  c_w.l(libinit2.o)
    0x08000218   0x08000218   0x00000000   Code   RO         3199    .ARM.Collect$$libinit$$00000004  c_w.l(libinit2.o)
    0x08000218   0x08000218   0x00000008   Code   RO         3200    .ARM.Collect$$libinit$$00000005  c_w.l(libinit2.o)
    0x08000220   0x08000220   0x00000000   Code   RO         3202    .ARM.Collect$$libinit$$0000000A  c_w.l(libinit2.o)
    0x08000220   0x08000220   0x00000000   Code   RO         3204    .ARM.Collect$$libinit$$0000000C  c_w.l(libinit2.o)
    0x08000220   0x08000220   0x00000000   Code   RO         3206    .ARM.Collect$$libinit$$0000000E  c_w.l(libinit2.o)
    0x08000220   0x08000220   0x00000006   Code   RO         3207    .ARM.Collect$$libinit$$0000000F  c_w.l(libinit2.o)
    0x08000226   0x08000226   0x00000000   Code   RO         3209    .ARM.Collect$$libinit$$00000011  c_w.l(libinit2.o)
    0x08000226   0x08000226   0x0000000c   Code   RO         3210    .ARM.Collect$$libinit$$00000012  c_w.l(libinit2.o)
    0x08000232   0x08000232   0x00000000   Code   RO         3211    .ARM.Collect$$libinit$$00000013  c_w.l(libinit2.o)
    0x08000232   0x08000232   0x00000000   Code   RO         3213    .ARM.Collect$$libinit$$00000015  c_w.l(libinit2.o)
    0x08000232   0x08000232   0x0000000a   Code   RO         3214    .ARM.Collect$$libinit$$00000016  c_w.l(libinit2.o)
    0x0800023c   0x0800023c   0x00000000   Code   RO         3215    .ARM.Collect$$libinit$$00000017  c_w.l(libinit2.o)
    0x0800023c   0x0800023c   0x00000000   Code   RO         3217    .ARM.Collect$$libinit$$00000019  c_w.l(libinit2.o)
    0x0800023c   0x0800023c   0x00000000   Code   RO         3219    .ARM.Collect$$libinit$$0000001B  c_w.l(libinit2.o)
    0x0800023c   0x0800023c   0x00000000   Code   RO         3221    .ARM.Collect$$libinit$$0000001D  c_w.l(libinit2.o)
    0x0800023c   0x0800023c   0x00000000   Code   RO         3223    .ARM.Collect$$libinit$$0000001F  c_w.l(libinit2.o)
    0x0800023c   0x0800023c   0x00000000   Code   RO         3225    .ARM.Collect$$libinit$$00000021  c_w.l(libinit2.o)
    0x0800023c   0x0800023c   0x00000000   Code   RO         3227    .ARM.Collect$$libinit$$00000023  c_w.l(libinit2.o)
    0x0800023c   0x0800023c   0x00000000   Code   RO         3229    .ARM.Collect$$libinit$$00000025  c_w.l(libinit2.o)
    0x0800023c   0x0800023c   0x00000000   Code   RO         3233    .ARM.Collect$$libinit$$0000002C  c_w.l(libinit2.o)
    0x0800023c   0x0800023c   0x00000000   Code   RO         3235    .ARM.Collect$$libinit$$0000002E  c_w.l(libinit2.o)
    0x0800023c   0x0800023c   0x00000000   Code   RO         3237    .ARM.Collect$$libinit$$00000030  c_w.l(libinit2.o)
    0x0800023c   0x0800023c   0x00000000   Code   RO         3239    .ARM.Collect$$libinit$$00000032  c_w.l(libinit2.o)
    0x0800023c   0x0800023c   0x00000002   Code   RO         3240    .ARM.Collect$$libinit$$00000033  c_w.l(libinit2.o)
    0x0800023e   0x0800023e   0x00000002   Code   RO         3501    .ARM.Collect$$libshutdown$$00000000  c_w.l(libshutdown.o)
    0x08000240   0x08000240   0x00000000   Code   RO         3424    .ARM.Collect$$libshutdown$$00000002  c_w.l(libshutdown2.o)
    0x08000240   0x08000240   0x00000000   Code   RO         3426    .ARM.Collect$$libshutdown$$00000004  c_w.l(libshutdown2.o)
    0x08000240   0x08000240   0x00000000   Code   RO         3429    .ARM.Collect$$libshutdown$$00000007  c_w.l(libshutdown2.o)
    0x08000240   0x08000240   0x00000000   Code   RO         3432    .ARM.Collect$$libshutdown$$0000000A  c_w.l(libshutdown2.o)
    0x08000240   0x08000240   0x00000000   Code   RO         3434    .ARM.Collect$$libshutdown$$0000000C  c_w.l(libshutdown2.o)
    0x08000240   0x08000240   0x00000000   Code   RO         3437    .ARM.Collect$$libshutdown$$0000000F  c_w.l(libshutdown2.o)
    0x08000240   0x08000240   0x00000002   Code   RO         3438    .ARM.Collect$$libshutdown$$00000010  c_w.l(libshutdown2.o)
    0x08000242   0x08000242   0x00000000   Code   RO         3143    .ARM.Collect$$rtentry$$00000000  c_w.l(__rtentry.o)
    0x08000242   0x08000242   0x00000000   Code   RO         3256    .ARM.Collect$$rtentry$$00000002  c_w.l(__rtentry2.o)
    0x08000242   0x08000242   0x00000006   Code   RO         3268    .ARM.Collect$$rtentry$$00000004  c_w.l(__rtentry4.o)
    0x08000248   0x08000248   0x00000000   Code   RO         3258    .ARM.Collect$$rtentry$$00000009  c_w.l(__rtentry2.o)
    0x08000248   0x08000248   0x00000004   Code   RO         3259    .ARM.Collect$$rtentry$$0000000A  c_w.l(__rtentry2.o)
    0x0800024c   0x0800024c   0x00000000   Code   RO         3261    .ARM.Collect$$rtentry$$0000000C  c_w.l(__rtentry2.o)
    0x0800024c   0x0800024c   0x00000008   Code   RO         3262    .ARM.Collect$$rtentry$$0000000D  c_w.l(__rtentry2.o)
    0x08000254   0x08000254   0x00000002   Code   RO         3405    .ARM.Collect$$rtexit$$00000000  c_w.l(rtexit.o)
    0x08000256   0x08000256   0x00000000   Code   RO         3458    .ARM.Collect$$rtexit$$00000002  c_w.l(rtexit2.o)
    0x08000256   0x08000256   0x00000004   Code   RO         3459    .ARM.Collect$$rtexit$$00000003  c_w.l(rtexit2.o)
    0x0800025a   0x0800025a   0x00000006   Code   RO         3460    .ARM.Collect$$rtexit$$00000004  c_w.l(rtexit2.o)
    0x08000260   0x08000260   0x00000006   Code   RO          349    .emb_text           jumpapp.o
    0x08000266   0x08000266   0x00000002   PAD
    0x08000268   0x08000268   0x00000008   Code   RO          380    .emb_text           sd_sdio.o
    0x08000270   0x08000270   0x00000000   Code   RO         3286    .emb_text           c_w.l(maybetermalloc1.o)
    0x08000270   0x08000270   0x00000040   Code   RO            4    .text               startup_stm32f40_41xxx.o
    0x080002b0   0x080002b0   0x00000002   Code   RO         2954    .text               c_w.l(use_no_semi.o)
    0x080002b2   0x080002b2   0x0000005e   Code   RO         2962    .text               c_w.l(h1_alloc.o)
    0x08000310   0x08000310   0x0000004e   Code   RO         2964    .text               c_w.l(h1_free.o)
    0x0800035e   0x0800035e   0x000000b8   Code   RO         2966    .text               c_w.l(h1_realloc.o)
    0x08000416   0x08000416   0x00000048   Code   RO         3024    .text               c_w.l(llsdiv.o)
    0x0800045e   0x0800045e   0x0000001a   Code   RO         3026    .text               c_w.l(tolower.o)
    0x08000478   0x08000478   0x00000018   Code   RO         3028    .text               c_w.l(__2printf.o)
    0x08000490   0x08000490   0x0000002c   Code   RO         3030    .text               c_w.l(__2sprintf.o)
    0x080004bc   0x080004bc   0x00000052   Code   RO         3040    .text               c_w.l(_printf_str.o)
    0x0800050e   0x0800050e   0x00000002   PAD
    0x08000510   0x08000510   0x00000078   Code   RO         3042    .text               c_w.l(_printf_dec.o)
    0x08000588   0x08000588   0x00000058   Code   RO         3047    .text               c_w.l(_printf_hex_int.o)
    0x080005e0   0x080005e0   0x00000138   Code   RO         3077    .text               c_w.l(__printf_flags_wp.o)
    0x08000718   0x08000718   0x0000003e   Code   RO         3095    .text               c_w.l(strlen.o)
    0x08000756   0x08000756   0x00000096   Code   RO         3097    .text               c_w.l(strncmp.o)
    0x080007ec   0x080007ec   0x0000008a   Code   RO         3099    .text               c_w.l(rt_memcpy_v6.o)
    0x08000876   0x08000876   0x00000064   Code   RO         3101    .text               c_w.l(rt_memcpy_w.o)
    0x080008da   0x080008da   0x0000004e   Code   RO         3103    .text               c_w.l(rt_memclr_w.o)
    0x08000928   0x08000928   0x00000080   Code   RO         3105    .text               c_w.l(strcmpv7m.o)
    0x080009a8   0x080009a8   0x00000006   Code   RO         3107    .text               c_w.l(heapauxi.o)
    0x080009ae   0x080009ae   0x00000002   PAD
    0x080009b0   0x080009b0   0x00000010   Code   RO         3144    .text               c_w.l(rt_ctype_table.o)
    0x080009c0   0x080009c0   0x00000008   Code   RO         3149    .text               c_w.l(rt_heap_descriptor_intlibspace.o)
    0x080009c8   0x080009c8   0x00000004   Code   RO         3151    .text               c_w.l(hguard.o)
    0x080009cc   0x080009cc   0x0000008a   Code   RO         3153    .text               c_w.l(init_alloc.o)
    0x08000a56   0x08000a56   0x0000000e   Code   RO         3157    .text               c_w.l(h1_init.o)
    0x08000a64   0x08000a64   0x000000ee   Code   RO         3171    .text               c_w.l(lludivv7m.o)
    0x08000b52   0x08000b52   0x000000b2   Code   RO         3173    .text               c_w.l(_printf_intcommon.o)
    0x08000c04   0x08000c04   0x00000030   Code   RO         3177    .text               c_w.l(_printf_char_common.o)
    0x08000c34   0x08000c34   0x0000000a   Code   RO         3179    .text               c_w.l(_sputc.o)
    0x08000c3e   0x08000c3e   0x0000002c   Code   RO         3181    .text               c_w.l(_printf_char.o)
    0x08000c6a   0x08000c6a   0x00000002   PAD
    0x08000c6c   0x08000c6c   0x00000024   Code   RO         3183    .text               c_w.l(_printf_char_file.o)
    0x08000c90   0x08000c90   0x000004f8   Code   RO         3186    .text               c_w.l(scanf_fp.o)
    0x08001188   0x08001188   0x00000040   Code   RO         3190    .text               c_w.l(_sgetc.o)
    0x080011c8   0x080011c8   0x000000a4   Code   RO         3192    .text               c_w.l(strtod.o)
    0x0800126c   0x0800126c   0x00000008   Code   RO         3252    .text               c_w.l(libspace.o)
    0x08001274   0x08001274   0x00000008   Code   RO         3277    .text               c_w.l(rt_locale_intlibspace.o)
    0x0800127c   0x0800127c   0x00000008   Code   RO         3282    .text               c_w.l(rt_errno_addr_intlibspace.o)
    0x08001284   0x08001284   0x00000034   Code   RO         3288    .text               c_w.l(h1_extend.o)
    0x080012b8   0x080012b8   0x00000012   Code   RO         3294    .text               c_w.l(isspace.o)
    0x080012ca   0x080012ca   0x00000002   PAD
    0x080012cc   0x080012cc   0x000000e4   Code   RO         3302    .text               c_w.l(bigflt0.o)
    0x080013b0   0x080013b0   0x0000000e   Code   RO         3333    .text               c_w.l(defsig_rtmem_outer.o)
    0x080013be   0x080013be   0x0000004a   Code   RO         3367    .text               c_w.l(sys_stackheap_outer.o)
    0x08001408   0x08001408   0x00000016   Code   RO         3375    .text               c_w.l(_rserrno.o)
    0x0800141e   0x0800141e   0x00000002   PAD
    0x08001420   0x08001420   0x00000320   Code   RO         3377    .text               c_w.l(scanf_hexfp.o)
    0x08001740   0x08001740   0x00000134   Code   RO         3379    .text               c_w.l(scanf_infnan.o)
    0x08001874   0x08001874   0x00000012   Code   RO         3381    .text               c_w.l(exit.o)
    0x08001886   0x08001886   0x0000000a   Code   RO         3383    .text               c_w.l(defsig_exit.o)
    0x08001890   0x08001890   0x00000050   Code   RO         3385    .text               c_w.l(defsig_rtmem_inner.o)
    0x080018e0   0x080018e0   0x00000026   Code   RO         3411    .text               c_w.l(llshl.o)
    0x08001906   0x08001906   0x0000001c   Code   RO         3413    .text               c_w.l(_chval.o)
    0x08001922   0x08001922   0x00000032   Code   RO         3417    .text               c_w.l(defsig_general.o)
    0x08001954   0x08001954   0x00000338   Code   RO         3315    CL$$btod_div_common  c_w.l(btod.o)
    0x08001c8c   0x08001c8c   0x00000084   Code   RO         3313    CL$$btod_e2d        c_w.l(btod.o)
    0x08001d10   0x08001d10   0x000000dc   Code   RO         3312    CL$$btod_e2e        c_w.l(btod.o)
    0x08001dec   0x08001dec   0x0000002a   Code   RO         3309    CL$$btod_ediv       c_w.l(btod.o)
    0x08001e16   0x08001e16   0x0000002a   Code   RO         3311    CL$$btod_edivd      c_w.l(btod.o)
    0x08001e40   0x08001e40   0x0000002a   Code   RO         3308    CL$$btod_emul       c_w.l(btod.o)
    0x08001e6a   0x08001e6a   0x0000002a   Code   RO         3310    CL$$btod_emuld      c_w.l(btod.o)
    0x08001e94   0x08001e94   0x00000244   Code   RO         3314    CL$$btod_mult_common  c_w.l(btod.o)
    0x080020d8   0x080020d8   0x00000030   Code   RO          381    i.CmdError          sd_sdio.o
    0x08002108   0x08002108   0x00000064   Code   RO          382    i.CmdResp1Error     sd_sdio.o
    0x0800216c   0x0800216c   0x00000054   Code   RO          383    i.CmdResp2Error     sd_sdio.o
    0x080021c0   0x080021c0   0x00000038   Code   RO          384    i.CmdResp3Error     sd_sdio.o
    0x080021f8   0x080021f8   0x00000094   Code   RO          385    i.CmdResp6Error     sd_sdio.o
    0x0800228c   0x0800228c   0x0000004c   Code   RO          386    i.CmdResp7Error     sd_sdio.o
    0x080022d8   0x080022d8   0x00000016   Code   RO         2464    i.DMA_Cmd           stm32f4xx_dma.o
    0x080022ee   0x080022ee   0x00000002   PAD
    0x080022f0   0x080022f0   0x00000158   Code   RO         2465    i.DMA_DeInit        stm32f4xx_dma.o
    0x08002448   0x08002448   0x00000016   Code   RO         2468    i.DMA_FlowControllerConfig  stm32f4xx_dma.o
    0x0800245e   0x0800245e   0x00000014   Code   RO         2469    i.DMA_GetCmdStatus  stm32f4xx_dma.o
    0x08002472   0x08002472   0x00000002   PAD
    0x08002474   0x08002474   0x00000058   Code   RO         2476    i.DMA_Init          stm32f4xx_dma.o
    0x080024cc   0x080024cc   0x0000000c   Code   RO         2006    i.FLASH_ClearFlag   stm32f4xx_flash.o
    0x080024d8   0x080024d8   0x00000024   Code   RO         2007    i.FLASH_DataCacheCmd  stm32f4xx_flash.o
    0x080024fc   0x080024fc   0x00000088   Code   RO         2012    i.FLASH_EraseSector  stm32f4xx_flash.o
    0x08002584   0x08002584   0x00000054   Code   RO         2014    i.FLASH_GetStatus   stm32f4xx_flash.o
    0x080025d8   0x080025d8   0x00000014   Code   RO         2018    i.FLASH_Lock        stm32f4xx_flash.o
    0x080025ec   0x080025ec   0x0000004c   Code   RO         2039    i.FLASH_ProgramByte  stm32f4xx_flash.o
    0x08002638   0x08002638   0x00000024   Code   RO         2044    i.FLASH_Unlock      stm32f4xx_flash.o
    0x0800265c   0x0800265c   0x00000022   Code   RO         2045    i.FLASH_WaitForLastOperation  stm32f4xx_flash.o
    0x0800267e   0x0800267e   0x00000002   PAD
    0x08002680   0x08002680   0x00000194   Code   RO          387    i.FindSCR           sd_sdio.o
    0x08002814   0x08002814   0x00000090   Code   RO         1653    i.GPIO_Init         stm32f4xx_gpio.o
    0x080028a4   0x080028a4   0x00000046   Code   RO         1654    i.GPIO_PinAFConfig  stm32f4xx_gpio.o
    0x080028ea   0x080028ea   0x00000012   Code   RO         1662    i.GPIO_StructInit   stm32f4xx_gpio.o
    0x080028fc   0x080028fc   0x000000a0   Code   RO          388    i.IsCardProgramming  sd_sdio.o
    0x0800299c   0x0800299c   0x00000058   Code   RO         1239    i.LED_Init          led.o
    0x080029f4   0x080029f4   0x00000078   Code   RO         1266    i.NVIC_Init         misc.o
    0x08002a6c   0x08002a6c   0x00000020   Code   RO         1314    i.RCC_AHB1PeriphClockCmd  stm32f4xx_rcc.o
    0x08002a8c   0x08002a8c   0x00000020   Code   RO         1323    i.RCC_APB1PeriphClockCmd  stm32f4xx_rcc.o
    0x08002aac   0x08002aac   0x00000020   Code   RO         1326    i.RCC_APB2PeriphClockCmd  stm32f4xx_rcc.o
    0x08002acc   0x08002acc   0x00000020   Code   RO         1328    i.RCC_APB2PeriphResetCmd  stm32f4xx_rcc.o
    0x08002aec   0x08002aec   0x000000e8   Code   RO         1335    i.RCC_GetClocksFreq  stm32f4xx_rcc.o
    0x08002bd4   0x08002bd4   0x000000ac   Code   RO          389    i.SDEnWideBus       sd_sdio.o
    0x08002c80   0x08002c80   0x0000000c   Code   RO         2265    i.SDIO_ClearFlag    stm32f4xx_sdio.o
    0x08002c8c   0x08002c8c   0x00000014   Code   RO          390    i.SDIO_Clock_Set    sd_sdio.o
    0x08002ca0   0x08002ca0   0x00000034   Code   RO         2271    i.SDIO_DataConfig   stm32f4xx_sdio.o
    0x08002cd4   0x08002cd4   0x00000018   Code   RO         2277    i.SDIO_GetFlagStatus  stm32f4xx_sdio.o
    0x08002cec   0x08002cec   0x00000010   Code   RO         2279    i.SDIO_GetPowerState  stm32f4xx_sdio.o
    0x08002cfc   0x08002cfc   0x00000008   Code   RO          391    i.SDIO_IRQHandler   sd_sdio.o
    0x08002d04   0x08002d04   0x00000030   Code   RO         2282    i.SDIO_Init         stm32f4xx_sdio.o
    0x08002d34   0x08002d34   0x00000038   Code   RO          392    i.SDIO_Register_Deinit  sd_sdio.o
    0x08002d6c   0x08002d6c   0x0000002c   Code   RO         2285    i.SDIO_SendCommand  stm32f4xx_sdio.o
    0x08002d98   0x08002d98   0x0000000c   Code   RO         2287    i.SDIO_SetPowerState  stm32f4xx_sdio.o
    0x08002da4   0x08002da4   0x00000080   Code   RO          393    i.SD_DMA_Config     sd_sdio.o
    0x08002e24   0x08002e24   0x00000068   Code   RO          394    i.SD_EnableWideBusOperation  sd_sdio.o
    0x08002e8c   0x08002e8c   0x00000314   Code   RO          395    i.SD_GetCardInfo    sd_sdio.o
    0x080031a0   0x080031a0   0x000000f8   Code   RO          397    i.SD_Init           sd_sdio.o
    0x08003298   0x08003298   0x00000164   Code   RO          398    i.SD_InitializeCards  sd_sdio.o
    0x080033fc   0x080033fc   0x000001e4   Code   RO          400    i.SD_PowerON        sd_sdio.o
    0x080035e0   0x080035e0   0x00000154   Code   RO          401    i.SD_ProcessIRQSrc  sd_sdio.o
    0x08003734   0x08003734   0x00000268   Code   RO          402    i.SD_ReadBlock      sd_sdio.o
    0x0800399c   0x0800399c   0x000000a0   Code   RO          403    i.SD_ReadDisk       sd_sdio.o
    0x08003a3c   0x08003a3c   0x000002f4   Code   RO          404    i.SD_ReadMultiBlocks  sd_sdio.o
    0x08003d30   0x08003d30   0x00000030   Code   RO          405    i.SD_SelectDeselect  sd_sdio.o
    0x08003d60   0x08003d60   0x00000018   Code   RO          407    i.SD_SetDeviceMode  sd_sdio.o
    0x08003d78   0x08003d78   0x00000388   Code   RO          408    i.SD_WriteBlock     sd_sdio.o
    0x08004100   0x08004100   0x000000a0   Code   RO          409    i.SD_WriteDisk      sd_sdio.o
    0x080041a0   0x080041a0   0x000003d0   Code   RO          410    i.SD_WriteMultiBlocks  sd_sdio.o
    0x08004570   0x08004570   0x000000ec   Code   RO           13    i.SetSysClock       system_stm32f4xx.o
    0x0800465c   0x0800465c   0x00000068   Code   RO           15    i.SystemInit        system_stm32f4xx.o
    0x080046c4   0x080046c4   0x0000002c   Code   RO          275    i.USART3_IRQHandler  debug_uart.o
    0x080046f0   0x080046f0   0x00000018   Code   RO         1818    i.USART_Cmd         stm32f4xx_usart.o
    0x08004708   0x08004708   0x0000001a   Code   RO         1821    i.USART_GetFlagStatus  stm32f4xx_usart.o
    0x08004722   0x08004722   0x0000004a   Code   RO         1824    i.USART_ITConfig    stm32f4xx_usart.o
    0x0800476c   0x0800476c   0x000000d4   Code   RO         1825    i.USART_Init        stm32f4xx_usart.o
    0x08004840   0x08004840   0x0000000a   Code   RO         1832    i.USART_ReceiveData  stm32f4xx_usart.o
    0x0800484a   0x0800484a   0x00000008   Code   RO         1835    i.USART_SendData    stm32f4xx_usart.o
    0x08004852   0x08004852   0x00000006   PAD
    0x08004858   0x08004858   0x000000f8   Code   RO         3358    i.__hardfp___mathlib_tofloat  m_wm.l(narrow.o)
    0x08004950   0x08004950   0x000000d0   Code   RO         3441    i.__hardfp_ldexp    m_wm.l(ldexp.o)
    0x08004a20   0x08004a20   0x00000028   Code   RO         3135    i.__hardfp_strtod   m_wm.l(strtod.o)
    0x08004a48   0x08004a48   0x00000020   Code   RO         3474    i.__mathlib_dbl_overflow  m_wm.l(dunder.o)
    0x08004a68   0x08004a68   0x00000020   Code   RO         3476    i.__mathlib_dbl_underflow  m_wm.l(dunder.o)
    0x08004a88   0x08004a88   0x00000012   Code   RO         3359    i.__mathlib_narrow  m_wm.l(narrow.o)
    0x08004a9a   0x08004a9a   0x00000014   Code   RO         3443    i.__support_ldexp   m_wm.l(ldexp.o)
    0x08004aae   0x08004aae   0x0000000e   Code   RO         3075    i._is_digit         c_w.l(__printf_wp.o)
    0x08004abc   0x08004abc   0x00000004   Code   RO          276    i._sys_exit         debug_uart.o
    0x08004ac0   0x08004ac0   0x0000001c   Code   RO          277    i._ttywrch          debug_uart.o
    0x08004adc   0x08004adc   0x0000003a   Code   RO          597    i.buffer_skip_whitespace  cjson.o
    0x08004b16   0x08004b16   0x00000002   PAD
    0x08004b18   0x08004b18   0x00000058   Code   RO          629    i.cJSON_Delete      cjson.o
    0x08004b70   0x08004b70   0x00000012   Code   RO          641    i.cJSON_GetObjectItem  cjson.o
    0x08004b82   0x08004b82   0x0000001a   Code   RO          658    i.cJSON_New_Item    cjson.o
    0x08004b9c   0x08004b9c   0x00000010   Code   RO          659    i.cJSON_Parse       cjson.o
    0x08004bac   0x08004bac   0x000000d4   Code   RO          660    i.cJSON_ParseWithOpts  cjson.o
    0x08004c80   0x08004c80   0x00000048   Code   RO          674    i.case_insensitive_strcmp  cjson.o
    0x08004cc8   0x08004cc8   0x0000007c   Code   RO         2651    i.check_fs          ff.o
    0x08004d44   0x08004d44   0x00000014   Code   RO         2652    i.chk_chr           ff.o
    0x08004d58   0x08004d58   0x0000001a   Code   RO         2653    i.clst2sect         ff.o
    0x08004d72   0x08004d72   0x00000012   Code   RO          411    i.convert_from_bytes_to_power_of_two  sd_sdio.o
    0x08004d84   0x08004d84   0x00000120   Code   RO         2654    i.create_chain      ff.o
    0x08004ea4   0x08004ea4   0x00000104   Code   RO         2655    i.create_name       ff.o
    0x08004fa8   0x08004fa8   0x00000034   Code   RO         2656    i.dbc_1st           ff.o
    0x08004fdc   0x08004fdc   0x00000048   Code   RO         2657    i.dbc_2nd           ff.o
    0x08005024   0x08005024   0x000000ac   Code   RO          278    i.debug_uartConfig  debug_uart.o
    0x080050d0   0x080050d0   0x00000010   Code   RO          155    i.delay_microsecond  main.o
    0x080050e0   0x080050e0   0x00000060   Code   RO         2658    i.dir_alloc         ff.o
    0x08005140   0x08005140   0x00000060   Code   RO         2659    i.dir_clear         ff.o
    0x080051a0   0x080051a0   0x0000006c   Code   RO         2660    i.dir_find          ff.o
    0x0800520c   0x0800520c   0x000000c6   Code   RO         2661    i.dir_next          ff.o
    0x080052d2   0x080052d2   0x00000074   Code   RO         2662    i.dir_read          ff.o
    0x08005346   0x08005346   0x0000003c   Code   RO         2663    i.dir_register      ff.o
    0x08005382   0x08005382   0x00000020   Code   RO         2664    i.dir_remove        ff.o
    0x080053a2   0x080053a2   0x0000009a   Code   RO         2665    i.dir_sdi           ff.o
    0x0800543c   0x0800543c   0x00000014   Code   RO         2594    i.disk_initialize   diskio.o
    0x08005450   0x08005450   0x0000006c   Code   RO         2595    i.disk_ioctl        diskio.o
    0x080054bc   0x080054bc   0x00000026   Code   RO         2596    i.disk_read         diskio.o
    0x080054e2   0x080054e2   0x0000000e   Code   RO         2597    i.disk_status       diskio.o
    0x080054f0   0x080054f0   0x00000036   Code   RO         2598    i.disk_write        diskio.o
    0x08005526   0x08005526   0x00000022   Code   RO         2666    i.f_close           ff.o
    0x08005548   0x08005548   0x00000054   Code   RO         2671    i.f_mount           ff.o
    0x0800559c   0x0800559c   0x000001e4   Code   RO         2672    i.f_open            ff.o
    0x08005780   0x08005780   0x0000019c   Code   RO         2674    i.f_read            ff.o
    0x0800591c   0x0800591c   0x000000a0   Code   RO         2678    i.f_sync            ff.o
    0x080059bc   0x080059bc   0x000000aa   Code   RO         2680    i.f_unlink          ff.o
    0x08005a66   0x08005a66   0x000001de   Code   RO         2681    i.f_write           ff.o
    0x08005c44   0x08005c44   0x00000008   Code   RO          280    i.ferror            debug_uart.o
    0x08005c4c   0x08005c4c   0x0000030c   Code   RO         2682    i.find_volume       ff.o
    0x08005f58   0x08005f58   0x0000009e   Code   RO         2683    i.follow_path       ff.o
    0x08005ff6   0x08005ff6   0x00000002   PAD
    0x08005ff8   0x08005ff8   0x0000001c   Code   RO          281    i.fputc             debug_uart.o
    0x08006014   0x08006014   0x00000004   PAD
    0x08006018   0x08006018   0x0000008c   Code   RO         3401    i.frexp             m_wm.l(frexp.o)
    0x080060a4   0x080060a4   0x00000004   Code   RO          679    i.get_decimal_point  cjson.o
    0x080060a8   0x080060a8   0x000000e0   Code   RO         2684    i.get_fat           ff.o
    0x08006188   0x08006188   0x00000004   Code   RO         2599    i.get_fattime       diskio.o
    0x0800618c   0x0800618c   0x0000004e   Code   RO         2686    i.get_ldnumber      ff.o
    0x080061da   0x080061da   0x00000052   Code   RO          680    i.get_object_item   cjson.o
    0x0800622c   0x0800622c   0x00000064   Code   RO          350    i.iap_load_app      jumpapp.o
    0x08006290   0x08006290   0x00000026   Code   RO         2687    i.ld_clust          ff.o
    0x080062b6   0x080062b6   0x00000018   Code   RO         2688    i.ld_dword          ff.o
    0x080062ce   0x080062ce   0x0000000c   Code   RO         2689    i.ld_word           ff.o
    0x080062da   0x080062da   0x00000002   PAD
    0x080062dc   0x080062dc   0x00000378   Code   RO          156    i.main              main.o
    0x08006654   0x08006654   0x00000024   Code   RO         2690    i.mem_cmp           ff.o
    0x08006678   0x08006678   0x0000001a   Code   RO         2691    i.mem_cpy           ff.o
    0x08006692   0x08006692   0x00000012   Code   RO         2692    i.mem_set           ff.o
    0x080066a4   0x080066a4   0x00000034   Code   RO         2693    i.move_window       ff.o
    0x080066d8   0x080066d8   0x000000f4   Code   RO          682    i.parse_array       cjson.o
    0x080067cc   0x080067cc   0x0000005a   Code   RO          683    i.parse_hex4        cjson.o
    0x08006826   0x08006826   0x00000002   PAD
    0x08006828   0x08006828   0x00000154   Code   RO          684    i.parse_number      cjson.o
    0x0800697c   0x0800697c   0x0000013a   Code   RO          685    i.parse_object      cjson.o
    0x08006ab6   0x08006ab6   0x0000018c   Code   RO          686    i.parse_string      cjson.o
    0x08006c42   0x08006c42   0x00000002   PAD
    0x08006c44   0x08006c44   0x0000013c   Code   RO          687    i.parse_value       cjson.o
    0x08006d80   0x08006d80   0x00000138   Code   RO         2694    i.put_fat           ff.o
    0x08006eb8   0x08006eb8   0x0000009a   Code   RO         2695    i.remove_chain      ff.o
    0x08006f52   0x08006f52   0x00000002   PAD
    0x08006f54   0x08006f54   0x000000cc   Code   RO          157    i.sd_mark_dev_firmware_version  main.o
    0x08007020   0x08007020   0x000000f4   Code   RO          158    i.sd_read_dev_firmware_version  main.o
    0x08007114   0x08007114   0x000000dc   Code   RO          159    i.sd_read_firmware_version  main.o
    0x080071f0   0x080071f0   0x0000003c   Code   RO          698    i.skip_utf8_bom     cjson.o
    0x0800722c   0x0800722c   0x00000024   Code   RO         2696    i.st_clust          ff.o
    0x08007250   0x08007250   0x00000018   Code   RO         2697    i.st_dword          ff.o
    0x08007268   0x08007268   0x0000000c   Code   RO         2698    i.st_word           ff.o
    0x08007274   0x08007274   0x00000090   Code   RO         2699    i.sync_fs           ff.o
    0x08007304   0x08007304   0x0000004a   Code   RO         2700    i.sync_window       ff.o
    0x0800734e   0x0800734e   0x00000002   PAD
    0x08007350   0x08007350   0x00000244   Code   RO          160    i.updata_app_from_sd_card  main.o
    0x08007594   0x08007594   0x0000012c   Code   RO          701    i.utf16_literal_to_utf8  cjson.o
    0x080076c0   0x080076c0   0x0000003c   Code   RO         2701    i.validate          ff.o
    0x080076fc   0x080076fc   0x0000002c   Code   RO         3328    locale$$code        c_w.l(lc_ctype_c.o)
    0x08007728   0x08007728   0x0000002c   Code   RO         3331    locale$$code        c_w.l(lc_numeric_c.o)
    0x08007754   0x08007754   0x00000062   Code   RO         3397    x$fpl$d2f           fz_wm.l(d2f.o)
    0x080077b6   0x080077b6   0x00000002   PAD
    0x080077b8   0x080077b8   0x00000010   Code   RO         3508    x$fpl$dcheck1       fz_wm.l(dcheck1.o)
    0x080077c8   0x080077c8   0x00000018   Code   RO         3241    x$fpl$dcmpinf       fz_wm.l(dcmpi.o)
    0x080077e0   0x080077e0   0x00000078   Code   RO         3111    x$fpl$deqf          fz_wm.l(deqf.o)
    0x08007858   0x08007858   0x0000005e   Code   RO         3113    x$fpl$dfix          fz_wm.l(dfix.o)
    0x080078b6   0x080078b6   0x00000002   PAD
    0x080078b8   0x080078b8   0x00000078   Code   RO         3123    x$fpl$dleqf         fz_wm.l(dleqf.o)
    0x08007930   0x08007930   0x00000154   Code   RO         3125    x$fpl$dmul          fz_wm.l(dmul.o)
    0x08007a84   0x08007a84   0x0000009c   Code   RO         3243    x$fpl$dnaninf       fz_wm.l(dnaninf.o)
    0x08007b20   0x08007b20   0x0000000c   Code   RO         3245    x$fpl$dretinf       fz_wm.l(dretinf.o)
    0x08007b2c   0x08007b2c   0x0000006c   Code   RO         3127    x$fpl$drleqf        fz_wm.l(drleqf.o)
    0x08007b98   0x08007b98   0x0000000a   Code   RO         3346    x$fpl$fpinit        fz_wm.l(fpinit.o)
    0x08007ba2   0x08007ba2   0x0000000a   Code   RO         3439    x$fpl$fretinf       fz_wm.l(fretinf.o)
    0x08007bac   0x08007bac   0x00000006   Code   RO         3348    x$fpl$ieeestatus    fz_wm.l(istatus.o)
    0x08007bb2   0x08007bb2   0x00000064   Code   RO         3514    x$fpl$retnan        fz_wm.l(retnan.o)
    0x08007c16   0x08007c16   0x0000005c   Code   RO         3468    x$fpl$scalbn        fz_wm.l(scalbn.o)
    0x08007c72   0x08007c72   0x00000004   Code   RO         3133    x$fpl$scanf1        fz_wm.l(scanf1.o)
    0x08007c76   0x08007c76   0x00000008   Code   RO         3350    x$fpl$scanf2        fz_wm.l(scanf2.o)
    0x08007c7e   0x08007c7e   0x00000030   Code   RO         3516    x$fpl$trapveneer    fz_wm.l(trapv.o)
    0x08007cae   0x08007cae   0x00000000   Code   RO         3249    x$fpl$usenofp       fz_wm.l(usenofp.o)
    0x08007cae   0x08007cae   0x0000000a   Data   RO         2702    .constdata          ff.o
    0x08007cb8   0x08007cb8   0x00000028   Data   RO         3048    .constdata          c_w.l(_printf_hex_int.o)
    0x08007ce0   0x08007ce0   0x00000011   Data   RO         3078    .constdata          c_w.l(__printf_flags_wp.o)
    0x08007cf1   0x08007cf1   0x00000003   PAD
    0x08007cf4   0x08007cf4   0x00000094   Data   RO         3303    .constdata          c_w.l(bigflt0.o)
    0x08007d88   0x08007d88   0x00000030   Data   RO         3518    Region$$Table       anon$$obj.o
    0x08007db8   0x08007db8   0x00000008   Data   RO         3342    c$$dinf             fz_wm.l(fpconst.o)
    0x08007dc0   0x08007dc0   0x00000008   Data   RO         3345    c$$dmax             fz_wm.l(fpconst.o)
    0x08007dc8   0x08007dc8   0x00000110   Data   RO         3327    locale$$data        c_w.l(lc_ctype_c.o)
    0x08007ed8   0x08007ed8   0x0000001c   Data   RO         3330    locale$$data        c_w.l(lc_numeric_c.o)


    Execution Region RW_IRAM2 (Exec base: 0x10000000, Load base: 0x08007f38, Size: 0x00003000, Max: 0x00010000, ABSOLUTE)

    Exec Addr    Load Addr    Size         Type   Attr      Idx    E Section Name        Object

    0x10000000        -       0x00002000   Zero   RW            2    HEAP                startup_stm32f40_41xxx.o
    0x10002000        -       0x00001000   Zero   RW            1    STACK               startup_stm32f40_41xxx.o


    Execution Region RW_IRAM1 (Exec base: 0x20000000, Load base: 0x08007ef4, Size: 0x00000368, Max: 0x00020000, ABSOLUTE)

    Exec Addr    Load Addr    Size         Type   Attr      Idx    E Section Name        Object

    0x20000000   0x08007ef4   0x00000004   Data   RW          282    .data               debug_uart.o
    0x20000004   0x08007ef8   0x00000004   Data   RW          351    .data               jumpapp.o
    0x20000008   0x08007efc   0x00000010   Data   RW          413    .data               sd_sdio.o
    0x20000018   0x08007f0c   0x00000014   Data   RW          703    .data               cjson.o
    0x2000002c   0x08007f20   0x00000010   Data   RW         1367    .data               stm32f4xx_rcc.o
    0x2000003c   0x08007f30   0x00000006   Data   RW         2703    .data               ff.o
    0x20000042   0x08007f36   0x00000006   PAD
    0x20000048        -       0x000002c0   Zero   RW          412    .bss                sd_sdio.o
    0x20000308        -       0x00000060   Zero   RW         3253    .bss                c_w.l(libspace.o)


==============================================================================

Image component sizes


      Code (inc. data)   RO Data    RW Data    ZI Data      Debug   Object Name

      2636         76          0         20          0      16285   cjson.o
       284         30          0          4          0       5053   debug_uart.o
       238          6          0          0          0       5416   diskio.o
      5786         76         10          6          0      46700   ff.o
       106         30          0          4          0       1390   jumpapp.o
        88          4          0          0          0        499   led.o
      2152        784          0          0          0     257723   main.o
       120         14          0          0          0       1048   misc.o
      7450        410          0         16        704      34217   sd_sdio.o
        64         26        392          0      12288        852   startup_stm32f40_41xxx.o
       496         26          0          0          0       4352   stm32f4xx_dma.o
       434         46          0          0          0       5150   stm32f4xx_flash.o
       232          0          0          0          0       2373   stm32f4xx_gpio.o
       360         42          0         16          0       5328   stm32f4xx_rcc.o
       208         38          0          0          0       5793   stm32f4xx_sdio.o
       354          8          0          0          0       4789   stm32f4xx_usart.o
       340         32          0          0          0      65253   system_stm32f4xx.o

    ----------------------------------------------------------------------
     21380       1652        450         68      12996     462221   Object Totals
         0          0         48          0          0          0   (incl. Generated)
        32          4          0          2          4          0   (incl. Padding)

    ----------------------------------------------------------------------

      Code (inc. data)   RO Data    RW Data    ZI Data      Debug   Library Member Name

        24          4          0          0          0         84   __2printf.o
        44          6          0          0          0         84   __2sprintf.o
         8          0          0          0          0         68   __main.o
       312          4         17          0          0         92   __printf_flags_wp.o
        14          0          0          0          0         68   __printf_wp.o
         0          0          0          0          0          0   __rtentry.o
        12          0          0          0          0          0   __rtentry2.o
         6          0          0          0          0          0   __rtentry4.o
        52          8          0          0          0          0   __scatter.o
        26          0          0          0          0          0   __scatter_copy.o
        28          0          0          0          0          0   __scatter_zi.o
        28          0          0          0          0         68   _chval.o
        44          0          0          0          0        108   _printf_char.o
        48          6          0          0          0         96   _printf_char_common.o
        36          4          0          0          0         80   _printf_char_file.o
         6          0          0          0          0          0   _printf_d.o
       120         16          0          0          0         92   _printf_dec.o
        88          4         40          0          0         88   _printf_hex_int.o
       178          0          0          0          0         88   _printf_intcommon.o
         0          0          0          0          0          0   _printf_percent.o
         4          0          0          0          0          0   _printf_percent_end.o
         6          0          0          0          0          0   _printf_s.o
        82          0          0          0          0         80   _printf_str.o
         6          0          0          0          0          0   _printf_x.o
        22          0          0          0          0        100   _rserrno.o
        64          0          0          0          0         84   _sgetc.o
        10          0          0          0          0         68   _sputc.o
       228          4        148          0          0         96   bigflt0.o
      1924        136          0          0          0        756   btod.o
        10          0          0          0          0         68   defsig_exit.o
        50          0          0          0          0         88   defsig_general.o
        80         58          0          0          0         76   defsig_rtmem_inner.o
        14          0          0          0          0         80   defsig_rtmem_outer.o
        18          0          0          0          0         80   exit.o
        94          0          0          0          0         80   h1_alloc.o
        52          0          0          0          0         68   h1_extend.o
        78          0          0          0          0         80   h1_free.o
        14          0          0          0          0         84   h1_init.o
       184          0          0          0          0         92   h1_realloc.o
         6          0          0          0          0        152   heapauxi.o
         4          0          0          0          0        136   hguard.o
       138          0          0          0          0        168   init_alloc.o
        18          0          0          0          0         76   isspace.o
        44         10        272          0          0         76   lc_ctype_c.o
        44         10         28          0          0         76   lc_numeric_c.o
         2          0          0          0          0          0   libinit.o
        42          0          0          0          0          0   libinit2.o
         2          0          0          0          0          0   libshutdown.o
         2          0          0          0          0          0   libshutdown2.o
         8          4          0          0         96         68   libspace.o
        72          0          0          0          0         76   llsdiv.o
        38          0          0          0          0         68   llshl.o
       238          0          0          0          0        100   lludivv7m.o
         0          0          0          0          0          0   maybetermalloc1.o
        16          4          0          0          0         76   rt_ctype_table.o
         8          4          0          0          0         68   rt_errno_addr_intlibspace.o
         8          4          0          0          0         68   rt_heap_descriptor_intlibspace.o
         8          4          0          0          0         68   rt_locale_intlibspace.o
        78          0          0          0          0         80   rt_memclr_w.o
       138          0          0          0          0         68   rt_memcpy_v6.o
       100          0          0          0          0         80   rt_memcpy_w.o
         2          0          0          0          0          0   rtexit.o
        10          0          0          0          0          0   rtexit2.o
      1272         16          0          0          0        168   scanf_fp.o
       800         14          0          0          0        100   scanf_hexfp.o
       308         16          0          0          0        100   scanf_infnan.o
       128          0          0          0          0         68   strcmpv7m.o
        62          0          0          0          0         76   strlen.o
       150          0          0          0          0         80   strncmp.o
       164         14          0          0          0        120   strtod.o
        74          0          0          0          0         80   sys_stackheap_outer.o
        26          0          0          0          0         76   tolower.o
         2          0          0          0          0         68   use_no_semi.o
        98          4          0          0          0        140   d2f.o
        16          4          0          0          0        116   dcheck1.o
        24          0          0          0          0        116   dcmpi.o
       120          4          0          0          0        140   deqf.o
        94          4          0          0          0        140   dfix.o
       120          4          0          0          0        140   dleqf.o
       340         12          0          0          0        152   dmul.o
       156          4          0          0          0        140   dnaninf.o
        12          0          0          0          0        116   dretinf.o
       108          0          0          0          0        128   drleqf.o
         0          0         16          0          0          0   fpconst.o
        10          0          0          0          0        116   fpinit.o
        10          0          0          0          0        116   fretinf.o
         6          0          0          0          0        116   istatus.o
       100          0          0          0          0        116   retnan.o
        92          0          0          0          0        116   scalbn.o
         4          0          0          0          0        116   scanf1.o
         8          0          0          0          0        132   scanf2.o
        48          0          0          0          0        116   trapv.o
         0          0          0          0          0          0   usenofp.o
        64         16          0          0          0        248   dunder.o
       140         22          0          0          0        132   frexp.o
       228          8          0          0          0        308   ldexp.o
       266         16          0          0          0        308   narrow.o
        40         10          0          0          0        128   strtod.o

    ----------------------------------------------------------------------
     10146        458        524          0         96       8832   Library Totals
        16          0          3          0          0          0   (incl. Padding)

    ----------------------------------------------------------------------

      Code (inc. data)   RO Data    RW Data    ZI Data      Debug   Library Name

      8026        350        505          0         96       5436   c_w.l
      1366         36         16          0          0       2272   fz_wm.l
       738         72          0          0          0       1124   m_wm.l

    ----------------------------------------------------------------------
     10146        458        524          0         96       8832   Library Totals

    ----------------------------------------------------------------------

==============================================================================


      Code (inc. data)   RO Data    RW Data    ZI Data      Debug   

     31526       2110        974         68      13092     451585   Grand Totals
     31526       2110        974         68      13092     451585   ELF Image Totals
     31526       2110        974         68          0          0   ROM Totals

==============================================================================

    Total RO  Size (Code + RO Data)                32500 (  31.74kB)
    Total RW  Size (RW Data + ZI Data)             13160 (  12.85kB)
    Total ROM Size (Code + RO Data + RW Data)      32568 (  31.80kB)

==============================================================================

