<html>
<body>
<pre>
<h1>µVision Build Log</h1>
<h2>Tool Versions:</h2>
IDE-Version: ¦ÌVision V5.31.0.0
Copyright (C) 2020 ARM Ltd and ARM Germany GmbH. All rights reserved.
License Information: 1 1, 1, LIC=8VRJ7-EG6QS-SBLEJ-U7ZSR-8PH1A-D6ZD6
 
Tool Versions:
Toolchain:       MDK-ARM Plus  Version: 5.31.0.0
Toolchain Path:  D:\Keil_v5\ARM\ARMCC\Bin
C Compiler:      Armcc.exe V5.06 update 6 (build 750)
Assembler:       Armasm.exe V5.06 update 6 (build 750)
Linker/Locator:  ArmLink.exe V5.06 update 6 (build 750)
Library Manager: ArmAr.exe V5.06 update 6 (build 750)
Hex Converter:   FromElf.exe V5.06 update 6 (build 750)
CPU DLL:         SARMCM3.DLL V5.31.0.0
Dialog DLL:      DCM.DLL V1.17.3.0
Target DLL:      STLink\ST-LINKIII-KEIL_SWO.dll V3.0.7.0
Dialog DLL:      TCM.DLL V1.46.0.0
 
<h2>Project:</h2>
E:\waibao_job\20220120\APP\project.uvprojx
Project File Date:  01/13/2022

<h2>Output:</h2>
*** Using Compiler 'V5.06 update 6 (build 750)', folder: 'D:\Keil_v5\ARM\ARMCC\Bin'
Build target 'project'
compiling network_status_Task.c...
USER\my_print.h(13): warning:  #1-D: last line of file ends without a newline
  #endif
.\USER\wifi\wifi.h(84): warning:  #1295-D: Deprecated declaration wifi_jk2017_test - give arg types
  char wifi_jk2017_test();
.\USER\makedata.h(29): warning:  #1-D: last line of file ends without a newline
  #endif
.\USER\4G\4G.h(86): warning:  #1295-D: Deprecated declaration air724_4g_network_check - give arg types
  char air724_4g_network_check();
.\USER\4G\4G.h(88): warning:  #1295-D: Deprecated declaration air724_4g_connect_to_http_server - give arg types
  char air724_4g_connect_to_http_server();
USER\network_status_Task.c: 5 warnings, 0 errors
linking...
Program Size: Code=84828 RO-data=178832 RW-data=344 ZI-data=150680  
FromELF: creating hex file...
After Build - User command #2: fromelf --bin -o "E:\waibao_job\20220120\APP\Objects\485fw.bin" "E:\waibao_job\20220120\APP\Objects\485fw.axf"
".\Objects\485fw.axf" - 0 Error(s), 5 Warning(s).

<h2>Software Packages used:</h2>

Package Vendor: Keil
                http://www.keil.com/pack/Keil.STM32F4xx_DFP.2.7.0.pack
                Keil.STM32F4xx_DFP.2.7.0
                STMicroelectronics STM32F4 Series Device Support, Drivers and Examples

<h2>Collection of Component include folders:</h2>
  D:\Keil_v5\Arm\Packs\Keil\STM32F4xx_DFP\2.7.0\Drivers\CMSIS\Device\ST\STM32F4xx\Include

<h2>Collection of Component Files used:</h2>
Build Time Elapsed:  00:00:02
</pre>
</body>
</html>
